===== JuBat Debug Log 1764841218 =====
[SimpleCoupling初始化]
  模型: SPMe
  化学状态维度: 48
    - 负极颗粒节点: 11
    - 正极颗粒节点: 11
    - 电解质节点: 26
  温度场维度: 25218
  总状态向量维度: 25266
  初始温度: 298.0 K
[Solve] 简化耦合模式：状态向量维度 = 25266
[SimpleCoupling @ t=0.0s]
  T_avg = 298.0 K
  Q_total = 0.07450202282415934 W
  q_avg = 435.4653235467093 W/m^3
  V_cell = 162.80094840828772 V

[Solve] 初始化完成: V=4.18043923639323 V, t_end=3600.0
start to solve the problem 
[SimpleCoupling @ t=0.5s]
  T_avg = 298.00000001406363 K
  Q_total = 0.07450202268436164 W
  q_avg = 435.4653227295899 W/m^3
  V_cell = 162.80094838678 V
[SimpleCoupling @ t=1.5s]
  T_avg = 298.00019515551224 K
  Q_total = 0.07450020395074498 W
  q_avg = 435.4546922071853 W/m^3
  V_cell = 162.80065678112442 V
[SimpleCoupling @ t=3.5s]
  T_avg = 298.0005846178566 K
  Q_total = 0.07449707251219721 W
  q_avg = 435.4363889068361 W/m^3
  V_cell = 162.800109661419 V
[SimpleCoupling @ t=7.5s]
  T_avg = 298.00136192627474 K
  Q_total = 0.07449177727573647 W
  q_avg = 435.40543817863806 W/m^3
  V_cell = 162.79913295716196 V
[SimpleCoupling @ t=15.5s]
  T_avg = 298.0029147005732 K
  Q_total = 0.0744826231205658 W
  q_avg = 435.3519320187772 W/m^3
  V_cell = 162.79752592813696 V
[SimpleCoupling @ t=25.500000000000004s]
  T_avg = 298.006019278308 K
  Q_total = 0.07446652584188006 W
  q_avg = 435.25784320876386 W/m^3
  V_cell = 162.79515064947637 V
[SimpleCoupling @ t=35.50000000000001s]
  T_avg = 298.0098992616243 K
  Q_total = 0.07444871439028014 W
  q_avg = 435.1537350350556 W/m^3
  V_cell = 162.7930284891092 V
[SimpleCoupling @ t=45.50000000000001s]
  T_avg = 298.0137781757649 K
  Q_total = 0.07443253306084778 W
  q_avg = 435.0591549473 W/m^3
  V_cell = 162.79136783468948 V
[SimpleCoupling @ t=55.50000000000001s]
  T_avg = 298.0176561020276 K
  Q_total = 0.07441747574407144 W
  q_avg = 434.97114472860795 W/m^3
  V_cell = 162.78997040203015 V
[SimpleCoupling @ t=65.50000000000001s]
  T_avg = 298.02153309013784 K
  Q_total = 0.07440321454134402 W
  q_avg = 434.8877878072191 W/m^3
  V_cell = 162.7887493992087 V
[SimpleCoupling @ t=75.50000000000001s]
  T_avg = 298.0254092168243 K
  Q_total = 0.07438952694272681 W
  q_avg = 434.80778360955475 W/m^3
  V_cell = 162.78765530065817 V
[SimpleCoupling @ t=85.50000000000001s]
  T_avg = 298.02928451250983 K
  Q_total = 0.07437625485525001 W
  q_avg = 434.730208080084 W/m^3
  V_cell = 162.78665607925288 V
[SimpleCoupling @ t=95.50000000000001s]
  T_avg = 298.0331590128452 K
  Q_total = 0.07436328730303628 W
  q_avg = 434.65441256331405 W/m^3
  V_cell = 162.7857299893454 V
[SimpleCoupling @ t=105.50000000000001s]
  T_avg = 298.0370327365738 K
  Q_total = 0.07435054279339925 W
  q_avg = 434.5799207333992 W/m^3
  V_cell = 162.78486145506554 V
[SimpleCoupling @ t=115.50000000000001s]
  T_avg = 298.0409057020258 K
  Q_total = 0.07433796421536185 W
  q_avg = 434.50639877591163 W/m^3
  V_cell = 162.7840392797567 V
[SimpleCoupling @ t=125.50000000000001s]
  T_avg = 298.04477792078643 K
  Q_total = 0.0743255083748793 W
  q_avg = 434.4335942210799 W/m^3
  V_cell = 162.783254990707 V
[SimpleCoupling @ t=135.5s]
  T_avg = 298.0486494031707 K
  Q_total = 0.07431314545563937 W
  q_avg = 434.36133279215863 W/m^3
  V_cell = 162.78250232332445 V
[SimpleCoupling @ t=145.5s]
  T_avg = 298.05252015654565 K
  Q_total = 0.07430085203271573 W
  q_avg = 434.289477570139 W/m^3
  V_cell = 162.78177631515965 V
[SimpleCoupling @ t=155.49999999999997s]
  T_avg = 298.0563901872477 K
  Q_total = 0.07428861244980073 W
  q_avg = 434.21793704369264 W/m^3
  V_cell = 162.7810732387045 V
[SimpleCoupling @ t=165.49999999999997s]
  T_avg = 298.06025950020745 K
  Q_total = 0.07427641367125848 W
  q_avg = 434.1466350193528 W/m^3
  V_cell = 162.78038999909487 V
[SimpleCoupling @ t=175.49999999999994s]
  T_avg = 298.0641280996639 K
  Q_total = 0.07426424750615329 W
  q_avg = 434.0755236209904 W/m^3
  V_cell = 162.77972425549555 V
[SimpleCoupling @ t=185.49999999999994s]
  T_avg = 298.06799598913364 K
  Q_total = 0.07425210645641318 W
  q_avg = 434.00455902227407 W/m^3
  V_cell = 162.77907396148368 V
[SimpleCoupling @ t=195.49999999999994s]
  T_avg = 298.071863171697 K
  Q_total = 0.07423998631836698 W
  q_avg = 433.9337166526893 W/m^3
  V_cell = 162.7784375721217 V
[SimpleCoupling @ t=205.49999999999991s]
  T_avg = 298.07572965002896 K
  Q_total = 0.07422788258534303 W
  q_avg = 433.8629701706799 W/m^3
  V_cell = 162.7778136581308 V
[SimpleCoupling @ t=215.49999999999991s]
  T_avg = 298.07959542653333 K
  Q_total = 0.07421579320825414 W
  q_avg = 433.79230759930357 W/m^3
  V_cell = 162.77720115262372 V
[SimpleCoupling @ t=225.49999999999991s]
  T_avg = 298.08346050337593 K
  Q_total = 0.0742037153197962 W
  q_avg = 433.72171217912944 W/m^3
  V_cell = 162.776599006659 V
[SimpleCoupling @ t=235.49999999999994s]
  T_avg = 298.087324882548 K
  Q_total = 0.07419164804816844 W
  q_avg = 433.65117881447014 W/m^3
  V_cell = 162.7760064535684 V
[SimpleCoupling @ t=245.49999999999994s]
  T_avg = 298.09118856588555 K
  Q_total = 0.07417958943955569 W
  q_avg = 433.5806960852499 W/m^3
  V_cell = 162.77542268970802 V
[SimpleCoupling @ t=255.49999999999997s]
  T_avg = 298.09505155510635 K
  Q_total = 0.07416753927233752 W
  q_avg = 433.5102626960943 W/m^3
  V_cell = 162.77484714535922 V
[SimpleCoupling @ t=265.5s]
  T_avg = 298.0989138518273 K
  Q_total = 0.07415549611190744 W
  q_avg = 433.4398702617092 W/m^3
  V_cell = 162.77427918223032 V
[SimpleCoupling @ t=275.5s]
  T_avg = 298.1027754575819 K
  Q_total = 0.07414346009911119 W
  q_avg = 433.3695196053397 W/m^3
  V_cell = 162.77371836528673 V
[SimpleCoupling @ t=285.5s]
  T_avg = 298.106636373828 K
  Q_total = 0.07413143010163517 W
  q_avg = 433.2992041085978 W/m^3
  V_cell = 162.77316417241207 V
[SimpleCoupling @ t=295.50000000000006s]
  T_avg = 298.11049660196204 K
  Q_total = 0.07411940646375989 W
  q_avg = 433.22892578380754 W/m^3
  V_cell = 162.77261626424922 V
[SimpleCoupling @ t=305.50000000000006s]
  T_avg = 298.11435614332424 K
  Q_total = 0.07410738823434661 W
  q_avg = 433.15867907155024 W/m^3
  V_cell = 162.77207420340898 V
[SimpleCoupling @ t=315.50000000000006s]
  T_avg = 298.1182149992048 K
  Q_total = 0.07409537587197522 W
  q_avg = 433.0884666522316 W/m^3
  V_cell = 162.77153772082113 V
[SimpleCoupling @ t=325.50000000000006s]
  T_avg = 298.12207317084807 K
  Q_total = 0.07408336853793353 W
  q_avg = 433.0182836235675 W/m^3
  V_cell = 162.7710064429294 V
[SimpleCoupling @ t=335.5000000000001s]
  T_avg = 298.12593065945777 K
  Q_total = 0.07407136675440631 W
  q_avg = 432.9481330377351 W/m^3
  V_cell = 162.7704801537994 V
[SimpleCoupling @ t=345.5000000000001s]
  T_avg = 298.12978746620155 K
  Q_total = 0.07405936975532995 W
  q_avg = 432.8780104170821 W/m^3
  V_cell = 162.7699585293096 V
[SimpleCoupling @ t=355.5000000000001s]
  T_avg = 298.13364359221106 K
  Q_total = 0.0740473780972243 W
  q_avg = 432.80791901447463 W/m^3
  V_cell = 162.76944139466949 V
[SimpleCoupling @ t=365.5000000000001s]
  T_avg = 298.13749903858644 K
  Q_total = 0.0740353910631896 W
  q_avg = 432.73785463962395 W/m^3
  V_cell = 162.76892846493436 V
[SimpleCoupling @ t=375.50000000000017s]
  T_avg = 298.14135380640073 K
  Q_total = 0.07402340922692655 W
  q_avg = 432.6678206458183 W/m^3
  V_cell = 162.76841959780904 V
[SimpleCoupling @ t=385.50000000000017s]
  T_avg = 298.1452078966935 K
  Q_total = 0.07401143190651174 W
  q_avg = 432.59781304720633 W/m^3
  V_cell = 162.7679145399981 V
[SimpleCoupling @ t=395.50000000000017s]
  T_avg = 298.1490613104795 K
  Q_total = 0.07399945968266894 W
  q_avg = 432.5278352381261 W/m^3
  V_cell = 162.76741317529277 V
[SimpleCoupling @ t=405.50000000000017s]
  T_avg = 298.15291404875 K
  Q_total = 0.07398749189964987 W
  q_avg = 432.45788338572027 W/m^3
  V_cell = 162.76691527637928 V
[SimpleCoupling @ t=415.5000000000002s]
  T_avg = 298.1567661124694 K
  Q_total = 0.0739755291390924 W
  q_avg = 432.38796088966984 W/m^3
  V_cell = 162.7664207482751 V
[SimpleCoupling @ t=425.5000000000002s]
  T_avg = 298.16061750258365 K
  Q_total = 0.07396357076584693 W
  q_avg = 432.31806403751693 W/m^3
  V_cell = 162.76592938528756 V
[SimpleCoupling @ t=435.5000000000002s]
  T_avg = 298.1644682200136 K
  Q_total = 0.0739516173587779 W
  q_avg = 432.24819621273195 W/m^3
  V_cell = 162.76544110990073 V
[SimpleCoupling @ t=445.5000000000002s]
  T_avg = 298.16831826565874 K
  Q_total = 0.07393966829970293 W
  q_avg = 432.17835380203076 W/m^3
  V_cell = 162.76495573462495 V
[SimpleCoupling @ t=455.5000000000003s]
  T_avg = 298.1721676403997 K
  Q_total = 0.07392772416249435 W
  q_avg = 432.1085401597046 W/m^3
  V_cell = 162.76447319645567 V
[SimpleCoupling @ t=465.5000000000002s]
  T_avg = 298.1760163451006 K
  Q_total = 0.07391578434346585 W
  q_avg = 432.03875175719895 W/m^3
  V_cell = 162.76399332338565 V
[SimpleCoupling @ t=475.50000000000017s]
  T_avg = 298.17986438060336 K
  Q_total = 0.07390384941017776 W
  q_avg = 431.96899191191164 W/m^3
  V_cell = 162.76351606456436 V
[SimpleCoupling @ t=485.50000000000017s]
  T_avg = 298.18371174773614 K
  Q_total = 0.07389191877175104 W
  q_avg = 431.89925717014665 W/m^3
  V_cell = 162.763041261272 V
[SimpleCoupling @ t=495.5000000000001s]
  T_avg = 298.18755844730464 K
  Q_total = 0.07387999298866585 W
  q_avg = 431.8295508079181 W/m^3
  V_cell = 162.76256887291166 V
[SimpleCoupling @ t=505.50000000000006s]
  T_avg = 298.1914044801054 K
  Q_total = 0.07386807148162941 W
  q_avg = 431.75986943925193 W/m^3
  V_cell = 162.7620987522597 V
[SimpleCoupling @ t=515.5s]
  T_avg = 298.1952498469147 K
  Q_total = 0.07385615480361016 W
  q_avg = 431.69021629625604 W/m^3
  V_cell = 162.76163086742278 V
[SimpleCoupling @ t=525.5s]
  T_avg = 298.1990945484941 K
  Q_total = 0.07384424238601708 W
  q_avg = 431.62058805550834 W/m^3
  V_cell = 162.76116508119847 V
[SimpleCoupling @ t=535.5s]
  T_avg = 298.2029385855927 K
  Q_total = 0.07383233477410457 W
  q_avg = 431.55098790402803 W/m^3
  V_cell = 162.76070136912304 V
[SimpleCoupling @ t=545.4999999999999s]
  T_avg = 298.2067819589445 K
  Q_total = 0.07382043140928216 W
  q_avg = 431.4814125768463 W/m^3
  V_cell = 162.76023960278917 V
[SimpleCoupling @ t=555.4999999999999s]
  T_avg = 298.2106246692713 K
  Q_total = 0.07380853282903214 W
  q_avg = 431.4118652155546 W/m^3
  V_cell = 162.75977976410658 V
[SimpleCoupling @ t=565.4999999999999s]
  T_avg = 298.2144667172782 K
  Q_total = 0.07379663848422965 W
  q_avg = 431.34234261051046 W/m^3
  V_cell = 162.75932173243592 V
[SimpleCoupling @ t=575.4999999999999s]
  T_avg = 298.2183081036614 K
  Q_total = 0.07378474890460905 W
  q_avg = 431.27284785801845 W/m^3
  V_cell = 162.75886549518094 V
[SimpleCoupling @ t=585.4999999999998s]
  T_avg = 298.22214882910356 K
  Q_total = 0.07377286355005543 W
  q_avg = 431.20337780109963 W/m^3
  V_cell = 162.75841093860274 V
[SimpleCoupling @ t=595.4999999999998s]
  T_avg = 298.2259888942747 K
  Q_total = 0.07376098294263894 W
  q_avg = 431.1339354912611 W/m^3
  V_cell = 162.7579580548603 V
[SimpleCoupling @ t=605.4999999999998s]
  T_avg = 298.22982829983454 K
  Q_total = 0.07374910655088816 W
  q_avg = 431.0645178220452 W/m^3
  V_cell = 162.75750673638024 V
[SimpleCoupling @ t=615.4999999999997s]
  T_avg = 298.2336670464327 K
  Q_total = 0.07373723488930876 W
  q_avg = 430.99512780074457 W/m^3
  V_cell = 162.75705697945244 V
[SimpleCoupling @ t=625.4999999999997s]
  T_avg = 298.2375051347081 K
  Q_total = 0.07372536743475243 W
  q_avg = 430.9257623695502 W/m^3
  V_cell = 162.75660868204127 V
[SimpleCoupling @ t=635.4999999999997s]
  T_avg = 298.24134256528913 K
  Q_total = 0.07371350469429525 W
  q_avg = 430.8564244923287 W/m^3
  V_cell = 162.75616184403856 V
[SimpleCoupling @ t=645.4999999999995s]
  T_avg = 298.24517933879315 K
  Q_total = 0.07370164615283782 W
  q_avg = 430.7871111583171 W/m^3
  V_cell = 162.75571636840664 V
[SimpleCoupling @ t=655.4999999999995s]
  T_avg = 298.24901545582895 K
  Q_total = 0.07368979231016502 W
  q_avg = 430.71782528876474 W/m^3
  V_cell = 162.75527225818774 V
[SimpleCoupling @ t=665.4999999999995s]
  T_avg = 298.25285091699567 K
  Q_total = 0.07367794265897104 W
  q_avg = 430.64856391846234 W/m^3
  V_cell = 162.75482942087737 V
[SimpleCoupling @ t=675.4999999999994s]
  T_avg = 298.25668572288515 K
  Q_total = 0.07366609769188998 W
  q_avg = 430.5793299268628 W/m^3
  V_cell = 162.75438786228128 V
[SimpleCoupling @ t=685.4999999999994s]
  T_avg = 298.2605198740773 K
  Q_total = 0.07365425690918827 W
  q_avg = 430.5101203930168 W/m^3
  V_cell = 162.75394749402358 V
[SimpleCoupling @ t=695.4999999999994s]
  T_avg = 298.26435337114765 K
  Q_total = 0.07364242079649655 W
  q_avg = 430.4409381554418 W/m^3
  V_cell = 162.75350832434162 V
[SimpleCoupling @ t=705.4999999999993s]
  T_avg = 298.26818621465895 K
  Q_total = 0.07363058886144212 W
  q_avg = 430.37178033621296 W/m^3
  V_cell = 162.7530702686348 V
[SimpleCoupling @ t=715.4999999999993s]
  T_avg = 298.27201840517154 K
  Q_total = 0.073618761582795 W
  q_avg = 430.3026497337473 W/m^3
  V_cell = 162.7526333372855 V
[SimpleCoupling @ t=725.4999999999993s]
  T_avg = 298.2758499432315 K
  Q_total = 0.07360693847535318 W
  q_avg = 430.2335435120326 W/m^3
  V_cell = 162.75219744915998 V
[SimpleCoupling @ t=735.4999999999993s]
  T_avg = 298.2796808293811 K
  Q_total = 0.07359512001117674 W
  q_avg = 430.1644644302663 W/m^3
  V_cell = 162.75176261653493 V
[SimpleCoupling @ t=745.4999999999992s]
  T_avg = 298.2835110641587 K
  Q_total = 0.07358330571203353 W
  q_avg = 430.09540969317527 W/m^3
  V_cell = 162.75132876147197 V
[SimpleCoupling @ t=755.4999999999992s]
  T_avg = 298.28734064808987 K
  Q_total = 0.07357149604340929 W
  q_avg = 430.02638202152974 W/m^3
  V_cell = 162.75089589792557 V
[SimpleCoupling @ t=765.4999999999992s]
  T_avg = 298.2911695816986 K
  Q_total = 0.07355969053389401 W
  q_avg = 429.9573786599319 W/m^3
  V_cell = 162.7504639509117 V
[SimpleCoupling @ t=775.4999999999991s]
  T_avg = 298.2949978654979 K
  Q_total = 0.07354788964252283 W
  q_avg = 429.88840229144836 W/m^3
  V_cell = 162.75003293587224 V
[SimpleCoupling @ t=785.4999999999991s]
  T_avg = 298.2988254999953 K
  Q_total = 0.07353609290455661 W
  q_avg = 429.81945019967253 W/m^3
  V_cell = 162.74960278056457 V
[SimpleCoupling @ t=795.4999999999991s]
  T_avg = 298.30265248569606 K
  Q_total = 0.07352430077269799 W
  q_avg = 429.75052503065746 W/m^3
  V_cell = 162.74917350175036 V
[SimpleCoupling @ t=805.499999999999s]
  T_avg = 298.3064788230966 K
  Q_total = 0.07351251278871636 W
  q_avg = 429.68162410603907 W/m^3
  V_cell = 162.74874502973745 V
[SimpleCoupling @ t=815.499999999999s]
  T_avg = 298.3103045126861 K
  Q_total = 0.07350072939913001 W
  q_avg = 429.6127500357228 W/m^3
  V_cell = 162.74831738246144 V
[SimpleCoupling @ t=825.499999999999s]
  T_avg = 298.31412955495006 K
  Q_total = 0.07348895015207656 W
  q_avg = 429.5439001785669 W/m^3
  V_cell = 162.74789049260906 V
[SimpleCoupling @ t=835.4999999999989s]
  T_avg = 298.31795395036676 K
  Q_total = 0.07347717548799684 W
  q_avg = 429.47507710895405 W/m^3
  V_cell = 162.74746437915874 V
[SimpleCoupling @ t=845.4999999999989s]
  T_avg = 298.32177769941205 K
  Q_total = 0.0734654049612588 W
  q_avg = 429.4062782221588 W/m^3
  V_cell = 162.7470389770243 V
[SimpleCoupling @ t=855.4999999999989s]
  T_avg = 298.3256008025534 K
  Q_total = 0.07345363900634397 W
  q_avg = 429.33750605773156 W/m^3
  V_cell = 162.74661430611022 V
[SimpleCoupling @ t=865.4999999999987s]
  T_avg = 298.3294232602574 K
  Q_total = 0.07344187718372233 W
  q_avg = 429.2687580466135 W/m^3
  V_cell = 162.746190303418 V
[SimpleCoupling @ t=875.4999999999987s]
  T_avg = 298.33324507298204 K
  Q_total = 0.0734301199220246 W
  q_avg = 429.20003669415695 W/m^3
  V_cell = 162.74576698967675 V
[SimpleCoupling @ t=885.4999999999987s]
  T_avg = 298.33706624118145 K
  Q_total = 0.07341836678770834 W
  q_avg = 429.1313394663005 W/m^3
  V_cell = 162.7453443038485 V
[SimpleCoupling @ t=895.4999999999987s]
  T_avg = 298.3408867653056 K
  Q_total = 0.07340661820366048 W
  q_avg = 429.06266883482397 W/m^3
  V_cell = 162.74492226739474 V
[SimpleCoupling @ t=905.4999999999986s]
  T_avg = 298.34470664579965 K
  Q_total = 0.07339487374219987 W
  q_avg = 428.9940222999252 W/m^3
  V_cell = 162.74450082112494 V
[SimpleCoupling @ t=915.4999999999986s]
  T_avg = 298.34852588310565 K
  Q_total = 0.07338313382057353 W
  q_avg = 428.9254023004187 W/m^3
  V_cell = 162.74407998714904 V
[SimpleCoupling @ t=925.4999999999986s]
  T_avg = 298.35234447765896 K
  Q_total = 0.07337139801685122 W
  q_avg = 428.85680637011654 W/m^3
  V_cell = 162.74365970801904 V
[SimpleCoupling @ t=935.4999999999985s]
  T_avg = 298.3561624298946 K
  Q_total = 0.07335966674274069 W
  q_avg = 428.788236915456 W/m^3
  V_cell = 162.74324000642042 V
[SimpleCoupling @ t=945.4999999999985s]
  T_avg = 298.3599797402402 K
  Q_total = 0.07334793958194848 W
  q_avg = 428.7196915031963 W/m^3
  V_cell = 162.74282082655196 V
[SimpleCoupling @ t=955.4999999999985s]
  T_avg = 298.36379640911997 K
  Q_total = 0.0733362169407518 W
  q_avg = 428.6511725080332 W/m^3
  V_cell = 162.7424021916057 V
[SimpleCoupling @ t=965.4999999999984s]
  T_avg = 298.3676124369575 K
  Q_total = 0.07332449840837953 W
  q_avg = 428.58267752900383 W/m^3
  V_cell = 162.74198404734017 V
[SimpleCoupling @ t=975.4999999999984s]
  T_avg = 298.3714278241665 K
  Q_total = 0.0733127843857734 W
  q_avg = 428.51420890961816 W/m^3
  V_cell = 162.74156641739404 V
[SimpleCoupling @ t=985.4999999999984s]
  T_avg = 298.3752425711638 K
  Q_total = 0.0733010744675913 W
  q_avg = 428.445764280646 W/m^3
  V_cell = 162.74114924900405 V
[SimpleCoupling @ t=995.4999999999983s]
  T_avg = 298.37905667836014 K
  Q_total = 0.07328936904951233 W
  q_avg = 428.3773459548371 W/m^3
  V_cell = 162.74073256620022 V
[SimpleCoupling @ t=1005.4999999999983s]
  T_avg = 298.38287014616014 K
  Q_total = 0.0732776677315402 W
  q_avg = 428.3089515942076 W/m^3
  V_cell = 162.74031631762242 V
[SimpleCoupling @ t=1015.4999999999983s]
  T_avg = 298.38668297496844 K
  Q_total = 0.07326597090418932 W
  q_avg = 428.24058348131973 W/m^3
  V_cell = 162.7399005276421 V
[SimpleCoupling @ t=1025.4999999999982s]
  T_avg = 298.39049516518577 K
  Q_total = 0.07325427817269328 W
  q_avg = 428.1722393087583 W/m^3
  V_cell = 162.7394851462331 V
[SimpleCoupling @ t=1035.4999999999982s]
  T_avg = 298.39430671720834 K
  Q_total = 0.07324258992249638 W
  q_avg = 428.10392132945054 W/m^3
  V_cell = 162.73907019806273 V
[SimpleCoupling @ t=1045.4999999999982s]
  T_avg = 298.39811763143143 K
  Q_total = 0.07323090576397402 W
  q_avg = 428.0356272660354 W/m^3
  V_cell = 162.73865563437482 V
[SimpleCoupling @ t=1055.4999999999982s]
  T_avg = 298.4019279082442 K
  Q_total = 0.07321922607758113 W
  q_avg = 427.96735934227706 W/m^3
  V_cell = 162.73824148008973 V
[SimpleCoupling @ t=1065.4999999999982s]
  T_avg = 298.4057375480369 K
  Q_total = 0.07320755047874646 W
  q_avg = 427.8991153103513 W/m^3
  V_cell = 162.7378276876619 V
[SimpleCoupling @ t=1075.499999999998s]
  T_avg = 298.4095465511963 K
  Q_total = 0.07319587934300519 W
  q_avg = 427.8308973652664 W/m^3
  V_cell = 162.7374142822271 V
[SimpleCoupling @ t=1085.499999999998s]
  T_avg = 298.41335491810406 K
  Q_total = 0.07318421229076319 W
  q_avg = 427.76270328828963 W/m^3
  V_cell = 162.7370012173943 V
[SimpleCoupling @ t=1095.499999999998s]
  T_avg = 298.417162649138 K
  Q_total = 0.073172549692734 W
  q_avg = 427.6945352462465 W/m^3
  V_cell = 162.73658851847958 V
[SimpleCoupling @ t=1105.499999999998s]
  T_avg = 298.4209697446778 K
  Q_total = 0.07316089117419987 W
  q_avg = 427.6263910489067 W/m^3
  V_cell = 162.73617614019417 V
[SimpleCoupling @ t=1115.499999999998s]
  T_avg = 298.42477620509754 K
  Q_total = 0.07314923710111677 W
  q_avg = 427.558272835288 W/m^3
  V_cell = 162.7357641080029 V
[SimpleCoupling @ t=1125.499999999998s]
  T_avg = 298.4285820307683 K
  Q_total = 0.07313758710357966 W
  q_avg = 427.4901784432902 W/m^3
  V_cell = 162.73535237767075 V
[SimpleCoupling @ t=1135.499999999998s]
  T_avg = 298.43238722206087 K
  Q_total = 0.0731259415428632 W
  q_avg = 427.42210998456864 W/m^3
  V_cell = 162.73494097478104 V
[SimpleCoupling @ t=1145.4999999999977s]
  T_avg = 298.4361917793424 K
  Q_total = 0.07311430005378257 W
  q_avg = 427.3540653246132 W/m^3
  V_cell = 162.73452985610783 V
[SimpleCoupling @ t=1155.4999999999977s]
  T_avg = 298.4399957029772 K
  Q_total = 0.0731026629930134 W
  q_avg = 427.28604654819776 W/m^3
  V_cell = 162.7341190473251 V
[SimpleCoupling @ t=1165.4999999999977s]
  T_avg = 298.4437989933289 K
  Q_total = 0.07309103000001546 W
  q_avg = 427.21805154795965 W/m^3
  V_cell = 162.73370850617286 V
[SimpleCoupling @ t=1175.4999999999977s]
  T_avg = 298.4476016507581 K
  Q_total = 0.07307940142692991 W
  q_avg = 427.1500823821688 W/m^3
  V_cell = 162.73329825839218 V
[SimpleCoupling @ t=1185.4999999999977s]
  T_avg = 298.4514036756241 K
  Q_total = 0.0730677769177878 W
  q_avg = 427.08213697018203 W/m^3
  V_cell = 162.73288826264803 V
[SimpleCoupling @ t=1195.4999999999977s]
  T_avg = 298.4552050682806 K
  Q_total = 0.07305615682027537 W
  q_avg = 427.01421734422985 W/m^3
  V_cell = 162.7324785447249 V
[SimpleCoupling @ t=1205.4999999999975s]
  T_avg = 298.45900582908246 K
  Q_total = 0.07304454078292245 W
  q_avg = 426.94632144996456 W/m^3
  V_cell = 162.73206906417627 V
[SimpleCoupling @ t=1215.4999999999975s]
  T_avg = 298.46280595838266 K
  Q_total = 0.07303292914901342 W
  q_avg = 426.8784512938879 W/m^3
  V_cell = 162.731659846809 V
[SimpleCoupling @ t=1225.4999999999975s]
  T_avg = 298.4666054565287 K
  Q_total = 0.07302132157151375 W
  q_avg = 426.8106048475785 W/m^3
  V_cell = 162.7312508530281 V
[SimpleCoupling @ t=1235.4999999999975s]
  T_avg = 298.47040432387064 K
  Q_total = 0.07300971838937897 W
  q_avg = 426.74278409223575 W/m^3
  V_cell = 162.73084210864377 V
[SimpleCoupling @ t=1245.4999999999975s]
  T_avg = 298.47420256075554 K
  Q_total = 0.07299811925992278 W
  q_avg = 426.6749870248538 W/m^3
  V_cell = 162.7304335748798 V
[SimpleCoupling @ t=1255.4999999999975s]
  T_avg = 298.4780001675253 K
  Q_total = 0.07298652451785177 W
  q_avg = 426.6072156017972 W/m^3
  V_cell = 162.730025277531 V
[SimpleCoupling @ t=1265.4999999999973s]
  T_avg = 298.4817971445241 K
  Q_total = 0.0729749338247669 W
  q_avg = 426.5394678451188 W/m^3
  V_cell = 162.72961717860858 V
[SimpleCoupling @ t=1275.4999999999973s]
  T_avg = 298.4855934920907 K
  Q_total = 0.07296334751117695 W
  q_avg = 426.47174568664707 W/m^3
  V_cell = 162.72920930387573 V
[SimpleCoupling @ t=1285.4999999999973s]
  T_avg = 298.48938921056526 K
  Q_total = 0.07295176524290684 W
  q_avg = 426.4040471731241 W/m^3
  V_cell = 162.72880161610084 V
[SimpleCoupling @ t=1295.4999999999973s]
  T_avg = 298.49318430028615 K
  Q_total = 0.07294018734632408 W
  q_avg = 426.3363742121725 W/m^3
  V_cell = 162.72839414099965 V
[SimpleCoupling @ t=1305.4999999999973s]
  T_avg = 298.4969787615855 K
  Q_total = 0.07292861349142349 W
  q_avg = 426.26872487490726 W/m^3
  V_cell = 162.72798684207015 V
[SimpleCoupling @ t=1315.4999999999973s]
  T_avg = 298.5007725947986 K
  Q_total = 0.07291704400049996 W
  q_avg = 426.20110104514663 W/m^3
  V_cell = 162.72757974496702 V
[SimpleCoupling @ t=1325.4999999999973s]
  T_avg = 298.50456580025883 K
  Q_total = 0.07290547854763084 W
  q_avg = 426.1335008178682 W/m^3
  V_cell = 162.72717281389058 V
[SimpleCoupling @ t=1335.499999999997s]
  T_avg = 298.50835837829777 K
  Q_total = 0.07289391745109998 W
  q_avg = 426.0659260534454 W/m^3
  V_cell = 162.72676607442114 V
[SimpleCoupling @ t=1345.499999999997s]
  T_avg = 298.5121503292419 K
  Q_total = 0.07288236038902784 W
  q_avg = 425.998374870488 W/m^3
  V_cell = 162.7263594914365 V
[SimpleCoupling @ t=1355.499999999997s]
  T_avg = 298.5159416534209 K
  Q_total = 0.07287080767574214 W
  q_avg = 425.93084910624566 W/m^3
  V_cell = 162.72595309043066 V
[SimpleCoupling @ t=1365.499999999997s]
  T_avg = 298.519732351157 K
  Q_total = 0.0728592589933381 W
  q_avg = 425.86334690256075 W/m^3
  V_cell = 162.72554683693525 V
[SimpleCoupling @ t=1375.499999999997s]
  T_avg = 298.52352242277806 K
  Q_total = 0.07284771465224597 W
  q_avg = 425.7958700739023 W/m^3
  V_cell = 162.72514075634663 V
[SimpleCoupling @ t=1385.499999999997s]
  T_avg = 298.5273118686071 K
  Q_total = 0.07283617433846284 W
  q_avg = 425.7284167849189 W/m^3
  V_cell = 162.72473481482686 V
[SimpleCoupling @ t=1395.4999999999968s]
  T_avg = 298.531100688964 K
  Q_total = 0.07282463835859498 W
  q_avg = 425.66098882772854 W/m^3
  V_cell = 162.7243290376655 V
[SimpleCoupling @ t=1405.4999999999968s]
  T_avg = 298.53488888417195 K
  Q_total = 0.07281310640248483 W
  q_avg = 425.5935843894559 W/m^3
  V_cell = 162.723923391634 V
[SimpleCoupling @ t=1415.4999999999968s]
  T_avg = 298.5386764545466 K
  Q_total = 0.07280157877296049 W
  q_avg = 425.52620524013554 W/m^3
  V_cell = 162.72351790190496 V
[SimpleCoupling @ t=1425.4999999999968s]
  T_avg = 298.5424634004051 K
  Q_total = 0.07279005516367067 W
  q_avg = 425.4588495891398 W/m^3
  V_cell = 162.72311253583842 V
[SimpleCoupling @ t=1435.4999999999968s]
  T_avg = 298.5462497220656 K
  Q_total = 0.07277853587370106 W
  q_avg = 425.39151918462875 W/m^3
  V_cell = 162.72270731848232 V
[SimpleCoupling @ t=1445.4999999999968s]
  T_avg = 298.55003541984445 K
  Q_total = 0.07276702060043704 W
  q_avg = 425.3242122578157 W/m^3
  V_cell = 162.722302217766 V
[SimpleCoupling @ t=1455.4999999999968s]
  T_avg = 298.55382049405245 K
  Q_total = 0.07275550963930225 W
  q_avg = 425.256930535456 W/m^3
  V_cell = 162.72189725860412 V
[SimpleCoupling @ t=1465.4999999999966s]
  T_avg = 298.5576049450058 K
  Q_total = 0.07274400269136297 W
  q_avg = 425.18967227027787 W/m^3
  V_cell = 162.72149240947763 V
[SimpleCoupling @ t=1475.4999999999966s]
  T_avg = 298.5613887730097 K
  Q_total = 0.07273250004842872 W
  q_avg = 425.122439167912 W/m^3
  V_cell = 162.72108769516058 V
[SimpleCoupling @ t=1485.4999999999966s]
  T_avg = 298.56517197838156 K
  Q_total = 0.07272100141518924 W
  q_avg = 425.0552295022657 W/m^3
  V_cell = 162.72068308466763 V
[SimpleCoupling @ t=1495.4999999999966s]
  T_avg = 298.56895456142377 K
  Q_total = 0.07270950707988486 W
  q_avg = 424.98804495810793 W/m^3
  V_cell = 162.7202786026261 V
[SimpleCoupling @ t=1505.4999999999966s]
  T_avg = 298.5727365224498 K
  Q_total = 0.07269801675078909 W
  q_avg = 424.92088383029323 W/m^3
  V_cell = 162.71987421856804 V
[SimpleCoupling @ t=1515.4999999999966s]
  T_avg = 298.5765178617632 K
  Q_total = 0.07268653071261395 W
  q_avg = 424.8537477829672 W/m^3
  V_cell = 162.71946995696723 V
[SimpleCoupling @ t=1525.4999999999964s]
  T_avg = 298.5802985796684 K
  Q_total = 0.07267504867717929 W
  q_avg = 424.786635131713 W/m^3
  V_cell = 162.7190657878574 V
[SimpleCoupling @ t=1535.4999999999964s]
  T_avg = 298.58407867647196 K
  Q_total = 0.07266357092571338 W
  q_avg = 424.7195475203137 W/m^3
  V_cell = 162.71866173555424 V
[SimpleCoupling @ t=1545.4999999999964s]
  T_avg = 298.5878581524769 K
  Q_total = 0.07265209717351198 W
  q_avg = 424.65248328466913 W/m^3
  V_cell = 162.71825777057734 V
[SimpleCoupling @ t=1555.4999999999964s]
  T_avg = 298.5916370079849 K
  Q_total = 0.07264062769838903 W
  q_avg = 424.5854440486055 W/m^3
  V_cell = 162.71785391707942 V
[SimpleCoupling @ t=1565.4999999999964s]
  T_avg = 298.59541524329734 K
  Q_total = 0.0726291622190675 W
  q_avg = 424.5184281680548 W/m^3
  V_cell = 162.71745014605193 V
[SimpleCoupling @ t=1575.4999999999964s]
  T_avg = 298.59919285871473 K
  Q_total = 0.07261770100998599 W
  q_avg = 424.45143724711437 W/m^3
  V_cell = 162.7170464814801 V
[SimpleCoupling @ t=1585.4999999999961s]
  T_avg = 298.6029698545353 K
  Q_total = 0.07260624379324973 W
  q_avg = 424.3844696614855 W/m^3
  V_cell = 162.716642894813 V
[SimpleCoupling @ t=1595.4999999999961s]
  T_avg = 298.6067462310581 K
  Q_total = 0.07259479083996973 W
  q_avg = 424.3175269958157 W/m^3
  V_cell = 162.7162394098643 V
[SimpleCoupling @ t=1605.4999999999961s]
  T_avg = 298.61052198858073 K
  Q_total = 0.07258334187557905 W
  q_avg = 424.25060764525756 W/m^3
  V_cell = 162.71583599852897 V
[SimpleCoupling @ t=1615.4999999999961s]
  T_avg = 298.6142971273995 K
  Q_total = 0.0725718971679116 W
  q_avg = 424.1837131753038 W/m^3
  V_cell = 162.71543268444464 V
[SimpleCoupling @ t=1625.4999999999961s]
  T_avg = 298.6180716478087 K
  Q_total = 0.07256045644568847 W
  q_avg = 424.1168420003256 W/m^3
  V_cell = 162.71502943993866 V
[SimpleCoupling @ t=1635.4999999999961s]
  T_avg = 298.62184555010253 K
  Q_total = 0.07254901997350965 W
  q_avg = 424.0499956669135 W/m^3
  V_cell = 162.71462628847115 V
[SimpleCoupling @ t=1645.4999999999961s]
  T_avg = 298.62561883457425 K
  Q_total = 0.07253758748333285 W
  q_avg = 423.9831726083566 W/m^3
  V_cell = 162.71422320278967 V
[SimpleCoupling @ t=1655.499999999996s]
  T_avg = 298.62939150151806 K
  Q_total = 0.07252615923656425 W
  q_avg = 423.91637435257763 W/m^3
  V_cell = 162.71382020617276 V
[SimpleCoupling @ t=1665.499999999996s]
  T_avg = 298.63316355122447 K
  Q_total = 0.07251473496835607 W
  q_avg = 423.84959935153773 W/m^3
  V_cell = 162.7134172717776 V
[SimpleCoupling @ t=1675.499999999996s]
  T_avg = 298.63693498398305 K
  Q_total = 0.07250331493697748 W
  q_avg = 423.7828491148236 W/m^3
  V_cell = 162.71301442269893 V
[SimpleCoupling @ t=1685.499999999996s]
  T_avg = 298.6407058000846 K
  Q_total = 0.07249189888072322 W
  q_avg = 423.71612211276454 W/m^3
  V_cell = 162.71261163249255 V
[SimpleCoupling @ t=1695.499999999996s]
  T_avg = 298.64447599981906 K
  Q_total = 0.07248048705475545 W
  q_avg = 423.6494198367869 W/m^3
  V_cell = 162.71220892406672 V
[SimpleCoupling @ t=1705.499999999996s]
  T_avg = 298.6482455834758 K
  Q_total = 0.07246907920047227 W
  q_avg = 423.58274077535896 W/m^3
  V_cell = 162.71180627136562 V
[SimpleCoupling @ t=1715.4999999999957s]
  T_avg = 298.65201455134024 K
  Q_total = 0.07245767556998431 W
  q_avg = 423.51608640207075 W/m^3
  V_cell = 162.7114036971094 V
[SimpleCoupling @ t=1725.4999999999957s]
  T_avg = 298.65578290369797 K
  Q_total = 0.0724462759077569 W
  q_avg = 423.44945522331875 W/m^3
  V_cell = 162.71100117562042 V
[SimpleCoupling @ t=1735.4999999999957s]
  T_avg = 298.6595506408353 K
  Q_total = 0.07243488046287656 W
  q_avg = 423.382848695017 W/m^3
  V_cell = 162.7105987294294 V
[SimpleCoupling @ t=1745.4999999999957s]
  T_avg = 298.6633177630376 K
  Q_total = 0.07242348898282361 W
  q_avg = 423.31626534118453 W/m^3
  V_cell = 162.7101963332272 V
[SimpleCoupling @ t=1755.4999999999957s]
  T_avg = 298.66708427059 K
  Q_total = 0.07241210171370753 W
  q_avg = 423.24970660033466 W/m^3
  V_cell = 162.70979400935315 V
[SimpleCoupling @ t=1765.4999999999957s]
  T_avg = 298.67085016377547 K
  Q_total = 0.07240071840598868 W
  q_avg = 423.1831710139047 W/m^3
  V_cell = 162.70939173285817 V
[SimpleCoupling @ t=1775.4999999999957s]
  T_avg = 298.6746154428748 K
  Q_total = 0.07238933930284841 W
  q_avg = 423.116660003293 W/m^3
  V_cell = 162.7089895258893 V
[SimpleCoupling @ t=1785.4999999999955s]
  T_avg = 298.6783801081701 K
  Q_total = 0.07237796415768108 W
  q_avg = 423.05017212708634 W/m^3
  V_cell = 162.70858736384784 V
[SimpleCoupling @ t=1795.4999999999955s]
  T_avg = 298.68214415994527 K
  Q_total = 0.07236659321076108 W
  q_avg = 422.98370878969166 W/m^3
  V_cell = 162.70818526868797 V
[SimpleCoupling @ t=1805.4999999999957s]
  T_avg = 298.6859075984787 K
  Q_total = 0.07235522621838425 W
  q_avg = 422.91726856665485 W/m^3
  V_cell = 162.70778321615364 V
[SimpleCoupling @ t=1815.4999999999957s]
  T_avg = 298.6896704240493 K
  Q_total = 0.07234386341797833 W
  q_avg = 422.85085284574427 W/m^3
  V_cell = 162.70738122800466 V
[SimpleCoupling @ t=1825.4999999999957s]
  T_avg = 298.69343263693685 K
  Q_total = 0.0723325045686884 W
  q_avg = 422.7844602191597 W/m^3
  V_cell = 162.70697928031967 V
[SimpleCoupling @ t=1835.4999999999955s]
  T_avg = 298.69719423741867 K
  Q_total = 0.07232114990512516 W
  q_avg = 422.71809205820387 W/m^3
  V_cell = 162.70657739466404 V
[SimpleCoupling @ t=1845.4999999999955s]
  T_avg = 298.7009552257741 K
  Q_total = 0.072309799189248 W
  q_avg = 422.65174697152617 W/m^3
  V_cell = 162.70617554744305 V
[SimpleCoupling @ t=1855.4999999999955s]
  T_avg = 298.7047156022815 K
  Q_total = 0.07229845265288261 W
  q_avg = 422.5854263141508 W/m^3
  V_cell = 162.70577376002723 V
[SimpleCoupling @ t=1865.4999999999955s]
  T_avg = 298.70847536721345 K
  Q_total = 0.0722871100607815 W
  q_avg = 422.5191287110532 W/m^3
  V_cell = 162.70537200914097 V
[SimpleCoupling @ t=1875.4999999999955s]
  T_avg = 298.7122345208476 K
  Q_total = 0.07227577164202642 W
  q_avg = 422.4528555012191 W/m^3
  V_cell = 162.70497031596 V
[SimpleCoupling @ t=1885.4999999999955s]
  T_avg = 298.71599306345564 K
  Q_total = 0.07226443716411006 W
  q_avg = 422.3866053256403 W/m^3
  V_cell = 162.7045686575212 V
[SimpleCoupling @ t=1895.4999999999955s]
  T_avg = 298.71975099531437 K
  Q_total = 0.07225310685340833 W
  q_avg = 422.32037950748685 W/m^3
  V_cell = 162.70416705480415 V
[SimpleCoupling @ t=1905.4999999999952s]
  T_avg = 298.7235083166972 K
  Q_total = 0.07224178048011046 W
  q_avg = 422.25417670351186 W/m^3
  V_cell = 162.70376548515202 V
[SimpleCoupling @ t=1915.4999999999952s]
  T_avg = 298.72726502787646 K
  Q_total = 0.07223045826793195 W
  q_avg = 422.1879982213354 W/m^3
  V_cell = 162.70336396934943 V
[SimpleCoupling @ t=1925.4999999999952s]
  T_avg = 298.7310211291251 K
  Q_total = 0.07221913998972705 W
  q_avg = 422.1218427332875 W/m^3
  V_cell = 162.70296248503774 V
[SimpleCoupling @ t=1935.4999999999952s]
  T_avg = 298.7347766207152 K
  Q_total = 0.07220782586657633 W
  q_avg = 422.05571153158706 W/m^3
  V_cell = 162.7025610528069 V
[SimpleCoupling @ t=1945.4999999999952s]
  T_avg = 298.7385315029148 K
  Q_total = 0.07219651567397525 W
  q_avg = 421.98960330400206 W/m^3
  V_cell = 162.70215965059114 V
[SimpleCoupling @ t=1955.4999999999952s]
  T_avg = 298.7422857759994 K
  Q_total = 0.07218520963039451 W
  q_avg = 421.9235193274966 W/m^3
  V_cell = 162.7017582987855 V
[SimpleCoupling @ t=1965.499999999995s]
  T_avg = 298.7460394402343 K
  Q_total = 0.07217390751392995 W
  q_avg = 421.85745830503794 W/m^3
  V_cell = 162.7013569756105 V
[SimpleCoupling @ t=1975.499999999995s]
  T_avg = 298.7497924958906 K
  Q_total = 0.07216260954049827 W
  q_avg = 421.7914214986621 W/m^3
  V_cell = 162.70095570126765 V
[SimpleCoupling @ t=1985.499999999995s]
  T_avg = 298.7535449432364 K
  Q_total = 0.07215131549074554 W
  q_avg = 421.7254076262423 W/m^3
  V_cell = 162.70055445425777 V
[SimpleCoupling @ t=1995.499999999995s]
  T_avg = 298.7572967825386 K
  Q_total = 0.07214002557806824 W
  q_avg = 421.65941793508404 W/m^3
  V_cell = 162.70015325458866 V
[SimpleCoupling @ t=2005.499999999995s]
  T_avg = 298.76104801406785 K
  Q_total = 0.07212873958563021 W
  q_avg = 421.5934511577769 W/m^3
  V_cell = 162.69975208103637 V
[SimpleCoupling @ t=2015.499999999995s]
  T_avg = 298.76479863808714 K
  Q_total = 0.07211745772433924 W
  q_avg = 421.52750852707976 W/m^3
  V_cell = 162.6993509534154 V
[SimpleCoupling @ t=2025.4999999999948s]
  T_avg = 298.7685486548644 K
  Q_total = 0.07210617977985692 W
  q_avg = 421.46158879018185 W/m^3
  V_cell = 162.6989498507715 V
[SimpleCoupling @ t=2035.4999999999948s]
  T_avg = 298.77229806466727 K
  Q_total = 0.07209490596061449 W
  q_avg = 421.39569316536637 W/m^3
  V_cell = 162.69854879272717 V
[SimpleCoupling @ t=2045.4999999999948s]
  T_avg = 298.7760468677589 K
  Q_total = 0.07208363605474293 W
  q_avg = 421.3298204142562 W/m^3
  V_cell = 162.69814775859214 V
[SimpleCoupling @ t=2055.499999999995s]
  T_avg = 298.7797950644049 K
  Q_total = 0.07207237026824735 W
  q_avg = 421.263971740954 W/m^3
  V_cell = 162.69774676779784 V
[SimpleCoupling @ t=2065.4999999999945s]
  T_avg = 298.7835426548697 K
  Q_total = 0.0720611083916793 W
  q_avg = 421.1981459212306 W/m^3
  V_cell = 162.69734579991277 V
[SimpleCoupling @ t=2075.4999999999945s]
  T_avg = 298.7872896394169 K
  Q_total = 0.07204985062864912 W
  q_avg = 421.13234414519127 W/m^3
  V_cell = 162.69694487417797 V
[SimpleCoupling @ t=2085.4999999999945s]
  T_avg = 298.79103601830667 K
  Q_total = 0.07203859677211227 W
  q_avg = 421.066565202658 W/m^3
  V_cell = 162.6965439704164 V
[SimpleCoupling @ t=2095.4999999999945s]
  T_avg = 298.7947817918065 K
  Q_total = 0.07202734702330098 W
  q_avg = 421.00081026983565 W/m^3
  V_cell = 162.69614310767966 V
[SimpleCoupling @ t=2105.4999999999945s]
  T_avg = 298.79852696017394 K
  Q_total = 0.07201610117753783 W
  q_avg = 420.93507815038214 W/m^3
  V_cell = 162.69574226603984 V
[SimpleCoupling @ t=2115.4999999999945s]
  T_avg = 298.80227152367166 K
  Q_total = 0.07200485943373076 W
  q_avg = 420.869370006917 W/m^3
  V_cell = 162.69534146436024 V
[SimpleCoupling @ t=2125.4999999999945s]
  T_avg = 298.8060154825606 K
  Q_total = 0.07199362158952333 W
  q_avg = 420.803684656664 W/m^3
  V_cell = 162.69494068295825 V
[SimpleCoupling @ t=2135.4999999999945s]
  T_avg = 298.80975883710295 K
  Q_total = 0.07198238784151852 W
  q_avg = 420.73802324877045 W/m^3
  V_cell = 162.69453994050943 V
[SimpleCoupling @ t=2145.4999999999945s]
  T_avg = 298.8135015875571 K
  Q_total = 0.07197115798966526 W
  q_avg = 420.6723846139349 W/m^3
  V_cell = 162.6941392175714 V
[SimpleCoupling @ t=2155.4999999999945s]
  T_avg = 298.81724373418365 K
  Q_total = 0.07195993222829478 W
  q_avg = 420.6067698880262 W/m^3
  V_cell = 162.6937385326339 V
[SimpleCoupling @ t=2165.4999999999945s]
  T_avg = 298.8209852772411 K
  Q_total = 0.07194871035962405 W
  q_avg = 420.54117791499976 W/m^3
  V_cell = 162.69333786649068 V
[SimpleCoupling @ t=2175.4999999999945s]
  T_avg = 298.8247262169883 K
  Q_total = 0.07193749257574375 W
  q_avg = 420.4756098176282 W/m^3
  V_cell = 162.69293723744647 V
[SimpleCoupling @ t=2185.499999999994s]
  T_avg = 298.8284665536839 K
  Q_total = 0.07192627868110908 W
  q_avg = 420.4100644529496 W/m^3
  V_cell = 162.69253662652696 V
[SimpleCoupling @ t=2195.499999999994s]
  T_avg = 298.83220628758573 K
  Q_total = 0.07191506886559633 W
  q_avg = 420.3445429307933 W/m^3
  V_cell = 162.69213605185305 V
[SimpleCoupling @ t=2205.499999999994s]
  T_avg = 298.8359454189495 K
  Q_total = 0.07190386293587762 W
  q_avg = 420.27904412115544 W/m^3
  V_cell = 162.69173549467834 V
[SimpleCoupling @ t=2215.499999999994s]
  T_avg = 298.83968394803094 K
  Q_total = 0.07189266107964815 W
  q_avg = 420.21356912111673 W/m^3
  V_cell = 162.69133497294172 V
[SimpleCoupling @ t=2225.499999999994s]
  T_avg = 298.8434218750895 K
  Q_total = 0.07188146310574967 W
  q_avg = 420.1481168133549 W/m^3
  V_cell = 162.69093446812016 V
[SimpleCoupling @ t=2235.499999999994s]
  T_avg = 298.84715920038036 K
  Q_total = 0.07187026919972081 W
  q_avg = 420.08268828234554 W/m^3
  V_cell = 162.69053399797198 V
[SimpleCoupling @ t=2245.499999999994s]
  T_avg = 298.8508959241547 K
  Q_total = 0.07185907917257668 W
  q_avg = 420.0172824234695 W/m^3
  V_cell = 162.690133544194 V
[SimpleCoupling @ t=2255.499999999994s]
  T_avg = 298.85463204667144 K
  Q_total = 0.07184789320771506 W
  q_avg = 419.95190030868935 W/m^3
  V_cell = 162.68973312436495 V
[SimpleCoupling @ t=2265.499999999994s]
  T_avg = 298.8583675681834 K
  Q_total = 0.07183671111827095 W
  q_avg = 419.88654084577644 W/m^3
  V_cell = 162.6893327203981 V
[SimpleCoupling @ t=2275.499999999994s]
  T_avg = 298.86210248894474 K
  Q_total = 0.07182553308555134 W
  q_avg = 419.82120509447276 W/m^3
  V_cell = 162.68893234969397 V
[SimpleCoupling @ t=2285.499999999994s]
  T_avg = 298.86583680920944 K
  Q_total = 0.07181435892478445 W
  q_avg = 419.75589197478473 W/m^3
  V_cell = 162.68853199437854 V
[SimpleCoupling @ t=2295.499999999994s]
  T_avg = 298.8695705292294 K
  Q_total = 0.07180318881520771 W
  q_avg = 419.6906025343575 W/m^3
  V_cell = 162.68813167167534 V
[SimpleCoupling @ t=2305.499999999994s]
  T_avg = 298.8733036492578 K
  Q_total = 0.07179202257412007 W
  q_avg = 419.6253357053009 W/m^3
  V_cell = 162.68773136392002 V
[SimpleCoupling @ t=2315.4999999999936s]
  T_avg = 298.8770361695487 K
  Q_total = 0.07178086037870532 W
  q_avg = 419.5600925232568 W/m^3
  V_cell = 162.68733108816065 V
[SimpleCoupling @ t=2325.4999999999936s]
  T_avg = 298.88076809035243 K
  Q_total = 0.07176970204831111 W
  q_avg = 419.49487193230954 W/m^3
  V_cell = 162.68693082693866 V
[SimpleCoupling @ t=2335.4999999999936s]
  T_avg = 298.8844994119195 K
  Q_total = 0.07175854775810885 W
  q_avg = 419.4296749563385 W/m^3
  V_cell = 162.68653059712827 V
[SimpleCoupling @ t=2345.4999999999936s]
  T_avg = 298.88823013450235 K
  Q_total = 0.0717473973294559 W
  q_avg = 419.364500551175 W/m^3
  V_cell = 162.68613038147367 V
[SimpleCoupling @ t=2355.4999999999936s]
  T_avg = 298.89196025835287 K
  Q_total = 0.07173625093552473 W
  q_avg = 419.29934972901447 W/m^3
  V_cell = 162.68573019667676 V
[SimpleCoupling @ t=2365.4999999999936s]
  T_avg = 298.89568978371983 K
  Q_total = 0.07172510839967146 W
  q_avg = 419.23422145737106 W/m^3
  V_cell = 162.68533002568077 V
[SimpleCoupling @ t=2375.4999999999936s]
  T_avg = 298.8994187108505 K
  Q_total = 0.07171396989311055 W
  q_avg = 419.1691167369956 W/m^3
  V_cell = 162.6849298850167 V
[SimpleCoupling @ t=2385.4999999999936s]
  T_avg = 298.9031470399991 K
  Q_total = 0.0717028352411476 W
  q_avg = 419.1040345467969 W/m^3
  V_cell = 162.6845297578244 V
[SimpleCoupling @ t=2395.4999999999936s]
  T_avg = 298.9068747714107 K
  Q_total = 0.07169170461305843 W
  q_avg = 419.03897587619457 W/m^3
  V_cell = 162.6841296604652 V
[SimpleCoupling @ t=2405.4999999999936s]
  T_avg = 298.91060190533403 K
  Q_total = 0.0716805778361009 W
  q_avg = 418.9739397155084 W/m^3
  V_cell = 162.6837295762724 V
[SimpleCoupling @ t=2415.4999999999936s]
  T_avg = 298.914328442019 K
  Q_total = 0.07166945507761883 W
  q_avg = 418.9089270428651 W/m^3
  V_cell = 162.68332952143942 V
[SimpleCoupling @ t=2425.4999999999936s]
  T_avg = 298.91805438171485 K
  Q_total = 0.07165833616678245 W
  q_avg = 418.84393685976255 W/m^3
  V_cell = 162.68292947948973 V
[SimpleCoupling @ t=2435.4999999999936s]
  T_avg = 298.9217797246664 K
  Q_total = 0.07164722126905423 W
  q_avg = 418.7789701333311 W/m^3
  V_cell = 162.68252946645038 V
[SimpleCoupling @ t=2445.499999999993s]
  T_avg = 298.9255044711205 K
  Q_total = 0.07163611021549851 W
  q_avg = 418.7140258761395 W/m^3
  V_cell = 162.68212946603248 V
[SimpleCoupling @ t=2455.499999999993s]
  T_avg = 298.9292286213241 K
  Q_total = 0.07162500316970245 W
  q_avg = 418.64910504435693 W/m^3
  V_cell = 162.68172949409805 V
[SimpleCoupling @ t=2465.499999999993s]
  T_avg = 298.93295217552594 K
  Q_total = 0.07161389996459018 W
  q_avg = 418.5842066614226 W/m^3
  V_cell = 162.68132953454264 V
[SimpleCoupling @ t=2475.499999999993s]
  T_avg = 298.93667513396815 K
  Q_total = 0.07160280076191457 W
  q_avg = 418.51933167278435 W/m^3
  V_cell = 162.6809296030657 V
[SimpleCoupling @ t=2485.499999999993s]
  T_avg = 298.9403974968999 K
  Q_total = 0.07159170539643933 W
  q_avg = 418.4544791126338 W/m^3
  V_cell = 162.68052968374403 V
[SimpleCoupling @ t=2495.499999999993s]
  T_avg = 298.94411926456405 K
  Q_total = 0.07158061402809258 W
  q_avg = 418.3896499157529 W/m^3
  V_cell = 162.68012979211545 V
[SimpleCoupling @ t=2505.499999999993s]
  T_avg = 298.94784043720597 K
  Q_total = 0.07156952649346497 W
  q_avg = 418.32484312701183 W/m^3
  V_cell = 162.67972991243602 V
[SimpleCoupling @ t=2515.499999999993s]
  T_avg = 298.9515610150695 K
  Q_total = 0.07155844295068306 W
  q_avg = 418.26005967066243 W/m^3
  V_cell = 162.67933006008326 V
[SimpleCoupling @ t=2525.499999999993s]
  T_avg = 298.9552809984017 K
  Q_total = 0.07154736323812667 W
  q_avg = 418.19529860203266 W/m^3
  V_cell = 162.67893021948979 V
[SimpleCoupling @ t=2535.499999999993s]
  T_avg = 298.95900038744423 K
  Q_total = 0.07153628751215176 W
  q_avg = 418.1305608350251 W/m^3
  V_cell = 162.67853040587497 V
[SimpleCoupling @ t=2545.499999999993s]
  T_avg = 298.96271918243883 K
  Q_total = 0.07152521561292241 W
  q_avg = 418.0658454353968 W/m^3
  V_cell = 162.67813060384492 V
[SimpleCoupling @ t=2555.499999999993s]
  T_avg = 298.9664373836298 K
  Q_total = 0.07151414769503471 W
  q_avg = 418.00115330676385 W/m^3
  V_cell = 162.67773082846213 V
[SimpleCoupling @ t=2565.499999999993s]
  T_avg = 298.97015499126013 K
  Q_total = 0.07150308360039716 W
  q_avg = 417.9364835250793 W/m^3
  V_cell = 162.6773310645041 V
[SimpleCoupling @ t=2575.4999999999927s]
  T_avg = 298.9738720055727 K
  Q_total = 0.07149202348187843 W
  q_avg = 417.8718369838627 W/m^3
  V_cell = 162.67693132687793 V
[SimpleCoupling @ t=2585.4999999999927s]
  T_avg = 298.9775884268097 K
  Q_total = 0.07148096718311518 W
  q_avg = 417.8072127691682 W/m^3
  V_cell = 162.6765316005303 V
[SimpleCoupling @ t=2595.4999999999927s]
  T_avg = 298.9813042552132 K
  Q_total = 0.07146991485526927 W
  q_avg = 417.74261176453876 W/m^3
  V_cell = 162.67613190021436 V
[SimpleCoupling @ t=2605.4999999999927s]
  T_avg = 298.98501949101995 K
  Q_total = 0.07145886634369486 W
  q_avg = 417.6780330660675 W/m^3
  V_cell = 162.6757322110431 V
[SimpleCoupling @ t=2615.4999999999927s]
  T_avg = 298.9887341344782 K
  Q_total = 0.07144782179785068 W
  q_avg = 417.6134775473427 W/m^3
  V_cell = 162.67533254761778 V
[SimpleCoupling @ t=2625.4999999999927s]
  T_avg = 298.9924481858244 K
  Q_total = 0.07143678106477412 W
  q_avg = 417.5489443142958 W/m^3
  V_cell = 162.67493289521525 V
[SimpleCoupling @ t=2635.4999999999927s]
  T_avg = 298.9961616452987 K
  Q_total = 0.07142574429227899 W
  q_avg = 417.4844342309005 W/m^3
  V_cell = 162.67453326828647 V
[SimpleCoupling @ t=2645.4999999999927s]
  T_avg = 298.9998745131429 K
  Q_total = 0.07141471132904958 W
  q_avg = 417.4199464127145 W/m^3
  V_cell = 162.67413365226977 V
[SimpleCoupling @ t=2655.4999999999927s]
  T_avg = 299.00358678959395 K
  Q_total = 0.07140368232126319 W
  q_avg = 417.35548171414604 W/m^3
  V_cell = 162.67373406146706 V
[SimpleCoupling @ t=2665.4999999999927s]
  T_avg = 299.00729847489276 K
  Q_total = 0.07139265711924637 W
  q_avg = 417.29103926035185 W/m^3
  V_cell = 162.67333448147647 V
[SimpleCoupling @ t=2675.4999999999927s]
  T_avg = 299.01100956927814 K
  Q_total = 0.07138163586754785 W
  q_avg = 417.2266198962211 W/m^3
  V_cell = 162.67293492645246 V
[SimpleCoupling @ t=2685.4999999999927s]
  T_avg = 299.0147200729913 K
  Q_total = 0.07137061841811237 W
  q_avg = 417.1622227563689 W/m^3
  V_cell = 162.6725353821504 V
[SimpleCoupling @ t=2695.4999999999927s]
  T_avg = 299.0184299862671 K
  Q_total = 0.07135960491389542 W
  q_avg = 417.09784867637194 W/m^3
  V_cell = 162.67213586257844 V
[SimpleCoupling @ t=2705.4999999999923s]
  T_avg = 299.022139309345 K
  Q_total = 0.07134859520844501 W
  q_avg = 417.03349680021637 W/m^3
  V_cell = 162.6717363536478 V
[SimpleCoupling @ t=2715.4999999999923s]
  T_avg = 299.0258480424627 K
  Q_total = 0.07133758944312651 W
  q_avg = 416.9691679541848 W/m^3
  V_cell = 162.67133686922185 V
[SimpleCoupling @ t=2725.4999999999923s]
  T_avg = 299.02955618585844 K
  Q_total = 0.07132658747306943 W
  q_avg = 416.9048612915071 W/m^3
  V_cell = 162.67093739536458 V
[SimpleCoupling @ t=2735.4999999999923s]
  T_avg = 299.033263739769 K
  Q_total = 0.07131558943807857 W
  q_avg = 416.8405776293443 W/m^3
  V_cell = 162.67053794579707 V
[SimpleCoupling @ t=2745.4999999999923s]
  T_avg = 299.036970704429 K
  Q_total = 0.07130459519485104 W
  q_avg = 416.77631613008907 W/m^3
  V_cell = 162.67013850673402 V
[SimpleCoupling @ t=2755.4999999999923s]
  T_avg = 299.0406770800779 K
  Q_total = 0.0712936048816415 W
  q_avg = 416.71207760184177 W/m^3
  V_cell = 162.66973909175533 V
[SimpleCoupling @ t=2765.4999999999923s]
  T_avg = 299.04438286695137 K
  Q_total = 0.0712826183566835 W
  q_avg = 416.6478612159755 W/m^3
  V_cell = 162.66933968722452 V
[SimpleCoupling @ t=2775.4999999999923s]
  T_avg = 299.0480880652839 K
  Q_total = 0.0712716357567207 W
  q_avg = 416.58366777175894 W/m^3
  V_cell = 162.6689403065812 V
[SimpleCoupling @ t=2785.4999999999923s]
  T_avg = 299.0517926753115 K
  Q_total = 0.07126065694150513 W
  q_avg = 416.51949644944074 W/m^3
  V_cell = 162.66854093633657 V
[SimpleCoupling @ t=2795.4999999999923s]
  T_avg = 299.0554966972704 K
  Q_total = 0.07124968204627127 W
  q_avg = 416.4553480394683 W/m^3
  V_cell = 162.66814158979165 V
[SimpleCoupling @ t=2805.4999999999923s]
  T_avg = 299.0592001313964 K
  Q_total = 0.07123871093227283 W
  q_avg = 416.3912217308675 W/m^3
  V_cell = 162.6677422536026 V
[SimpleCoupling @ t=2815.4999999999923s]
  T_avg = 299.06290297792225 K
  Q_total = 0.07122774373326683 W
  q_avg = 416.32711830545026 W/m^3
  V_cell = 162.66734294093388 V
[SimpleCoupling @ t=2825.499999999992s]
  T_avg = 299.066605237084 K
  Q_total = 0.0712167803119882 W
  q_avg = 416.26303696090014 W/m^3
  V_cell = 162.66694363858403 V
[SimpleCoupling @ t=2835.499999999992s]
  T_avg = 299.0703069091147 K
  Q_total = 0.07120582080072588 W
  q_avg = 416.19897847044774 W/m^3
  V_cell = 162.66654435958273 V
[SimpleCoupling @ t=2845.499999999992s]
  T_avg = 299.0740079942487 K
  Q_total = 0.07119486506368293 W
  q_avg = 416.13494204035834 W/m^3
  V_cell = 162.66614509086966 V
[SimpleCoupling @ t=2855.499999999992s]
  T_avg = 299.077708492719 K
  Q_total = 0.07118391323169926 W
  q_avg = 416.0709284353928 W/m^3
  V_cell = 162.66574584534024 V
[SimpleCoupling @ t=2865.499999999992s]
  T_avg = 299.0814084047599 K
  Q_total = 0.07117296517042285 W
  q_avg = 416.0069368702618 W/m^3
  V_cell = 162.6653466100741 V
[SimpleCoupling @ t=2875.499999999992s]
  T_avg = 299.0851077306029 K
  Q_total = 0.07116202100926691 W
  q_avg = 415.9429681013874 W/m^3
  V_cell = 162.66494739783394 V
[SimpleCoupling @ t=2885.499999999992s]
  T_avg = 299.08880647048085 K
  Q_total = 0.07115108061531011 W
  q_avg = 415.8790213518425 W/m^3
  V_cell = 162.6645481958369 V
[SimpleCoupling @ t=2895.499999999992s]
  T_avg = 299.09250462462967 K
  Q_total = 0.07114014411654176 W
  q_avg = 415.81509736972635 W/m^3
  V_cell = 162.6641490167145 V
[SimpleCoupling @ t=2905.499999999992s]
  T_avg = 299.09620219327815 K
  Q_total = 0.07112921138145989 W
  q_avg = 415.7511953864082 W/m^3
  V_cell = 162.66374984782007 V
[SimpleCoupling @ t=2915.499999999992s]
  T_avg = 299.0998991766584 K
  Q_total = 0.07111828253666846 W
  q_avg = 415.68731614188994 W/m^3
  V_cell = 162.66335070165525 V
[SimpleCoupling @ t=2925.499999999992s]
  T_avg = 299.10359557500294 K
  Q_total = 0.07110735745204758 W
  q_avg = 415.6234588756189 W/m^3
  V_cell = 162.66295156570735 V
[SimpleCoupling @ t=2935.499999999992s]
  T_avg = 299.1072913885423 K
  Q_total = 0.07109643625282733 W
  q_avg = 415.5596243195668 W/m^3
  V_cell = 162.66255245235027 V
[SimpleCoupling @ t=2945.499999999992s]
  T_avg = 299.11098661750776 K
  Q_total = 0.07108551881026542 W
  q_avg = 415.49581172123317 W/m^3
  V_cell = 162.66215334920324 V
[SimpleCoupling @ t=2955.4999999999914s]
  T_avg = 299.1146812621293 K
  Q_total = 0.07107460524823277 W
  q_avg = 415.43202180464505 W/m^3
  V_cell = 162.6617542685135 V
[SimpleCoupling @ t=2965.4999999999914s]
  T_avg = 299.1183753226382 K
  Q_total = 0.07106369543934422 W
  q_avg = 415.3682538252347 W/m^3
  V_cell = 162.661355198031 V
[SimpleCoupling @ t=2975.4999999999914s]
  T_avg = 299.12206879926737 K
  Q_total = 0.07105278950611926 W
  q_avg = 415.30450849913 W/m^3
  V_cell = 162.66095614987762 V
[SimpleCoupling @ t=2985.4999999999914s]
  T_avg = 299.1257616922431 K
  Q_total = 0.07104188732252643 W
  q_avg = 415.24078508967546 W/m^3
  V_cell = 162.6605571119323 V
[SimpleCoupling @ t=2995.4999999999914s]
  T_avg = 299.1294540017956 K
  Q_total = 0.07103098900976494 W
  q_avg = 415.177084305282 W/m^3
  V_cell = 162.66015809619293 V
[SimpleCoupling @ t=3005.4999999999914s]
  T_avg = 299.13314572815676 K
  Q_total = 0.07102009444311275 W
  q_avg = 415.11340541694767 W/m^3
  V_cell = 162.6597590906656 V
[SimpleCoupling @ t=3015.4999999999914s]
  T_avg = 299.1368368715523 K
  Q_total = 0.07100920374247029 W
  q_avg = 415.0497491254922 W/m^3
  V_cell = 162.65936010722595 V
[SimpleCoupling @ t=3025.4999999999914s]
  T_avg = 299.14052743221407 K
  Q_total = 0.07099831678442253 W
  q_avg = 414.98611470955296 W/m^3
  V_cell = 162.6589611340057 V
[SimpleCoupling @ t=3035.4999999999914s]
  T_avg = 299.14421741037074 K
  Q_total = 0.07098743368756832 W
  q_avg = 414.9225028623419 W/m^3
  V_cell = 162.65856218275917 V
[SimpleCoupling @ t=3045.4999999999914s]
  T_avg = 299.14790680624947 K
  Q_total = 0.0709765543297963 W
  q_avg = 414.85891287011634 W/m^3
  V_cell = 162.65816324174224 V
[SimpleCoupling @ t=3055.4999999999914s]
  T_avg = 299.15159562007887 K
  Q_total = 0.07096567882842654 W
  q_avg = 414.7953454186138 W/m^3
  V_cell = 162.6577643225895 V
[SimpleCoupling @ t=3065.4999999999914s]
  T_avg = 299.15528385208535 K
  Q_total = 0.07095480706262525 W
  q_avg = 414.73179980155913 W/m^3
  V_cell = 162.65736541367912 V
[SimpleCoupling @ t=3075.4999999999914s]
  T_avg = 299.1589715024987 K
  Q_total = 0.07094393914844728 W
  q_avg = 414.66827669729446 W/m^3
  V_cell = 162.65696652652733 V
[SimpleCoupling @ t=3085.499999999991s]
  T_avg = 299.16265857154474 K
  Q_total = 0.07093307496631951 W
  q_avg = 414.60477540691335 W/m^3
  V_cell = 162.65656764963376 V
[SimpleCoupling @ t=3095.499999999991s]
  T_avg = 299.1663450594524 K
  Q_total = 0.0709222146310523 W
  q_avg = 414.54129660148385 W/m^3
  V_cell = 162.65616879439702 V
[SimpleCoupling @ t=3105.499999999991s]
  T_avg = 299.17003096644714 K
  Q_total = 0.07091135802431807 W
  q_avg = 414.4778395893796 W/m^3
  V_cell = 162.6557699494359 V
[SimpleCoupling @ t=3115.499999999991s]
  T_avg = 299.17371629275453 K
  Q_total = 0.07090050525970343 W
  q_avg = 414.41440503451594 W/m^3
  V_cell = 162.65537112603394 V
[SimpleCoupling @ t=3125.499999999991s]
  T_avg = 299.1774010386037 K
  Q_total = 0.07088965622010049 W
  q_avg = 414.3509922523957 W/m^3
  V_cell = 162.6549723129277 V
[SimpleCoupling @ t=3135.499999999991s]
  T_avg = 299.18108520421987 K
  Q_total = 0.07087881101788053 W
  q_avg = 414.2876018998305 W/m^3
  V_cell = 162.65457352128618 V
[SimpleCoupling @ t=3145.499999999991s]
  T_avg = 299.1847687898267 K
  Q_total = 0.07086796953716394 W
  q_avg = 414.2242332995025 W/m^3
  V_cell = 162.6541747399623 V
[SimpleCoupling @ t=3155.499999999991s]
  T_avg = 299.188451795654 K
  Q_total = 0.07085713188910842 W
  q_avg = 414.1608871011298 W/m^3
  V_cell = 162.6537759800117 V
[SimpleCoupling @ t=3165.499999999991s]
  T_avg = 299.1921342219225 K
  Q_total = 0.0708462979590403 W
  q_avg = 414.0975626344434 W/m^3
  V_cell = 162.65337723040278 V
[SimpleCoupling @ t=3175.499999999991s]
  T_avg = 299.1958160688611 K
  Q_total = 0.07083546785693337 W
  q_avg = 414.0342605422416 W/m^3
  V_cell = 162.65297850207932 V
[SimpleCoupling @ t=3185.499999999991s]
  T_avg = 299.1994973366928 K
  Q_total = 0.07082464146929278 W
  q_avg = 413.9709801611454 W/m^3
  V_cell = 162.65257978412302 V
[SimpleCoupling @ t=3195.499999999991s]
  T_avg = 299.20317802564466 K
  Q_total = 0.07081381890492411 W
  q_avg = 413.9077221271249 W/m^3
  V_cell = 162.65218108736738 V
[SimpleCoupling @ t=3205.499999999991s]
  T_avg = 299.20685813593826 K
  Q_total = 0.0708030000515065 W
  q_avg = 413.8444857836631 W/m^3
  V_cell = 162.65178240100596 V
[SimpleCoupling @ t=3215.4999999999905s]
  T_avg = 299.2105376677996 K
  Q_total = 0.07079218501669048 W
  q_avg = 413.7812717599789 W/m^3
  V_cell = 162.65138373576292 V
[SimpleCoupling @ t=3225.4999999999905s]
  T_avg = 299.2142166214502 K
  Q_total = 0.07078137368931078 W
  q_avg = 413.7180794063098 W/m^3
  V_cell = 162.65098508094306 V
[SimpleCoupling @ t=3235.4999999999905s]
  T_avg = 299.21789499711804 K
  Q_total = 0.0707705661758689 W
  q_avg = 413.6549093451584 W/m^3
  V_cell = 162.6505864471619 V
[SimpleCoupling @ t=3245.4999999999905s]
  T_avg = 299.2215727950235 K
  Q_total = 0.0707597623663442 W
  q_avg = 413.59176093345263 W/m^3
  V_cell = 162.6501878238341 V
[SimpleCoupling @ t=3255.4999999999905s]
  T_avg = 299.2252500153925 K
  Q_total = 0.0707489623661143 W
  q_avg = 413.5286347871262 W/m^3
  V_cell = 162.64978922146835 V
[SimpleCoupling @ t=3265.4999999999905s]
  T_avg = 299.2289266584445 K
  Q_total = 0.0707381660662876 W
  q_avg = 413.4655302697061 W/m^3
  V_cell = 162.64939062958726 V
[SimpleCoupling @ t=3275.4999999999905s]
  T_avg = 299.23260272440575 K
  Q_total = 0.07072737357112534 W
  q_avg = 413.40244799060065 W/m^3
  V_cell = 162.6489920585937 V
[SimpleCoupling @ t=3285.4999999999905s]
  T_avg = 299.23627821349714 K
  Q_total = 0.07071658477284644 W
  q_avg = 413.3393873198281 W/m^3
  V_cell = 162.64859349811744 V
[SimpleCoupling @ t=3295.4999999999905s]
  T_avg = 299.2399531259407 K
  Q_total = 0.0707057997746201 W
  q_avg = 413.27634886041386 W/m^3
  V_cell = 162.64819495845663 V
[SimpleCoupling @ t=3305.4999999999905s]
  T_avg = 299.24362746195794 K
  Q_total = 0.07069501846976445 W
  q_avg = 413.2133319888008 W/m^3
  V_cell = 162.64779642934656 V
[SimpleCoupling @ t=3315.4999999999905s]
  T_avg = 299.24730122177243 K
  Q_total = 0.07068424096035567 W
  q_avg = 413.15033730162565 W/m^3
  V_cell = 162.64739792098226 V
[SimpleCoupling @ t=3325.4999999999905s]
  T_avg = 299.25097440560666 K
  Q_total = 0.07067346714079639 W
  q_avg = 413.0873641816704 W/m^3
  V_cell = 162.6469994232032 V
[SimpleCoupling @ t=3335.4999999999905s]
  T_avg = 299.25464701367775 K
  Q_total = 0.07066269711210384 W
  q_avg = 413.02441321938204 W/m^3
  V_cell = 162.6466009461025 V
[SimpleCoupling @ t=3345.49999999999s]
  T_avg = 299.25831904621197 K
  Q_total = 0.07065193076974458 W
  q_avg = 412.96148380376127 W/m^3
  V_cell = 162.64620247962213 V
[SimpleCoupling @ t=3355.49999999999s]
  T_avg = 299.26199050342757 K
  Q_total = 0.07064116821367054 W
  q_avg = 412.8985765190285 W/m^3
  V_cell = 162.6458040337545 V
[SimpleCoupling @ t=3365.49999999999s]
  T_avg = 299.26566138554745 K
  Q_total = 0.07063040934041766 W
  q_avg = 412.8356907604348 W/m^3
  V_cell = 162.6454055985438 V
[SimpleCoupling @ t=3375.49999999999s]
  T_avg = 299.26933169279147 K
  Q_total = 0.07061965424888386 W
  q_avg = 412.77282710603987 W/m^3
  V_cell = 162.64500718388211 V
[SimpleCoupling @ t=3385.49999999999s]
  T_avg = 299.273001425376 K
  Q_total = 0.07060890283667029 W
  q_avg = 412.70998495732107 W/m^3
  V_cell = 162.64460877991442 V
[SimpleCoupling @ t=3395.49999999999s]
  T_avg = 299.27667058352387 K
  Q_total = 0.07059815520163001 W
  q_avg = 412.6471648862309 W/m^3
  V_cell = 162.64421039643364 V
[SimpleCoupling @ t=3405.49999999999s]
  T_avg = 299.2803391674586 K
  Q_total = 0.07058741124238128 W
  q_avg = 412.5843663001916 W/m^3
  V_cell = 162.64381202368432 V
[SimpleCoupling @ t=3415.49999999999s]
  T_avg = 299.28400717739635 K
  Q_total = 0.07057667105576952 W
  q_avg = 412.52158976526607 W/m^3
  V_cell = 162.64341367136225 V
[SimpleCoupling @ t=3425.49999999999s]
  T_avg = 299.2876746135578 K
  Q_total = 0.07056593454144386 W
  q_avg = 412.4588346949021 W/m^3
  V_cell = 162.64301532980988 V
[SimpleCoupling @ t=3435.49999999999s]
  T_avg = 299.2913414761606 K
  Q_total = 0.07055520179523361 W
  q_avg = 412.39610164922334 W/m^3
  V_cell = 162.64261700862647 V
[SimpleCoupling @ t=3445.49999999999s]
  T_avg = 299.29500776542284 K
  Q_total = 0.07054447271780474 W
  q_avg = 412.333390047621 W/m^3
  V_cell = 162.64221869825138 V
[SimpleCoupling @ t=3455.49999999999s]
  T_avg = 299.2986734815672 K
  Q_total = 0.07053374740397414 W
  q_avg = 412.270700444301 W/m^3
  V_cell = 162.64182040818878 V
[SimpleCoupling @ t=3465.4999999999895s]
  T_avg = 299.3023386248099 K
  Q_total = 0.0705230257554108 W
  q_avg = 412.2080322645174 W/m^3
  V_cell = 162.64142212897372 V
[SimpleCoupling @ t=3475.4999999999895s]
  T_avg = 299.3060031953712 K
  Q_total = 0.07051230786595039 W
  q_avg = 412.1453860567408 W/m^3
  V_cell = 162.64102387001597 V
[SimpleCoupling @ t=3485.4999999999895s]
  T_avg = 299.3096671934665 K
  Q_total = 0.07050159363825015 W
  q_avg = 412.0827612520016 W/m^3
  V_cell = 162.64062562194536 V
[SimpleCoupling @ t=3495.4999999999895s]
  T_avg = 299.31333061931514 K
  Q_total = 0.07049088316517241 W
  q_avg = 412.0201583930813 W/m^3
  V_cell = 162.64022739407847 V
[SimpleCoupling @ t=3505.4999999999895s]
  T_avg = 299.31699347313486 K
  Q_total = 0.07048017635034337 W
  q_avg = 411.9575769166738 W/m^3
  V_cell = 162.63982917713872 V
[SimpleCoupling @ t=3515.4999999999895s]
  T_avg = 299.3206557551447 K
  Q_total = 0.07046947328566132 W
  q_avg = 411.89501735992576 W/m^3
  V_cell = 162.63943098035082 V
[SimpleCoupling @ t=3525.4999999999895s]
  T_avg = 299.3243174655602 K
  Q_total = 0.07045877387572128 W
  q_avg = 411.83247916519383 W/m^3
  V_cell = 162.63903279453035 V
[SimpleCoupling @ t=3535.4999999999895s]
  T_avg = 299.3279786045998 K
  Q_total = 0.07044807821147071 W
  q_avg = 411.7699628640672 W/m^3
  V_cell = 162.63863462881082 V
[SimpleCoupling @ t=3545.4999999999895s]
  T_avg = 299.3316391724801 K
  Q_total = 0.07043738619845324 W
  q_avg = 411.707467904447 W/m^3
  V_cell = 162.63823647409956 V
[SimpleCoupling @ t=3555.4999999999895s]
  T_avg = 299.3352991694181 K
  Q_total = 0.07042669792667888 W
  q_avg = 411.64499481244303 W/m^3
  V_cell = 162.63783833943947 V
[SimpleCoupling @ t=3565.4999999999895s]
  T_avg = 299.33895859562915 K
  Q_total = 0.07041601330263447 W
  q_avg = 411.5825430414696 W/m^3
  V_cell = 162.63744021582858 V
[SimpleCoupling @ t=3575.4999999999895s]
  T_avg = 299.3426174513299 K
  Q_total = 0.07040533241540123 W
  q_avg = 411.5201131122075 W/m^3
  V_cell = 162.63704211222088 V
[SimpleCoupling @ t=3585.4999999999895s]
  T_avg = 299.34627573673805 K
  Q_total = 0.07039465517238845 W
  q_avg = 411.45770448346303 W/m^3
  V_cell = 162.63664401970354 V
[SimpleCoupling @ t=3595.499999999989s]
  T_avg = 299.3499334520673 K
  Q_total = 0.07038398166176654 W
  q_avg = 411.3953176705933 W/m^3
  V_cell = 162.63624594714227 V
[SimpleCoupling @ t=3600.0s]
  T_avg = 299.35359059753455 K
  Q_total = 0.07037331179186458 W
  q_avg = 411.3329521377805 W/m^3
  V_cell = 162.63584788571248 V
finish the simulation
