===== JuBat Debug Log 1764686524 =====
[SimpleCoupling初始化]
  模型: SPMe
  化学状态维度: 48
    - 负极颗粒节点: 11
    - 正极颗粒节点: 11
    - 电解质节点: 26
  温度场维度: 25218
  总状态向量维度: 25266
  初始温度: 298.0 K
[Solve] 简化耦合模式：状态向量维度 = 25266
[SimpleCoupling @ t=0.0s]
  T_avg = 298.0 K
  Q_total = 2.539131440630431e-7 W
  q_avg = 0.0014841257356614987 W/m^3
  V_cell = 162.80094840828772 V

[Solve] 初始化完成: V=4.18043923639323 V, t_end=3600.0
start to solve the problem 
[SimpleCoupling @ t=0.5s]
  T_avg = 298.0 K
  Q_total = 2.53913143718813e-7 W
  q_avg = 0.001484125733649469 W/m^3
  V_cell = 162.80094838676962 V
[SimpleCoupling @ t=1.5s]
  T_avg = 298.00000000066507 K
  Q_total = 2.539087798014661e-7 W
  q_avg = 0.0014841002264939938 W/m^3
  V_cell = 162.80065663757472 V
[SimpleCoupling @ t=3.5s]
  T_avg = 298.0000000019924 K
  Q_total = 2.539017686316879e-7 W
  q_avg = 0.00148405924611252 W/m^3
  V_cell = 162.80010923158855 V
[SimpleCoupling @ t=7.5s]
  T_avg = 298.0000000046418 K
  Q_total = 2.5389102820534766e-7 W
  q_avg = 0.001483996468176378 W/m^3
  V_cell = 162.79913195665023 V
[SimpleCoupling @ t=15.5s]
  T_avg = 298.00000000993333 K
  Q_total = 2.538744227434272e-7 W
  q_avg = 0.0014838994090285358 W/m^3
  V_cell = 162.79752378998012 V
[SimpleCoupling @ t=25.500000000000004s]
  T_avg = 298.0000000205144 K
  Q_total = 2.538487298820418e-7 W
  q_avg = 0.0014837492339088289 W/m^3
  V_cell = 162.79514624414216 V
[SimpleCoupling @ t=35.50000000000001s]
  T_avg = 298.00000003373924 K
  Q_total = 2.538244672092328e-7 W
  q_avg = 0.0014836074182605502 W/m^3
  V_cell = 162.79302125994266 V
[SimpleCoupling @ t=45.50000000000001s]
  T_avg = 298.00000004696244 K
  Q_total = 2.5380573808454307e-7 W
  q_avg = 0.001483497946275313 W/m^3
  V_cell = 162.79135778900834 V
[SimpleCoupling @ t=55.50000000000001s]
  T_avg = 298.0000000601837 K
  Q_total = 2.5379081992746847e-7 W
  q_avg = 0.0014834107494469456 W/m^3
  V_cell = 162.78995754427316 V
[SimpleCoupling @ t=65.50000000000001s]
  T_avg = 298.0000000734047 K
  Q_total = 2.5377859660820203e-7 W
  q_avg = 0.0014833393039817434 W/m^3
  V_cell = 162.78873373209353 V
[SimpleCoupling @ t=75.50000000000001s]
  T_avg = 298.0000000866237 K
  Q_total = 2.5376831105754926e-7 W
  q_avg = 0.0014832791848001013 W/m^3
  V_cell = 162.78763682585694 V
[SimpleCoupling @ t=85.50000000000001s]
  T_avg = 298.0000000998428 K
  Q_total = 2.537594250711613e-7 W
  q_avg = 0.0014832272460903752 W/m^3
  V_cell = 162.7866347978841 V
[SimpleCoupling @ t=95.50000000000001s]
  T_avg = 298.0000001130619 K
  Q_total = 2.537515609379361e-7 W
  q_avg = 0.0014831812801261034 W/m^3
  V_cell = 162.785705902227 V
[SimpleCoupling @ t=105.50000000000001s]
  T_avg = 298.0000001262792 K
  Q_total = 2.5374444117353446e-7 W
  q_avg = 0.0014831396650075977 W/m^3
  V_cell = 162.78483456290732 V
[SimpleCoupling @ t=115.50000000000001s]
  T_avg = 298.00000013949506 K
  Q_total = 2.537378713449392e-7 W
  q_avg = 0.001483101264271263 W/m^3
  V_cell = 162.78400958323257 V
[SimpleCoupling @ t=125.50000000000001s]
  T_avg = 298.0000001527096 K
  Q_total = 2.5373170434615587e-7 W
  q_avg = 0.0014830652180805866 W/m^3
  V_cell = 162.78322249053096 V
[SimpleCoupling @ t=135.5s]
  T_avg = 298.0000001659242 K
  Q_total = 2.5372583864969955e-7 W
  q_avg = 0.0014830309330060563 W/m^3
  V_cell = 162.7824670202495 V
[SimpleCoupling @ t=145.5s]
  T_avg = 298.00000017913766 K
  Q_total = 2.53720194463653e-7 W
  q_avg = 0.001482997942662845 W/m^3
  V_cell = 162.78173821001295 V
[SimpleCoupling @ t=155.49999999999997s]
  T_avg = 298.00000019235193 K
  Q_total = 2.537147184747263e-7 W
  q_avg = 0.001482965935434057 W/m^3
  V_cell = 162.7810323323587 V
[SimpleCoupling @ t=165.49999999999997s]
  T_avg = 298.00000020556627 K
  Q_total = 2.5370936627496467e-7 W
  q_avg = 0.0014829346517546004 W/m^3
  V_cell = 162.78034629249274 V
[SimpleCoupling @ t=175.49999999999994s]
  T_avg = 298.00000021877906 K
  Q_total = 2.537041099783487e-7 W
  q_avg = 0.0014829039286303179 W/m^3
  V_cell = 162.7796777496115 V
[SimpleCoupling @ t=185.49999999999994s]
  T_avg = 298.0000002319912 K
  Q_total = 2.536989240410283e-7 W
  q_avg = 0.0014828736167570623 W/m^3
  V_cell = 162.77902465734937 V
[SimpleCoupling @ t=195.49999999999994s]
  T_avg = 298.00000024520193 K
  Q_total = 2.5369379416169604e-7 W
  q_avg = 0.0014828436325435002 W/m^3
  V_cell = 162.7783854707841 V
[SimpleCoupling @ t=205.49999999999991s]
  T_avg = 298.0000002584124 K
  Q_total = 2.536887049888314e-7 W
  q_avg = 0.0014828138862597877 W/m^3
  V_cell = 162.77775876068213 V
[SimpleCoupling @ t=215.49999999999991s]
  T_avg = 298.00000027162366 K
  Q_total = 2.5368364956381026e-7 W
  q_avg = 0.0014827843372326734 W/m^3
  V_cell = 162.77714346015787 V
[SimpleCoupling @ t=225.49999999999991s]
  T_avg = 298.0000002848344 K
  Q_total = 2.5367861812159306e-7 W
  q_avg = 0.00148275492838537 W/m^3
  V_cell = 162.77653852030664 V
[SimpleCoupling @ t=235.49999999999994s]
  T_avg = 298.0000002980447 K
  Q_total = 2.536736077167213e-7 W
  q_avg = 0.0014827256425016333 W/m^3
  V_cell = 162.77594317445184 V
[SimpleCoupling @ t=245.49999999999994s]
  T_avg = 298.00000031125444 K
  Q_total = 2.536686116971161e-7 W
  q_avg = 0.0014826964406999728 W/m^3
  V_cell = 162.77535661898088 V
[SimpleCoupling @ t=255.49999999999997s]
  T_avg = 298.0000003244618 K
  Q_total = 2.536636293341558e-7 W
  q_avg = 0.0014826673187215852 W/m^3
  V_cell = 162.77477828415994 V
[SimpleCoupling @ t=265.5s]
  T_avg = 298.00000033767003 K
  Q_total = 2.5365865574492445e-7 W
  q_avg = 0.0014826382480257606 W/m^3
  V_cell = 162.77420753172564 V
[SimpleCoupling @ t=275.5s]
  T_avg = 298.00000035087726 K
  Q_total = 2.5365369143695454e-7 W
  q_avg = 0.001482609231579034 W/m^3
  V_cell = 162.7736439266233 V
[SimpleCoupling @ t=285.5s]
  T_avg = 298.0000003640857 K
  Q_total = 2.536487325570613e-7 W
  q_avg = 0.0014825802468594882 W/m^3
  V_cell = 162.77308694676344 V
[SimpleCoupling @ t=295.50000000000006s]
  T_avg = 298.0000003772934 K
  Q_total = 2.536437803067095e-7 W
  q_avg = 0.0014825513008897015 W/m^3
  V_cell = 162.7725362527656 V
[SimpleCoupling @ t=305.50000000000006s]
  T_avg = 298.0000003904994 K
  Q_total = 2.536388314495522e-7 W
  q_avg = 0.0014825223747531818 W/m^3
  V_cell = 162.77199140726714 V
[SimpleCoupling @ t=315.50000000000006s]
  T_avg = 298.0000004037063 K
  Q_total = 2.5363388757698666e-7 W
  q_avg = 0.0014824934777516684 W/m^3
  V_cell = 162.7714521411719 V
[SimpleCoupling @ t=325.50000000000006s]
  T_avg = 298.0000004169134 K
  Q_total = 2.536289458350339e-7 W
  q_avg = 0.0014824645932036149 W/m^3
  V_cell = 162.77091808095057 V
[SimpleCoupling @ t=335.5000000000001s]
  T_avg = 298.00000043011636 K
  Q_total = 2.536240080322368e-7 W
  q_avg = 0.001482435731679979 W/m^3
  V_cell = 162.77038901064083 V
[SimpleCoupling @ t=345.5000000000001s]
  T_avg = 298.0000004433205 K
  Q_total = 2.5361907156132506e-7 W
  q_avg = 0.0014824068779412313 W/m^3
  V_cell = 162.76986460614884 V
[SimpleCoupling @ t=355.5000000000001s]
  T_avg = 298.0000004565266 K
  Q_total = 2.5361413834804063e-7 W
  q_avg = 0.0014823780432433587 W/m^3
  V_cell = 162.76934469265453 V
[SimpleCoupling @ t=365.5000000000001s]
  T_avg = 298.000000469728 K
  Q_total = 2.5360920595190794e-7 W
  q_avg = 0.001482349213321749 W/m^3
  V_cell = 162.7688289852418 V
[SimpleCoupling @ t=375.50000000000017s]
  T_avg = 298.0000004829315 K
  Q_total = 2.5360427635737643e-7 W
  q_avg = 0.0014823203997755357 W/m^3
  V_cell = 162.76831734158472 V
[SimpleCoupling @ t=385.50000000000017s]
  T_avg = 298.00000049613544 K
  Q_total = 2.5359934724223227e-7 W
  q_avg = 0.001482291589031348 W/m^3
  V_cell = 162.7678095084171 V
[SimpleCoupling @ t=395.50000000000017s]
  T_avg = 298.000000509341 K
  Q_total = 2.535944206150283e-7 W
  q_avg = 0.0014822627928292044 W/m^3
  V_cell = 162.7673053694984 V
[SimpleCoupling @ t=405.50000000000017s]
  T_avg = 298.00000052254126 K
  Q_total = 2.5358949424198037e-7 W
  q_avg = 0.001482233998112606 W/m^3
  V_cell = 162.76680469754504 V
[SimpleCoupling @ t=415.5000000000002s]
  T_avg = 298.00000053574337 K
  Q_total = 2.5358457013481544e-7 W
  q_avg = 0.0014822052166401241 W/m^3
  V_cell = 162.76630739754162 V
[SimpleCoupling @ t=425.5000000000002s]
  T_avg = 298.000000548944 K
  Q_total = 2.535796461290905e-7 W
  q_avg = 0.0014821764357605602 W/m^3
  V_cell = 162.76581326382677 V
[SimpleCoupling @ t=435.5000000000002s]
  T_avg = 298.00000056214446 K
  Q_total = 2.535747242272616e-7 W
  q_avg = 0.001482147667178297 W/m^3
  V_cell = 162.76532221885063 V
[SimpleCoupling @ t=445.5000000000002s]
  T_avg = 298.0000005753451 K
  Q_total = 2.5356980232182565e-7 W
  q_avg = 0.0014821188985749507 W/m^3
  V_cell = 162.7648340751557 V
[SimpleCoupling @ t=455.5000000000003s]
  T_avg = 298.00000058854494 K
  Q_total = 2.535648823983633e-7 W
  q_avg = 0.0014820901415562664 W/m^3
  V_cell = 162.7643487697026 V
[SimpleCoupling @ t=465.5000000000002s]
  T_avg = 298.00000060174386 K
  Q_total = 2.535599623980269e-7 W
  q_avg = 0.0014820613840882528 W/m^3
  V_cell = 162.76386613051727 V
[SimpleCoupling @ t=475.50000000000017s]
  T_avg = 298.0000006149426 K
  Q_total = 2.535550442849675e-7 W
  q_avg = 0.001482032637651398 W/m^3
  V_cell = 162.76338610671337 V
[SimpleCoupling @ t=485.50000000000017s]
  T_avg = 298.00000062814064 K
  Q_total = 2.5355012604323153e-7 W
  q_avg = 0.0014820038904624273 W/m^3
  V_cell = 162.76290853960523 V
[SimpleCoupling @ t=495.5000000000001s]
  T_avg = 298.00000064133997 K
  Q_total = 2.5354520961292636e-7 W
  q_avg = 0.0014819751538612937 W/m^3
  V_cell = 162.76243338855926 V
[SimpleCoupling @ t=505.50000000000006s]
  T_avg = 298.0000006545374 K
  Q_total = 2.535402930168991e-7 W
  q_avg = 0.0014819464162915124 W/m^3
  V_cell = 162.76196050638674 V
[SimpleCoupling @ t=515.5s]
  T_avg = 298.00000066773447 K
  Q_total = 2.5353537816979574e-7 W
  q_avg = 0.0014819176889442147 W/m^3
  V_cell = 162.761489861157 V
[SimpleCoupling @ t=525.5s]
  T_avg = 298.00000068093186 K
  Q_total = 2.5353046313016705e-7 W
  q_avg = 0.001481888960471604 W/m^3
  V_cell = 162.76102131570326 V
[SimpleCoupling @ t=535.5s]
  T_avg = 298.0000006941279 K
  Q_total = 2.535255497865351e-7 W
  q_avg = 0.0014818602419121173 W/m^3
  V_cell = 162.76055484552361 V
[SimpleCoupling @ t=545.4999999999999s]
  T_avg = 298.00000070732426 K
  Q_total = 2.5352063623086967e-7 W
  q_avg = 0.0014818315221132915 W/m^3
  V_cell = 162.76009032224738 V
[SimpleCoupling @ t=555.4999999999999s]
  T_avg = 298.00000072052137 K
  Q_total = 2.5351572432530783e-7 W
  q_avg = 0.0014818028119593435 W/m^3
  V_cell = 162.75962772774523 V
[SimpleCoupling @ t=565.4999999999999s]
  T_avg = 298.0000007337167 K
  Q_total = 2.5351081219345643e-7 W
  q_avg = 0.00148177410048273 W/m^3
  V_cell = 162.75916694141523 V
[SimpleCoupling @ t=575.4999999999999s]
  T_avg = 298.00000074691144 K
  Q_total = 2.535059016711637e-7 W
  q_avg = 0.0014817453984140086 W/m^3
  V_cell = 162.75870795062136 V
[SimpleCoupling @ t=585.4999999999998s]
  T_avg = 298.00000076010525 K
  Q_total = 2.5350099091213207e-7 W
  q_avg = 0.001481716694961545 W/m^3
  V_cell = 162.75825064166293 V
[SimpleCoupling @ t=595.4999999999998s]
  T_avg = 298.00000077329946 K
  Q_total = 2.534960817261919e-7 W
  q_avg = 0.001481688000703822 W/m^3
  V_cell = 162.75779500665843 V
[SimpleCoupling @ t=605.4999999999998s]
  T_avg = 298.0000007864931 K
  Q_total = 2.534911722959301e-7 W
  q_avg = 0.0014816593050180362 W/m^3
  V_cell = 162.75734093807336 V
[SimpleCoupling @ t=615.4999999999997s]
  T_avg = 298.00000079968714 K
  Q_total = 2.534862644055426e-7 W
  q_avg = 0.0014816306183328362 W/m^3
  V_cell = 162.7568884321565 V
[SimpleCoupling @ t=625.4999999999997s]
  T_avg = 298.0000008128794 K
  Q_total = 2.5348135626544023e-7 W
  q_avg = 0.0014816019301880493 W/m^3
  V_cell = 162.75643738691176 V
[SimpleCoupling @ t=635.4999999999997s]
  T_avg = 298.00000082607255 K
  Q_total = 2.534764496346083e-7 W
  q_avg = 0.0014815732508649685 W/m^3
  V_cell = 162.75598780218928 V
[SimpleCoupling @ t=645.4999999999995s]
  T_avg = 298.0000008392635 K
  Q_total = 2.534715427503497e-7 W
  q_avg = 0.0014815445700606053 W/m^3
  V_cell = 162.7555395809915 V
[SimpleCoupling @ t=655.4999999999995s]
  T_avg = 298.00000085245546 K
  Q_total = 2.534666373469248e-7 W
  q_avg = 0.001481515897911735 W/m^3
  V_cell = 162.75509272631837 V
[SimpleCoupling @ t=665.4999999999995s]
  T_avg = 298.0000008656465 K
  Q_total = 2.53461731687681e-7 W
  q_avg = 0.0014814872242675998 W/m^3
  V_cell = 162.75464714570626 V
[SimpleCoupling @ t=675.4999999999994s]
  T_avg = 298.0000008788363 K
  Q_total = 2.5345682748268323e-7 W
  q_avg = 0.0014814585591235523 W/m^3
  V_cell = 162.7542028449179 V
[SimpleCoupling @ t=685.4999999999994s]
  T_avg = 298.0000008920263 K
  Q_total = 2.534519230205497e-7 W
  q_avg = 0.0014814298924765424 W/m^3
  V_cell = 162.7537597356189 V
[SimpleCoupling @ t=695.4999999999994s]
  T_avg = 298.00000090521564 K
  Q_total = 2.534470199876194e-7 W
  q_avg = 0.001481401234183245 W/m^3
  V_cell = 162.753317826003 V
[SimpleCoupling @ t=705.4999999999993s]
  T_avg = 298.000000918407 K
  Q_total = 2.5344211669711126e-7 W
  q_avg = 0.0014813725743844015 W/m^3
  V_cell = 162.75287703151182 V
[SimpleCoupling @ t=715.4999999999993s]
  T_avg = 298.00000093159736 K
  Q_total = 2.534372148121419e-7 W
  q_avg = 0.001481343922800951 W/m^3
  V_cell = 162.75243736248348 V
[SimpleCoupling @ t=725.4999999999993s]
  T_avg = 298.000000944786 K
  Q_total = 2.5343231266993946e-7 W
  q_avg = 0.0014813152697139699 W/m^3
  V_cell = 162.751998737827 V
[SimpleCoupling @ t=735.4999999999993s]
  T_avg = 298.0000009579727 K
  Q_total = 2.5342741191082823e-7 W
  q_avg = 0.0014812866247111754 W/m^3
  V_cell = 162.75156116977433 V
[SimpleCoupling @ t=745.4999999999992s]
  T_avg = 298.00000097116134 K
  Q_total = 2.534225108953805e-7 W
  q_avg = 0.0014812579782100906 W/m^3
  V_cell = 162.75112458043034 V
[SimpleCoupling @ t=755.4999999999992s]
  T_avg = 298.0000009843503 K
  Q_total = 2.534176112416322e-7 W
  q_avg = 0.0014812293396681572 W/m^3
  V_cell = 162.7506889837043 V
[SimpleCoupling @ t=765.4999999999992s]
  T_avg = 298.0000009975382 K
  Q_total = 2.53412711333039e-7 W
  q_avg = 0.0014812006996366518 W/m^3
  V_cell = 162.75025430465593 V
[SimpleCoupling @ t=775.4999999999991s]
  T_avg = 298.0000010107277 K
  Q_total = 2.53407812765744e-7 W
  q_avg = 0.0014811720674450528 W/m^3
  V_cell = 162.74982055868142 V
[SimpleCoupling @ t=785.4999999999991s]
  T_avg = 298.00000102391573 K
  Q_total = 2.5340291394552627e-7 W
  q_avg = 0.0014811434337751168 W/m^3
  V_cell = 162.74938767358245 V
[SimpleCoupling @ t=795.4999999999991s]
  T_avg = 298.0000010371046 K
  Q_total = 2.5339801644712067e-7 W
  q_avg = 0.0014811148078311906 W/m^3
  V_cell = 162.74895566607444 V
[SimpleCoupling @ t=805.499999999999s]
  T_avg = 298.0000010502922 K
  Q_total = 2.5339311869810936e-7 W
  q_avg = 0.0014810861804224703 W/m^3
  V_cell = 162.7485244665101 V
[SimpleCoupling @ t=815.499999999999s]
  T_avg = 298.0000010634783 K
  Q_total = 2.5338822225225835e-7 W
  q_avg = 0.0014810575606307398 W/m^3
  V_cell = 162.74809409277827 V
[SimpleCoupling @ t=825.499999999999s]
  T_avg = 298.00000107666284 K
  Q_total = 2.5338332555847386e-7 W
  q_avg = 0.0014810289393898345 W/m^3
  V_cell = 162.74766447761107 V
[SimpleCoupling @ t=835.4999999999989s]
  T_avg = 298.00000108984614 K
  Q_total = 2.5337843014992947e-7 W
  q_avg = 0.001481000325661175 W/m^3
  V_cell = 162.74723563993962 V
[SimpleCoupling @ t=845.4999999999989s]
  T_avg = 298.0000011030292 K
  Q_total = 2.5337353449641944e-7 W
  q_avg = 0.001480971710500688 W/m^3
  V_cell = 162.74680751472363 V
[SimpleCoupling @ t=855.4999999999989s]
  T_avg = 298.0000011162135 K
  Q_total = 2.533686401109084e-7 W
  q_avg = 0.0014809431027516724 W/m^3
  V_cell = 162.74638012181998 V
[SimpleCoupling @ t=865.4999999999987s]
  T_avg = 298.0000011293976 K
  Q_total = 2.533637454836849e-7 W
  q_avg = 0.0014809144935898438 W/m^3
  V_cell = 162.7459533982763 V
[SimpleCoupling @ t=875.4999999999987s]
  T_avg = 298.0000011425822 K
  Q_total = 2.533588521079029e-7 W
  q_avg = 0.0014808858917427076 W/m^3
  V_cell = 162.74552736477375 V
[SimpleCoupling @ t=885.4999999999987s]
  T_avg = 298.000001155766 K
  Q_total = 2.533539584939095e-7 W
  q_avg = 0.0014808572885032228 W/m^3
  V_cell = 162.74510196032097 V
[SimpleCoupling @ t=895.4999999999987s]
  T_avg = 298.0000011689476 K
  Q_total = 2.5334906611542584e-7 W
  q_avg = 0.001480828692485309 W/m^3
  V_cell = 162.74467720633106 V
[SimpleCoupling @ t=905.4999999999986s]
  T_avg = 298.00000118213075 K
  Q_total = 2.533441735024244e-7 W
  q_avg = 0.0014808000950966352 W/m^3
  V_cell = 162.74425304366054 V
[SimpleCoupling @ t=915.4999999999986s]
  T_avg = 298.0000011953123 K
  Q_total = 2.533392821095405e-7 W
  q_avg = 0.0014807715048395652 W/m^3
  V_cell = 162.74382949437046 V
[SimpleCoupling @ t=925.4999999999986s]
  T_avg = 298.0000012084947 K
  Q_total = 2.533343904860509e-7 W
  q_avg = 0.0014807429132346018 W/m^3
  V_cell = 162.74340650106038 V
[SimpleCoupling @ t=935.4999999999985s]
  T_avg = 298.00000122167535 K
  Q_total = 2.533295000678271e-7 W
  q_avg = 0.0014807143286744333 W/m^3
  V_cell = 162.74298408636653 V
[SimpleCoupling @ t=945.4999999999985s]
  T_avg = 298.0000012348557 K
  Q_total = 2.5332460942308887e-7 W
  q_avg = 0.0014806857427902846 W/m^3
  V_cell = 162.7425621945355 V
[SimpleCoupling @ t=955.4999999999985s]
  T_avg = 298.0000012480375 K
  Q_total = 2.533197199692356e-7 W
  q_avg = 0.0014806571638668747 W/m^3
  V_cell = 162.74214084870982 V
[SimpleCoupling @ t=965.4999999999984s]
  T_avg = 298.0000012612174 K
  Q_total = 2.5331483029311674e-7 W
  q_avg = 0.0014806285836443194 W/m^3
  V_cell = 162.74171999469627 V
[SimpleCoupling @ t=975.4999999999984s]
  T_avg = 298.0000012743955 K
  Q_total = 2.5330994179403545e-7 W
  q_avg = 0.0014806000103015644 W/m^3
  V_cell = 162.74129965608353 V
[SimpleCoupling @ t=985.4999999999984s]
  T_avg = 298.00000128757637 K
  Q_total = 2.533050530770165e-7 W
  q_avg = 0.001480571435684961 W/m^3
  V_cell = 162.74087978015694 V
[SimpleCoupling @ t=995.4999999999983s]
  T_avg = 298.00000130075574 K
  Q_total = 2.5330016552360135e-7 W
  q_avg = 0.0014805428678696373 W/m^3
  V_cell = 162.7404603908963 V
[SimpleCoupling @ t=1005.4999999999983s]
  T_avg = 298.00000131393534 K
  Q_total = 2.5329527775676517e-7 W
  q_avg = 0.0014805142988068647 W/m^3
  V_cell = 162.7400414369903 V
[SimpleCoupling @ t=1015.4999999999983s]
  T_avg = 298.0000013271129 K
  Q_total = 2.532903911405283e-7 W
  q_avg = 0.0014804857364693605 W/m^3
  V_cell = 162.73962294275992 V
[SimpleCoupling @ t=1025.4999999999982s]
  T_avg = 298.00000134029256 K
  Q_total = 2.53285504315455e-7 W
  q_avg = 0.001480457172911205 W/m^3
  V_cell = 162.73920485822822 V
[SimpleCoupling @ t=1035.4999999999982s]
  T_avg = 298.00000135347096 K
  Q_total = 2.53280618628365e-7 W
  q_avg = 0.001480428616004577 W/m^3
  V_cell = 162.73878720801156 V
[SimpleCoupling @ t=1045.4999999999982s]
  T_avg = 298.0000013666481 K
  Q_total = 2.5327573273716746e-7 W
  q_avg = 0.0014804000579049376 W/m^3
  V_cell = 162.73836994340343 V
[SimpleCoupling @ t=1055.4999999999982s]
  T_avg = 298.000001379826 K
  Q_total = 2.532708479717025e-7 W
  q_avg = 0.0014803715063852199 W/m^3
  V_cell = 162.73795308927282 V
[SimpleCoupling @ t=1065.4999999999982s]
  T_avg = 298.00000139300266 K
  Q_total = 2.5326596300691206e-7 W
  q_avg = 0.0014803429537004426 W/m^3
  V_cell = 162.73753659812428 V
[SimpleCoupling @ t=1075.499999999998s]
  T_avg = 298.00000140617965 K
  Q_total = 2.5326107915598607e-7 W
  q_avg = 0.0014803144075262178 W/m^3
  V_cell = 162.73712049504192 V
[SimpleCoupling @ t=1085.499999999998s]
  T_avg = 298.00000141935556 K
  Q_total = 2.5325619511058994e-7 W
  q_avg = 0.0014802858602153122 W/m^3
  V_cell = 162.73670473368497 V
[SimpleCoupling @ t=1095.499999999998s]
  T_avg = 298.0000014325316 K
  Q_total = 2.5325131216752873e-7 W
  q_avg = 0.0014802573193475692 W/m^3
  V_cell = 162.73628933931772 V
[SimpleCoupling @ t=1105.499999999998s]
  T_avg = 298.00000144570674 K
  Q_total = 2.5324642903491505e-7 W
  q_avg = 0.0014802287773718896 W/m^3
  V_cell = 162.7358742667018 V
[SimpleCoupling @ t=1115.499999999998s]
  T_avg = 298.0000014588821 K
  Q_total = 2.532415469934312e-7 W
  q_avg = 0.0014802002417738784 W/m^3
  V_cell = 162.73545954125012 V
[SimpleCoupling @ t=1125.499999999998s]
  T_avg = 298.0000014720558 K
  Q_total = 2.5323666476737726e-7 W
  q_avg = 0.0014801717050970525 W/m^3
  V_cell = 162.73504511877826 V
[SimpleCoupling @ t=1135.499999999998s]
  T_avg = 298.00000148523065 K
  Q_total = 2.532317836215477e-7 W
  q_avg = 0.0014801431747341527 W/m^3
  V_cell = 162.7346310248173 V
[SimpleCoupling @ t=1145.4999999999977s]
  T_avg = 298.0000014984043 K
  Q_total = 2.5322690229616654e-7 W
  q_avg = 0.0014801146433217711 W/m^3
  V_cell = 162.7342172161923 V
[SimpleCoupling @ t=1155.4999999999977s]
  T_avg = 298.0000015115783 K
  Q_total = 2.532220220404142e-7 W
  q_avg = 0.0014800861181613846 W/m^3
  V_cell = 162.7338037185247 V
[SimpleCoupling @ t=1165.4999999999977s]
  T_avg = 298.00000152475025 K
  Q_total = 2.532171416101817e-7 W
  q_avg = 0.0014800575919811595 W/m^3
  V_cell = 162.7333904896057 V
[SimpleCoupling @ t=1175.4999999999977s]
  T_avg = 298.0000015379225 K
  Q_total = 2.532122622392567e-7 W
  q_avg = 0.0014800290719926004 W/m^3
  V_cell = 162.73297755512365 V
[SimpleCoupling @ t=1185.4999999999977s]
  T_avg = 298.00000155109404 K
  Q_total = 2.532073826989349e-7 W
  q_avg = 0.0014800005510139148 W/m^3
  V_cell = 162.73256487379498 V
[SimpleCoupling @ t=1195.4999999999977s]
  T_avg = 298.00000156426654 K
  Q_total = 2.5320250420786103e-7 W
  q_avg = 0.0014799720361680978 W/m^3
  V_cell = 162.73215247135118 V
[SimpleCoupling @ t=1205.4999999999975s]
  T_avg = 298.0000015774385 K
  Q_total = 2.531976255525094e-7 W
  q_avg = 0.0014799435203620749 W/m^3
  V_cell = 162.73174030739736 V
[SimpleCoupling @ t=1215.4999999999975s]
  T_avg = 298.00000159060994 K
  Q_total = 2.531927479366246e-7 W
  q_avg = 0.0014799150106317492 W/m^3
  V_cell = 162.73132840768733 V
[SimpleCoupling @ t=1225.4999999999975s]
  T_avg = 298.000001603781 K
  Q_total = 2.5318787016160124e-7 W
  q_avg = 0.001479886499971257 W/m^3
  V_cell = 162.7309167326778 V
[SimpleCoupling @ t=1235.4999999999975s]
  T_avg = 298.0000016169516 K
  Q_total = 2.5318299341649145e-7 W
  q_avg = 0.0014798579953306233 W/m^3
  V_cell = 162.73050530812574 V
[SimpleCoupling @ t=1245.4999999999975s]
  T_avg = 298.00000163012015 K
  Q_total = 2.5317811651741594e-7 W
  q_avg = 0.001479829489790058 W/m^3
  V_cell = 162.73009409530698 V
[SimpleCoupling @ t=1255.4999999999975s]
  T_avg = 298.000001643291 K
  Q_total = 2.531732406389119e-7 W
  q_avg = 0.0014798009902147464 W/m^3
  V_cell = 162.72968311996274 V
[SimpleCoupling @ t=1265.4999999999973s]
  T_avg = 298.0000016564603 K
  Q_total = 2.5316836461160366e-7 W
  q_avg = 0.0014797724897696722 W/m^3
  V_cell = 162.72927234415653 V
[SimpleCoupling @ t=1275.4999999999973s]
  T_avg = 298.00000166962917 K
  Q_total = 2.5316348959579877e-7 W
  q_avg = 0.0014797439952368488 W/m^3
  V_cell = 162.7288617935978 V
[SimpleCoupling @ t=1285.4999999999973s]
  T_avg = 298.00000168279803 K
  Q_total = 2.531586144363467e-7 W
  q_avg = 0.0014797154998644059 W/m^3
  V_cell = 162.7284514311073 V
[SimpleCoupling @ t=1295.4999999999973s]
  T_avg = 298.00000169596836 K
  Q_total = 2.531537402795037e-7 W
  q_avg = 0.0014796870103522262 W/m^3
  V_cell = 162.728041282347 V
[SimpleCoupling @ t=1305.4999999999973s]
  T_avg = 298.00000170913665 K
  Q_total = 2.531488659842045e-7 W
  q_avg = 0.0014796585200307682 W/m^3
  V_cell = 162.7276313108674 V
[SimpleCoupling @ t=1315.4999999999973s]
  T_avg = 298.0000017223034 K
  Q_total = 2.531439926828715e-7 W
  q_avg = 0.001479630035519056 W/m^3
  V_cell = 162.72722154226918 V
[SimpleCoupling @ t=1325.4999999999973s]
  T_avg = 298.00000173547147 K
  Q_total = 2.531391192482199e-7 W
  q_avg = 0.001479601550228095 W/m^3
  V_cell = 162.72681194080536 V
[SimpleCoupling @ t=1335.499999999997s]
  T_avg = 298.0000017486387 K
  Q_total = 2.531342467990536e-7 W
  q_avg = 0.0014795730706973086 W/m^3
  V_cell = 162.72640253200214 V
[SimpleCoupling @ t=1345.499999999997s]
  T_avg = 298.00000176180566 K
  Q_total = 2.531293742217448e-7 W
  q_avg = 0.0014795445904175275 W/m^3
  V_cell = 162.72599328079016 V
[SimpleCoupling @ t=1355.499999999997s]
  T_avg = 298.0000017749728 K
  Q_total = 2.5312450262163044e-7 W
  q_avg = 0.001479516115849461 W/m^3
  V_cell = 162.7255842126091 V
[SimpleCoupling @ t=1365.499999999997s]
  T_avg = 298.00000178813957 K
  Q_total = 2.5311963089852473e-7 W
  q_avg = 0.0014794876405625087 W/m^3
  V_cell = 162.7251752930437 V
[SimpleCoupling @ t=1375.499999999997s]
  T_avg = 298.00000180130445 K
  Q_total = 2.5311476014453355e-7 W
  q_avg = 0.0014794591709400436 W/m^3
  V_cell = 162.72476654743576 V
[SimpleCoupling @ t=1385.499999999997s]
  T_avg = 298.0000018144698 K
  Q_total = 2.5310988927268075e-7 W
  q_avg = 0.0014794307006286758 W/m^3
  V_cell = 162.7243579420005 V
[SimpleCoupling @ t=1395.4999999999968s]
  T_avg = 298.0000018276355 K
  Q_total = 2.531050193619979e-7 W
  q_avg = 0.0014794022359353592 W/m^3
  V_cell = 162.723949501973 V
[SimpleCoupling @ t=1405.4999999999968s]
  T_avg = 298.0000018408005 K
  Q_total = 2.5310014933858233e-7 W
  q_avg = 0.0014793737705831183 W/m^3
  V_cell = 162.72354119417795 V
[SimpleCoupling @ t=1415.4999999999968s]
  T_avg = 298.00000185396624 K
  Q_total = 2.5309528026858037e-7 W
  q_avg = 0.0014793453108035931 W/m^3
  V_cell = 162.7231330437333 V
[SimpleCoupling @ t=1425.4999999999968s]
  T_avg = 298.0000018671313 K
  Q_total = 2.5309041109094726e-7 W
  q_avg = 0.0014793168503949622 W/m^3
  V_cell = 162.7227250180524 V
[SimpleCoupling @ t=1435.4999999999968s]
  T_avg = 298.00000188029446 K
  Q_total = 2.5308554285915947e-7 W
  q_avg = 0.0014792883955148095 W/m^3
  V_cell = 162.7223171421285 V
[SimpleCoupling @ t=1445.4999999999968s]
  T_avg = 298.0000018934585 K
  Q_total = 2.5308067452480335e-7 W
  q_avg = 0.001479259940035144 W/m^3
  V_cell = 162.72190938394445 V
[SimpleCoupling @ t=1455.4999999999968s]
  T_avg = 298.0000019066219 K
  Q_total = 2.53075807128847e-7 W
  q_avg = 0.0014792314900404378 W/m^3
  V_cell = 162.7215017683599 V
[SimpleCoupling @ t=1465.4999999999966s]
  T_avg = 298.00000191978415 K
  Q_total = 2.530709396353967e-7 W
  q_avg = 0.0014792030394758778 W/m^3
  V_cell = 162.7210942639095 V
[SimpleCoupling @ t=1475.4999999999966s]
  T_avg = 298.0000019329466 K
  Q_total = 2.5306607307305524e-7 W
  q_avg = 0.0014791745943536618 W/m^3
  V_cell = 162.72068689531238 V
[SimpleCoupling @ t=1485.4999999999966s]
  T_avg = 298.00000194610993 K
  Q_total = 2.530612064182274e-7 W
  q_avg = 0.0014791461486908615 W/m^3
  V_cell = 162.7202796316368 V
[SimpleCoupling @ t=1495.4999999999966s]
  T_avg = 298.0000019592716 K
  Q_total = 2.5305634068739003e-7 W
  q_avg = 0.0014791177084287977 W/m^3
  V_cell = 162.71987249745507 V
[SimpleCoupling @ t=1505.4999999999966s]
  T_avg = 298.00000197243287 K
  Q_total = 2.530514748690768e-7 W
  q_avg = 0.0014790892676554365 W/m^3
  V_cell = 162.71946546235293 V
[SimpleCoupling @ t=1515.4999999999966s]
  T_avg = 298.00000198559326 K
  Q_total = 2.5304660996775085e-7 W
  q_avg = 0.0014790608322418784 W/m^3
  V_cell = 162.71905855074914 V
[SimpleCoupling @ t=1525.4999999999964s]
  T_avg = 298.0000019987558 K
  Q_total = 2.5304174498389507e-7 W
  q_avg = 0.0014790323963459321 W/m^3
  V_cell = 162.71865173273127 V
[SimpleCoupling @ t=1535.4999999999964s]
  T_avg = 298.0000020119164 K
  Q_total = 2.5303688091017587e-7 W
  q_avg = 0.0014790039657697467 W/m^3
  V_cell = 162.71824503255976 V
[SimpleCoupling @ t=1545.4999999999964s]
  T_avg = 298.0000020250774 K
  Q_total = 2.5303201675888153e-7 W
  q_avg = 0.0014789755347401332 W/m^3
  V_cell = 162.71783842080814 V
[SimpleCoupling @ t=1555.4999999999964s]
  T_avg = 298.00000203823805 K
  Q_total = 2.5302715351097917e-7 W
  q_avg = 0.0014789471089908582 W/m^3
  V_cell = 162.71743192157393 V
[SimpleCoupling @ t=1565.4999999999964s]
  T_avg = 298.00000205139816 K
  Q_total = 2.5302229019041424e-7 W
  q_avg = 0.0014789186828168693 W/m^3
  V_cell = 162.71702550590246 V
[SimpleCoupling @ t=1575.4999999999964s]
  T_avg = 298.00000206455644 K
  Q_total = 2.530174277666553e-7 W
  q_avg = 0.0014788902618847234 W/m^3
  V_cell = 162.7166191977237 V
[SimpleCoupling @ t=1585.4999999999961s]
  T_avg = 298.0000020777163 K
  Q_total = 2.5301256527508163e-7 W
  q_avg = 0.0014788618405561999 W/m^3
  V_cell = 162.7162129685408 V
[SimpleCoupling @ t=1595.4999999999961s]
  T_avg = 298.0000020908758 K
  Q_total = 2.5300770367382333e-7 W
  q_avg = 0.0014788334244315814 W/m^3
  V_cell = 162.71580684211202 V
[SimpleCoupling @ t=1605.4999999999961s]
  T_avg = 298.0000021040349 K
  Q_total = 2.530028420096019e-7 W
  q_avg = 0.0014788050079389424 W/m^3
  V_cell = 162.7154007903864 V
[SimpleCoupling @ t=1615.4999999999961s]
  T_avg = 298.00000211719265 K
  Q_total = 2.5299798122934617e-7 W
  q_avg = 0.0014787765966130949 W/m^3
  V_cell = 162.7149948369462 V
[SimpleCoupling @ t=1625.4999999999961s]
  T_avg = 298.0000021303489 K
  Q_total = 2.5299312039093406e-7 W
  q_avg = 0.0014787481849473229 W/m^3
  V_cell = 162.7145889541729 V
[SimpleCoupling @ t=1635.4999999999961s]
  T_avg = 298.00000214350587 K
  Q_total = 2.529882604302237e-7 W
  q_avg = 0.0014787197784117288 W/m^3
  V_cell = 162.7141831654712 V
[SimpleCoupling @ t=1645.4999999999961s]
  T_avg = 298.00000215666324 K
  Q_total = 2.52983400416098e-7 W
  q_avg = 0.0014786913715639219 W/m^3
  V_cell = 162.71377744364284 V
[SimpleCoupling @ t=1655.499999999996s]
  T_avg = 298.00000216981965 K
  Q_total = 2.5297854127355843e-7 W
  q_avg = 0.0014786629698105474 W/m^3
  V_cell = 162.71337181191083 V
[SimpleCoupling @ t=1665.499999999996s]
  T_avg = 298.0000021829757 K
  Q_total = 2.5297368208232846e-7 W
  q_avg = 0.0014786345677725767 W/m^3
  V_cell = 162.71296624348656 V
[SimpleCoupling @ t=1675.499999999996s]
  T_avg = 298.00000219613213 K
  Q_total = 2.529688237566501e-7 W
  q_avg = 0.0014786061707937673 W/m^3
  V_cell = 162.71256076140935 V
[SimpleCoupling @ t=1685.499999999996s]
  T_avg = 298.00000220928905 K
  Q_total = 2.529639653869521e-7 W
  q_avg = 0.001478577773557662 W/m^3
  V_cell = 162.7121553392891 V
[SimpleCoupling @ t=1695.499999999996s]
  T_avg = 298.00000222244444 K
  Q_total = 2.5295910787690605e-7 W
  q_avg = 0.001478549381346234 W/m^3
  V_cell = 162.71174999997874 V
[SimpleCoupling @ t=1705.499999999996s]
  T_avg = 298.0000022355996 K
  Q_total = 2.5295425032748354e-7 W
  q_avg = 0.00147852098890465 W/m^3
  V_cell = 162.71134471747646 V
[SimpleCoupling @ t=1715.4999999999957s]
  T_avg = 298.00000224875515 K
  Q_total = 2.5294939363188125e-7 W
  q_avg = 0.0014784926014536567 W/m^3
  V_cell = 162.71093951444715 V
[SimpleCoupling @ t=1725.4999999999957s]
  T_avg = 298.0000022619105 K
  Q_total = 2.5294453690149963e-7 W
  q_avg = 0.001478464213799378 W/m^3
  V_cell = 162.71053436526716 V
[SimpleCoupling @ t=1735.4999999999957s]
  T_avg = 298.00000227506456 K
  Q_total = 2.5293968101923574e-7 W
  q_avg = 0.0014784358311023585 W/m^3
  V_cell = 162.71012929241198 V
[SimpleCoupling @ t=1745.4999999999957s]
  T_avg = 298.0000022882204 K
  Q_total = 2.5293482510672955e-7 W
  q_avg = 0.0014784074482285725 W/m^3
  V_cell = 162.7097242706264 V
[SimpleCoupling @ t=1755.4999999999957s]
  T_avg = 298.00000230137493 K
  Q_total = 2.5292997003672176e-7 W
  q_avg = 0.0014783790702792008 W/m^3
  V_cell = 162.7093193221945 V
[SimpleCoupling @ t=1765.4999999999957s]
  T_avg = 298.0000023145274 K
  Q_total = 2.5292511494102045e-7 W
  q_avg = 0.0014783506921796502 W/m^3
  V_cell = 162.70891442222126 V
[SimpleCoupling @ t=1775.4999999999957s]
  T_avg = 298.0000023276806 K
  Q_total = 2.529202606822716e-7 W
  q_avg = 0.001478322318972098 W/m^3
  V_cell = 162.7085095927984 V
[SimpleCoupling @ t=1785.4999999999955s]
  T_avg = 298.0000023408319 K
  Q_total = 2.5291540640229796e-7 W
  q_avg = 0.0014782939456404868 W/m^3
  V_cell = 162.7081048093813 V
[SimpleCoupling @ t=1795.4999999999955s]
  T_avg = 298.0000023539838 K
  Q_total = 2.529105529538415e-7 W
  q_avg = 0.0014782655771691047 W/m^3
  V_cell = 162.70770009386874 V
[SimpleCoupling @ t=1805.4999999999957s]
  T_avg = 298.00000236713436 K
  Q_total = 2.5290569948858265e-7 W
  q_avg = 0.001478237208599512 W/m^3
  V_cell = 162.70729542205885 V
[SimpleCoupling @ t=1815.4999999999957s]
  T_avg = 298.0000023802862 K
  Q_total = 2.529008468494885e-7 W
  q_avg = 0.0014782088448588632 W/m^3
  V_cell = 162.70689081565604 V
[SimpleCoupling @ t=1825.4999999999957s]
  T_avg = 298.000002393437 K
  Q_total = 2.5289599419797206e-7 W
  q_avg = 0.001478180481045606 W/m^3
  V_cell = 162.70648625079303 V
[SimpleCoupling @ t=1835.4999999999955s]
  T_avg = 298.0000024065883 K
  Q_total = 2.528911423673676e-7 W
  q_avg = 0.0014781521220305906 W/m^3
  V_cell = 162.7060817489799 V
[SimpleCoupling @ t=1845.4999999999955s]
  T_avg = 298.00000241973896 K
  Q_total = 2.528862905286761e-7 W
  q_avg = 0.001478123762968306 W/m^3
  V_cell = 162.70567728667592 V
[SimpleCoupling @ t=1855.4999999999955s]
  T_avg = 298.0000024328885 K
  Q_total = 2.5288143950573527e-7 W
  q_avg = 0.001478095408674095 W/m^3
  V_cell = 162.70527288519642 V
[SimpleCoupling @ t=1865.4999999999955s]
  T_avg = 298.0000024460368 K
  Q_total = 2.528765884790106e-7 W
  q_avg = 0.0014780670543577676 W/m^3
  V_cell = 162.70486852131978 V
[SimpleCoupling @ t=1875.4999999999955s]
  T_avg = 298.0000024591856 K
  Q_total = 2.528717382629245e-7 W
  q_avg = 0.0014780387047796336 W/m^3
  V_cell = 162.7044642161665 V
[SimpleCoupling @ t=1885.4999999999955s]
  T_avg = 298.000002472335 K
  Q_total = 2.52866888047289e-7 W
  q_avg = 0.0014780103552041331 W/m^3
  V_cell = 162.7040599468274 V
[SimpleCoupling @ t=1895.4999999999955s]
  T_avg = 298.00000248548344 K
  Q_total = 2.5286203863729264e-7 W
  q_avg = 0.0014779820103376043 W/m^3
  V_cell = 162.7036557342269 V
[SimpleCoupling @ t=1905.4999999999952s]
  T_avg = 298.0000024986318 K
  Q_total = 2.52857189231961e-7 W
  q_avg = 0.001477953665498341 W/m^3
  V_cell = 162.7032515557621 V
[SimpleCoupling @ t=1915.4999999999952s]
  T_avg = 298.00000251178204 K
  Q_total = 2.5285234062730303e-7 W
  q_avg = 0.0014779253253390258 W/m^3
  V_cell = 162.70284743216243 V
[SimpleCoupling @ t=1925.4999999999952s]
  T_avg = 298.00000252493027 K
  Q_total = 2.5284749203149247e-7 W
  q_avg = 0.001477896985231424 W/m^3
  V_cell = 162.7024433411232 V
[SimpleCoupling @ t=1935.4999999999952s]
  T_avg = 298.0000025380792 K
  Q_total = 2.5284264423150616e-7 W
  q_avg = 0.0014778686497754255 W/m^3
  V_cell = 162.70203930317928 V
[SimpleCoupling @ t=1945.4999999999952s]
  T_avg = 298.0000025512261 K
  Q_total = 2.5283779644448486e-7 W
  q_avg = 0.0014778403143952078 W/m^3
  V_cell = 162.7016352963186 V
[SimpleCoupling @ t=1955.4999999999952s]
  T_avg = 298.00000256437124 K
  Q_total = 2.528329494485233e-7 W
  q_avg = 0.0014778119836387448 W/m^3
  V_cell = 162.70123134088135 V
[SimpleCoupling @ t=1965.499999999995s]
  T_avg = 298.0000025775176 K
  Q_total = 2.528281024695734e-7 W
  q_avg = 0.001477783652981715 W/m^3
  V_cell = 162.70082741514165 V
[SimpleCoupling @ t=1975.499999999995s]
  T_avg = 298.000002590665 K
  Q_total = 2.528232562769411e-7 W
  q_avg = 0.0014777553269207226 W/m^3
  V_cell = 162.70042353924617 V
[SimpleCoupling @ t=1985.499999999995s]
  T_avg = 298.00000260381046 K
  Q_total = 2.5281841010538023e-7 W
  q_avg = 0.0014777270009828927 W/m^3
  V_cell = 162.70001969174936 V
[SimpleCoupling @ t=1995.499999999995s]
  T_avg = 298.00000261695715 K
  Q_total = 2.528135647154919e-7 W
  q_avg = 0.0014776986796139493 W/m^3
  V_cell = 162.6996158926042 V
[SimpleCoupling @ t=2005.499999999995s]
  T_avg = 298.0000026301033 K
  Q_total = 2.5280871935064936e-7 W
  q_avg = 0.001477670358391399 W/m^3
  V_cell = 162.69921212064028 V
[SimpleCoupling @ t=2015.499999999995s]
  T_avg = 298.00000264324774 K
  Q_total = 2.528038747629299e-7 W
  q_avg = 0.0014776420417111434 W/m^3
  V_cell = 162.69880839561742 V
[SimpleCoupling @ t=2025.4999999999948s]
  T_avg = 298.00000265639284 K
  Q_total = 2.52799030204188e-7 W
  q_avg = 0.001477613725200262 W/m^3
  V_cell = 162.6984046966348 V
[SimpleCoupling @ t=2035.4999999999948s]
  T_avg = 298.0000026695361 K
  Q_total = 2.527941864180616e-7 W
  q_avg = 0.0014775854132053287 W/m^3
  V_cell = 162.69800104326023 V
[SimpleCoupling @ t=2045.4999999999948s]
  T_avg = 298.00000268268064 K
  Q_total = 2.527893426648069e-7 W
  q_avg = 0.001477557101402531 W/m^3
  V_cell = 162.69759741485694 V
[SimpleCoupling @ t=2055.499999999995s]
  T_avg = 298.000002695824 K
  Q_total = 2.527844996797198e-7 W
  q_avg = 0.0014775287940896828 W/m^3
  V_cell = 162.69719383080167 V
[SimpleCoupling @ t=2065.4999999999945s]
  T_avg = 298.00000270896805 K
  Q_total = 2.527796567313654e-7 W
  q_avg = 0.001477500486991538 W/m^3
  V_cell = 162.69679027071632 V
[SimpleCoupling @ t=2075.4999999999945s]
  T_avg = 298.00000272211213 K
  Q_total = 2.527748145467883e-7 W
  q_avg = 0.0014774721843576818 W/m^3
  V_cell = 162.69638675378738 V
[SimpleCoupling @ t=2085.4999999999945s]
  T_avg = 298.0000027352561 K
  Q_total = 2.5276997240276386e-7 W
  q_avg = 0.0014774438819608563 W/m^3
  V_cell = 162.69598325989114 V
[SimpleCoupling @ t=2095.4999999999945s]
  T_avg = 298.00000274839994 K
  Q_total = 2.52765131018203e-7 W
  q_avg = 0.0014774155840031058 W/m^3
  V_cell = 162.69557980802466 V
[SimpleCoupling @ t=2105.4999999999945s]
  T_avg = 298.0000027615416 K
  Q_total = 2.527602896779836e-7 W
  q_avg = 0.0014773872863045317 W/m^3
  V_cell = 162.6951763783133 V
[SimpleCoupling @ t=2115.4999999999945s]
  T_avg = 298.00000277468314 K
  Q_total = 2.527554490929729e-7 W
  q_avg = 0.0014773589930201626 W/m^3
  V_cell = 162.69477298956608 V
[SimpleCoupling @ t=2125.4999999999945s]
  T_avg = 298.00000278782574 K
  Q_total = 2.5275060855599964e-7 W
  q_avg = 0.001477330700016573 W/m^3
  V_cell = 162.6943696221533 V
[SimpleCoupling @ t=2135.4999999999945s]
  T_avg = 298.0000028009662 K
  Q_total = 2.527457687700616e-7 W
  q_avg = 0.0014773024114027944 W/m^3
  V_cell = 162.69396629469637 V
[SimpleCoupling @ t=2145.4999999999945s]
  T_avg = 298.0000028141078 K
  Q_total = 2.527409290358436e-7 W
  q_avg = 0.00147727412309132 W/m^3
  V_cell = 162.6935629878059 V
[SimpleCoupling @ t=2155.4999999999945s]
  T_avg = 298.0000028272493 K
  Q_total = 2.5273609004850527e-7 W
  q_avg = 0.001477245839145367 W/m^3
  V_cell = 162.69315971991756 V
[SimpleCoupling @ t=2165.4999999999945s]
  T_avg = 298.0000028403898 K
  Q_total = 2.527312511165492e-7 W
  q_avg = 0.0014772175555231245 W/m^3
  V_cell = 162.69275647187789 V
[SimpleCoupling @ t=2175.4999999999945s]
  T_avg = 298.0000028535285 K
  Q_total = 2.5272641292741227e-7 W
  q_avg = 0.0014771892762426699 W/m^3
  V_cell = 162.69235326193763 V
[SimpleCoupling @ t=2185.499999999994s]
  T_avg = 298.000002866669 K
  Q_total = 2.527215747972297e-7 W
  q_avg = 0.001477160997306804 W/m^3
  V_cell = 162.6919500711752 V
[SimpleCoupling @ t=2195.499999999994s]
  T_avg = 298.0000028798094 K
  Q_total = 2.527167374058306e-7 W
  q_avg = 0.0014771327226891376 W/m^3
  V_cell = 162.6915469176577 V
[SimpleCoupling @ t=2205.499999999994s]
  T_avg = 298.00000289294934 K
  Q_total = 2.52711900076964e-7 W
  q_avg = 0.0014771044484369745 W/m^3
  V_cell = 162.6911437826912 V
[SimpleCoupling @ t=2215.499999999994s]
  T_avg = 298.00000290608824 K
  Q_total = 2.5270706348292475e-7 W
  q_avg = 0.001477076178479887 W/m^3
  V_cell = 162.690740684161 V
[SimpleCoupling @ t=2225.499999999994s]
  T_avg = 298.00000291922635 K
  Q_total = 2.527022269549353e-7 W
  q_avg = 0.0014770479089088616 W/m^3
  V_cell = 162.6903376035965 V
[SimpleCoupling @ t=2235.499999999994s]
  T_avg = 298.00000293236303 K
  Q_total = 2.526973911578667e-7 W
  q_avg = 0.0014770196436100782 W/m^3
  V_cell = 162.6899345587024 V
[SimpleCoupling @ t=2245.499999999994s]
  T_avg = 298.00000294549983 K
  Q_total = 2.5269255543031505e-7 W
  q_avg = 0.0014769913787176223 W/m^3
  V_cell = 162.68953153122786 V
[SimpleCoupling @ t=2255.499999999994s]
  T_avg = 298.0000029586366 K
  Q_total = 2.5268772042981354e-7 W
  q_avg = 0.0014769631180747843 W/m^3
  V_cell = 162.68912853869818 V
[SimpleCoupling @ t=2265.499999999994s]
  T_avg = 298.0000029717739 K
  Q_total = 2.5268288550225787e-7 W
  q_avg = 0.001476934857858316 W/m^3
  V_cell = 162.68872556307886 V
[SimpleCoupling @ t=2275.499999999994s]
  T_avg = 298.0000029849115 K
  Q_total = 2.5267805129794456e-7 W
  q_avg = 0.0014769066018692086 W/m^3
  V_cell = 162.688322621717 V
[SimpleCoupling @ t=2285.499999999994s]
  T_avg = 298.00000299804805 K
  Q_total = 2.526732171699832e-7 W
  q_avg = 0.0014768783463263795 W/m^3
  V_cell = 162.68791969679071 V
[SimpleCoupling @ t=2295.499999999994s]
  T_avg = 298.00000301118416 K
  Q_total = 2.5266838376151847e-7 W
  q_avg = 0.001476850094989018 W/m^3
  V_cell = 162.68751680547035 V
[SimpleCoupling @ t=2305.499999999994s]
  T_avg = 298.00000302431863 K
  Q_total = 2.52663550432763e-7 W
  q_avg = 0.001476821844117558 W/m^3
  V_cell = 162.6871139301436 V
[SimpleCoupling @ t=2315.4999999999936s]
  T_avg = 298.0000030374559 K
  Q_total = 2.526587178197716e-7 W
  q_avg = 0.0014767935974297488 W/m^3
  V_cell = 162.68671108780524 V
[SimpleCoupling @ t=2325.4999999999936s]
  T_avg = 298.00000305059194 K
  Q_total = 2.526538852897975e-7 W
  q_avg = 0.0014767653512271766 W/m^3
  V_cell = 162.68630826104868 V
[SimpleCoupling @ t=2335.4999999999936s]
  T_avg = 298.000003063728 K
  Q_total = 2.526490534719581e-7 W
  q_avg = 0.0014767371091870415 W/m^3
  V_cell = 162.6859054666952 V
[SimpleCoupling @ t=2345.4999999999936s]
  T_avg = 298.00000307686304 K
  Q_total = 2.5264422174040725e-7 W
  q_avg = 0.001476708867651264 W/m^3
  V_cell = 162.68550268754066 V
[SimpleCoupling @ t=2355.4999999999936s]
  T_avg = 298.00000308999705 K
  Q_total = 2.5263939071739697e-7 W
  q_avg = 0.0014766806302569156 W/m^3
  V_cell = 162.68509994023412 V
[SimpleCoupling @ t=2365.4999999999936s]
  T_avg = 298.00000310313055 K
  Q_total = 2.526345597839022e-7 W
  q_avg = 0.0014766523933857866 W/m^3
  V_cell = 162.68469720777048 V
[SimpleCoupling @ t=2375.4999999999936s]
  T_avg = 298.0000031162644 K
  Q_total = 2.526297295553784e-7 W
  q_avg = 0.0014766241606352227 W/m^3
  V_cell = 162.68429450662794 V
[SimpleCoupling @ t=2385.4999999999936s]
  T_avg = 298.0000031293992 K
  Q_total = 2.526248994195505e-7 W
  q_avg = 0.001476595928426467 W/m^3
  V_cell = 162.68389181999788 V
[SimpleCoupling @ t=2395.4999999999936s]
  T_avg = 298.0000031425317 K
  Q_total = 2.5262006998520645e-7 W
  q_avg = 0.0014765677003178942 W/m^3
  V_cell = 162.68348916418904 V
[SimpleCoupling @ t=2405.4999999999936s]
  T_avg = 298.0000031556646 K
  Q_total = 2.526152406467196e-7 W
  q_avg = 0.001476539472769608 W/m^3
  V_cell = 162.6830865225861 V
[SimpleCoupling @ t=2415.4999999999936s]
  T_avg = 298.0000031687973 K
  Q_total = 2.52610412006232e-7 W
  q_avg = 0.0014765112493011366 W/m^3
  V_cell = 162.68268391132995 V
[SimpleCoupling @ t=2425.4999999999936s]
  T_avg = 298.00000318192826 K
  Q_total = 2.5260558346474003e-7 W
  q_avg = 0.0014764830264112963 W/m^3
  V_cell = 162.68228131399533 V
[SimpleCoupling @ t=2435.4999999999936s]
  T_avg = 298.00000319505983 K
  Q_total = 2.526007556178195e-7 W
  q_avg = 0.0014764548075812353 W/m^3
  V_cell = 162.68187874655698 V
[SimpleCoupling @ t=2445.499999999993s]
  T_avg = 298.0000032081902 K
  Q_total = 2.5259592787296864e-7 W
  q_avg = 0.0014764265893477727 W/m^3
  V_cell = 162.6814761927771 V
[SimpleCoupling @ t=2455.499999999993s]
  T_avg = 298.00000322132024 K
  Q_total = 2.5259110081932256e-7 W
  q_avg = 0.0014763983751544113 W/m^3
  V_cell = 162.6810736684655 V
[SimpleCoupling @ t=2465.499999999993s]
  T_avg = 298.00000323445215 K
  Q_total = 2.525862738707598e-7 W
  q_avg = 0.0014763701615752637 W/m^3
  V_cell = 162.6806711575687 V
[SimpleCoupling @ t=2475.499999999993s]
  T_avg = 298.0000032475837 K
  Q_total = 2.525814476100709e-7 W
  q_avg = 0.0014763419520167477 W/m^3
  V_cell = 162.68026867573414 V
[SimpleCoupling @ t=2485.499999999993s]
  T_avg = 298.0000032607138 K
  Q_total = 2.525766214575008e-7 W
  q_avg = 0.0014763137430901876 W/m^3
  V_cell = 162.6798662070894 V
[SimpleCoupling @ t=2495.499999999993s]
  T_avg = 298.0000032738431 K
  Q_total = 2.5257179598951923e-7 W
  q_avg = 0.0014762855381650565 W/m^3
  V_cell = 162.67946376712032 V
[SimpleCoupling @ t=2505.499999999993s]
  T_avg = 298.0000032869721 K
  Q_total = 2.52566970632615e-7 W
  q_avg = 0.001476257333889174 W/m^3
  V_cell = 162.67906134013379 V
[SimpleCoupling @ t=2515.499999999993s]
  T_avg = 298.00000330010226 K
  Q_total = 2.525621459570332e-7 W
  q_avg = 0.0014762291335956303 W/m^3
  V_cell = 162.67865894145552 V
[SimpleCoupling @ t=2525.499999999993s]
  T_avg = 298.0000033132302 K
  Q_total = 2.5255732139547926e-7 W
  q_avg = 0.0014762009339685813 W/m^3
  V_cell = 162.67825655556857 V
[SimpleCoupling @ t=2535.499999999993s]
  T_avg = 298.0000033263571 K
  Q_total = 2.525524975120638e-7 W
  q_avg = 0.0014761727383052607 W/m^3
  V_cell = 162.67785419764087 V
[SimpleCoupling @ t=2545.499999999993s]
  T_avg = 298.00000333948685 K
  Q_total = 2.525476737455248e-7 W
  q_avg = 0.0014761445433250841 W/m^3
  V_cell = 162.67745185232872 V
[SimpleCoupling @ t=2555.499999999993s]
  T_avg = 298.00000335261353 K
  Q_total = 2.5254285065397675e-7 W
  q_avg = 0.0014761163522902393 W/m^3
  V_cell = 162.67704953464332 V
[SimpleCoupling @ t=2565.499999999993s]
  T_avg = 298.0000033657394 K
  Q_total = 2.52538027682201e-7 W
  q_avg = 0.0014760881619554648 W/m^3
  V_cell = 162.67664722941228 V
[SimpleCoupling @ t=2575.4999999999927s]
  T_avg = 298.00000337886667 K
  Q_total = 2.525332053822505e-7 W
  q_avg = 0.0014760599755475178 W/m^3
  V_cell = 162.6762449514915 V
[SimpleCoupling @ t=2585.4999999999927s]
  T_avg = 298.00000339199283 K
  Q_total = 2.5252838320490014e-7 W
  q_avg = 0.0014760317898561705 W/m^3
  V_cell = 162.67584268587768 V
[SimpleCoupling @ t=2595.4999999999927s]
  T_avg = 298.0000034051195 K
  Q_total = 2.525235616962977e-7 W
  q_avg = 0.001476003608073664 W/m^3
  V_cell = 162.67544044727282 V
[SimpleCoupling @ t=2605.4999999999927s]
  T_avg = 298.0000034182445 K
  Q_total = 2.525187403130917e-7 W
  q_avg = 0.0014759754270241012 W/m^3
  V_cell = 162.6750382208398 V
[SimpleCoupling @ t=2615.4999999999927s]
  T_avg = 298.0000034313684 K
  Q_total = 2.5251391959560096e-7 W
  q_avg = 0.0014759472498656527 W/m^3
  V_cell = 162.674636021129 V
[SimpleCoupling @ t=2625.4999999999927s]
  T_avg = 298.000003444494 K
  Q_total = 2.525090990062325e-7 W
  q_avg = 0.001475919073456081 W/m^3
  V_cell = 162.67423383346693 V
[SimpleCoupling @ t=2635.4999999999927s]
  T_avg = 298.0000034576183 K
  Q_total = 2.525042790795734e-7 W
  q_avg = 0.001475890900920054 W/m^3
  V_cell = 162.6738316722538 V
[SimpleCoupling @ t=2645.4999999999927s]
  T_avg = 298.00000347074194 K
  Q_total = 2.5249945928378093e-7 W
  q_avg = 0.0014758627291489447 W/m^3
  V_cell = 162.67342952297759 V
[SimpleCoupling @ t=2655.4999999999927s]
  T_avg = 298.0000034838669 K
  Q_total = 2.524946401477011e-7 W
  q_avg = 0.0014758345612338646 W/m^3
  V_cell = 162.67302739988935 V
[SimpleCoupling @ t=2665.4999999999927s]
  T_avg = 298.00000349699025 K
  Q_total = 2.5248982114518695e-7 W
  q_avg = 0.0014758063940994773 W/m^3
  V_cell = 162.67262528863682 V
[SimpleCoupling @ t=2675.4999999999927s]
  T_avg = 298.000003510116 K
  Q_total = 2.5248500279944095e-7 W
  q_avg = 0.001475778230803909 W/m^3
  V_cell = 162.67222320332397 V
[SimpleCoupling @ t=2685.4999999999927s]
  T_avg = 298.00000352324145 K
  Q_total = 2.524801845899041e-7 W
  q_avg = 0.001475750068304485 W/m^3
  V_cell = 162.67182112975536 V
[SimpleCoupling @ t=2695.4999999999927s]
  T_avg = 298.0000035363642 K
  Q_total = 2.524753670342842e-7 W
  q_avg = 0.0014757219096272142 W/m^3
  V_cell = 162.6714190818889 V
[SimpleCoupling @ t=2705.4999999999923s]
  T_avg = 298.0000035494897 K
  Q_total = 2.524705496174692e-7 W
  q_avg = 0.00147569375176126 W/m^3
  V_cell = 162.67101704568478 V
[SimpleCoupling @ t=2715.4999999999923s]
  T_avg = 298.0000035626145 K
  Q_total = 2.5246573285168995e-7 W
  q_avg = 0.0014756655977006183 W/m^3
  V_cell = 162.67061503495643 V
[SimpleCoupling @ t=2725.4999999999923s]
  T_avg = 298.00000357573583 K
  Q_total = 2.524609162273646e-7 W
  q_avg = 0.0014756374444667767 W/m^3
  V_cell = 162.67021303581654 V
[SimpleCoupling @ t=2735.4999999999923s]
  T_avg = 298.00000358885853 K
  Q_total = 2.524561002512281e-7 W
  q_avg = 0.0014756092950216073 W/m^3
  V_cell = 162.66981106193643 V
[SimpleCoupling @ t=2745.4999999999923s]
  T_avg = 298.00000360197936 K
  Q_total = 2.5245128441908894e-7 W
  q_avg = 0.0014755811464181048 W/m^3
  V_cell = 162.66940909957938 V
[SimpleCoupling @ t=2755.4999999999923s]
  T_avg = 298.0000036151005 K
  Q_total = 2.5244646923235624e-7 W
  q_avg = 0.0014755530015870117 W/m^3
  V_cell = 162.66900716227562 V
[SimpleCoupling @ t=2765.4999999999923s]
  T_avg = 298.0000036282211 K
  Q_total = 2.5244165419213584e-7 W
  q_avg = 0.0014755248576122845 W/m^3
  V_cell = 162.6686052364372 V
[SimpleCoupling @ t=2775.4999999999923s]
  T_avg = 298.00000364134286 K
  Q_total = 2.524368397945545e-7 W
  q_avg = 0.001475496717393792 W/m^3
  V_cell = 162.6682033354541 V
[SimpleCoupling @ t=2785.4999999999923s]
  T_avg = 298.00000365446357 K
  Q_total = 2.5243202554598757e-7 W
  q_avg = 0.00147546857804629 W/m^3
  V_cell = 162.66780144588594 V
[SimpleCoupling @ t=2795.4999999999923s]
  T_avg = 298.00000366758456 K
  Q_total = 2.52427211937343e-7 W
  q_avg = 0.001475440442439143 W/m^3
  V_cell = 162.66739958098432 V
[SimpleCoupling @ t=2805.4999999999923s]
  T_avg = 298.00000368070505 K
  Q_total = 2.524223984801719e-7 W
  q_avg = 0.0014754123077173607 W/m^3
  V_cell = 162.6669977274536 V
[SimpleCoupling @ t=2815.4999999999923s]
  T_avg = 298.00000369382326 K
  Q_total = 2.5241758566025467e-7 W
  q_avg = 0.0014753841767203354 W/m^3
  V_cell = 162.66659589840904 V
[SimpleCoupling @ t=2825.499999999992s]
  T_avg = 298.0000037069423 K
  Q_total = 2.524127729942343e-7 W
  q_avg = 0.0014753560466228396 W/m^3
  V_cell = 162.66619408069715 V
[SimpleCoupling @ t=2835.499999999992s]
  T_avg = 298.00000372006235 K
  Q_total = 2.5240796096277675e-7 W
  q_avg = 0.001475327920234372 W/m^3
  V_cell = 162.66579228729856 V
[SimpleCoupling @ t=2845.499999999992s]
  T_avg = 298.00000373318215 K
  Q_total = 2.524031490876308e-7 W
  q_avg = 0.0014752997947595477 W/m^3
  V_cell = 162.66539050520086 V
[SimpleCoupling @ t=2855.499999999992s]
  T_avg = 298.0000037463017 K
  Q_total = 2.5239833784443225e-7 W
  q_avg = 0.0014752716729784644 W/m^3
  V_cell = 162.66498874725048 V
[SimpleCoupling @ t=2865.499999999992s]
  T_avg = 298.0000037594212 K
  Q_total = 2.52393526759917e-7 W
  q_avg = 0.0014752435521248873 W/m^3
  V_cell = 162.66458700057484 V
[SimpleCoupling @ t=2875.499999999992s]
  T_avg = 298.00000377253724 K
  Q_total = 2.523887163047827e-7 W
  q_avg = 0.00147521543495005 W/m^3
  V_cell = 162.66418527788787 V
[SimpleCoupling @ t=2885.499999999992s]
  T_avg = 298.00000378565636 K
  Q_total = 2.5238390601064834e-7 W
  q_avg = 0.0014751873187162597 W/m^3
  V_cell = 162.66378356645427 V
[SimpleCoupling @ t=2895.499999999992s]
  T_avg = 298.00000379877184 K
  Q_total = 2.5237909634333267e-7 W
  q_avg = 0.001475159206146233 W/m^3
  V_cell = 162.66338187885694 V
[SimpleCoupling @ t=2905.499999999992s]
  T_avg = 298.0000038118882 K
  Q_total = 2.5237428683935334e-7 W
  q_avg = 0.0014751310945309098 W/m^3
  V_cell = 162.6629802024966 V
[SimpleCoupling @ t=2915.499999999992s]
  T_avg = 298.00000382500593 K
  Q_total = 2.5236947795961145e-7 W
  q_avg = 0.0014751029865642624 W/m^3
  V_cell = 162.6625785498266 V
[SimpleCoupling @ t=2925.499999999992s]
  T_avg = 298.00000383812136 K
  Q_total = 2.523646692455231e-7 W
  q_avg = 0.001475074879565862 W/m^3
  V_cell = 162.66217690838127 V
[SimpleCoupling @ t=2935.499999999992s]
  T_avg = 298.00000385123855 K
  Q_total = 2.5235986115316525e-7 W
  q_avg = 0.0014750467762014853 W/m^3
  V_cell = 162.6617752904865 V
[SimpleCoupling @ t=2945.499999999992s]
  T_avg = 298.0000038643541 K
  Q_total = 2.5235505322871284e-7 W
  q_avg = 0.0014750186738185175 W/m^3
  V_cell = 162.66137368380834 V
[SimpleCoupling @ t=2955.4999999999914s]
  T_avg = 298.0000038774706 K
  Q_total = 2.5235024592352436e-7 W
  q_avg = 0.001474990575055156 W/m^3
  V_cell = 162.66097210054613 V
[SimpleCoupling @ t=2965.4999999999914s]
  T_avg = 298.0000038905861 K
  Q_total = 2.5234543878846673e-7 W
  q_avg = 0.0014749624772862119 W/m^3
  V_cell = 162.66057052849652 V
[SimpleCoupling @ t=2975.4999999999914s]
  T_avg = 298.0000039037002 K
  Q_total = 2.523406322702491e-7 W
  q_avg = 0.0014749343831227054 W/m^3
  V_cell = 162.6601689797337 V
[SimpleCoupling @ t=2985.4999999999914s]
  T_avg = 298.00000391681436 K
  Q_total = 2.523358259243559e-7 W
  q_avg = 0.0014749062899664376 W/m^3
  V_cell = 162.65976744218318 V
[SimpleCoupling @ t=2995.4999999999914s]
  T_avg = 298.0000039299286 K
  Q_total = 2.523310201928747e-7 W
  q_avg = 0.0014748782004014162 W/m^3
  V_cell = 162.6593659277952 V
[SimpleCoupling @ t=3005.4999999999914s]
  T_avg = 298.0000039430422 K
  Q_total = 2.523262146358993e-7 W
  q_avg = 0.0014748501118563837 W/m^3
  V_cell = 162.65896442462235 V
[SimpleCoupling @ t=3015.4999999999914s]
  T_avg = 298.000003956155 K
  Q_total = 2.5232140969095665e-7 W
  q_avg = 0.001474822026888691 W/m^3
  V_cell = 162.65856294449276 V
[SimpleCoupling @ t=3025.4999999999914s]
  T_avg = 298.0000039692692 K
  Q_total = 2.5231660492264926e-7 W
  q_avg = 0.0014747939429534335 W/m^3
  V_cell = 162.65816147558436 V
[SimpleCoupling @ t=3035.4999999999914s]
  T_avg = 298.00000398238217 K
  Q_total = 2.5231180076401946e-7 W
  q_avg = 0.0014747658625817496 W/m^3
  V_cell = 162.65776002960433 V
[SimpleCoupling @ t=3045.4999999999914s]
  T_avg = 298.00000399549515 K
  Q_total = 2.5230699678416094e-7 W
  q_avg = 0.0014747377832549865 W/m^3
  V_cell = 162.65735859485454 V
[SimpleCoupling @ t=3055.4999999999914s]
  T_avg = 298.0000040086074 K
  Q_total = 2.523021934116431e-7 W
  q_avg = 0.0014747097074781375 W/m^3
  V_cell = 162.65695718292255 V
[SimpleCoupling @ t=3065.4999999999914s]
  T_avg = 298.0000040217194 K
  Q_total = 2.5229739021999517e-7 W
  q_avg = 0.0014746816327584756 W/m^3
  V_cell = 162.65655578223243 V
[SimpleCoupling @ t=3075.4999999999914s]
  T_avg = 298.00000403483233 K
  Q_total = 2.52292587633368e-7 W
  q_avg = 0.0014746535615751686 W/m^3
  V_cell = 162.65615440425344 V
[SimpleCoupling @ t=3085.499999999991s]
  T_avg = 298.0000040479438 K
  Q_total = 2.522877852296916e-7 W
  q_avg = 0.001474625491461211 W/m^3
  V_cell = 162.65575303753099 V
[SimpleCoupling @ t=3095.499999999991s]
  T_avg = 298.00000406105517 K
  Q_total = 2.522829834287679e-7 W
  q_avg = 0.001474597424870351 W/m^3
  V_cell = 162.65535169341697 V
[SimpleCoupling @ t=3105.499999999991s]
  T_avg = 298.0000040741656 K
  Q_total = 2.52278181812834e-7 W
  q_avg = 0.0014745693593607586 W/m^3
  V_cell = 162.65495036057567 V
[SimpleCoupling @ t=3115.499999999991s]
  T_avg = 298.00000408727533 K
  Q_total = 2.522733807974084e-7 W
  q_avg = 0.0014745412973611457 W/m^3
  V_cell = 162.65454905024413 V
[SimpleCoupling @ t=3125.499999999991s]
  T_avg = 298.0000041003864 K
  Q_total = 2.5226857996897017e-7 W
  q_avg = 0.0014745132364544764 W/m^3
  V_cell = 162.65414775120422 V
[SimpleCoupling @ t=3135.499999999991s]
  T_avg = 298.0000041134958 K
  Q_total = 2.522637797388239e-7 W
  q_avg = 0.0014744851790448317 W/m^3
  V_cell = 162.65374647457864 V
[SimpleCoupling @ t=3145.499999999991s]
  T_avg = 298.0000041266057 K
  Q_total = 2.52258979697666e-7 W
  q_avg = 0.0014744571227398263 W/m^3
  V_cell = 162.6533452092654 V
[SimpleCoupling @ t=3155.499999999991s]
  T_avg = 298.00000413971645 K
  Q_total = 2.522541802525787e-7 W
  q_avg = 0.0014744290699188617 W/m^3
  V_cell = 162.65294396627414 V
[SimpleCoupling @ t=3165.499999999991s]
  T_avg = 298.0000041528254 K
  Q_total = 2.522493809984704e-7 W
  q_avg = 0.001474401018214172 W/m^3
  V_cell = 162.6525427346181 V
[SimpleCoupling @ t=3175.499999999991s]
  T_avg = 298.00000416593406 K
  Q_total = 2.522445823382696e-7 W
  q_avg = 0.0014743729699808795 W/m^3
  V_cell = 162.65214152519513 V
[SimpleCoupling @ t=3185.499999999991s]
  T_avg = 298.00000417904283 K
  Q_total = 2.522397838709739e-7 W
  q_avg = 0.0014743449228751201 W/m^3
  V_cell = 162.65174032713173 V
[SimpleCoupling @ t=3195.499999999991s]
  T_avg = 298.00000419215195 K
  Q_total = 2.5223498599543133e-7 W
  q_avg = 0.0014743168792281656 W/m^3
  V_cell = 162.65133915121558 V
[SimpleCoupling @ t=3205.499999999991s]
  T_avg = 298.0000042052608 K
  Q_total = 2.5223018831471787e-7 W
  q_avg = 0.0014742888367199898 W/m^3
  V_cell = 162.65093798668488 V
[SimpleCoupling @ t=3215.4999999999905s]
  T_avg = 298.0000042183673 K
  Q_total = 2.522253912236596e-7 W
  q_avg = 0.0014742607976583565 W/m^3
  V_cell = 162.6505368442182 V
[SimpleCoupling @ t=3225.4999999999905s]
  T_avg = 298.000004231475 K
  Q_total = 2.5222059432931334e-7 W
  q_avg = 0.0014742327597465075 W/m^3
  V_cell = 162.6501357131648 V
[SimpleCoupling @ t=3235.4999999999905s]
  T_avg = 298.0000042445808 K
  Q_total = 2.5221579802251797e-7 W
  q_avg = 0.0014742047252689012 W/m^3
  V_cell = 162.64973460409473 V
[SimpleCoupling @ t=3245.4999999999905s]
  T_avg = 298.0000042576879 K
  Q_total = 2.5221100191430593e-7 W
  q_avg = 0.0014741766919520174 W/m^3
  V_cell = 162.6493335064669 V
[SimpleCoupling @ t=3255.4999999999905s]
  T_avg = 298.0000042707924 K
  Q_total = 2.5220620639157847e-7 W
  q_avg = 0.0014741486620572985 W/m^3
  V_cell = 162.64893243074476 V
[SimpleCoupling @ t=3265.4999999999905s]
  T_avg = 298.0000042838984 K
  Q_total = 2.522014110692801e-7 W
  q_avg = 0.0014741206333340905 W/m^3
  V_cell = 162.648531366495 V
[SimpleCoupling @ t=3275.4999999999905s]
  T_avg = 298.00000429700447 K
  Q_total = 2.5219661633039087e-7 W
  q_avg = 0.001474092608020917 W/m^3
  V_cell = 162.6481303240755 V
[SimpleCoupling @ t=3285.4999999999905s]
  T_avg = 298.0000043101096 K
  Q_total = 2.521918217937814e-7 W
  q_avg = 0.001474064583890071 W/m^3
  V_cell = 162.6477292931598 V
[SimpleCoupling @ t=3295.4999999999905s]
  T_avg = 298.0000043232152 K
  Q_total = 2.5218702783854753e-7 W
  q_avg = 0.0014740365631573738 W/m^3
  V_cell = 162.6473282840013 V
[SimpleCoupling @ t=3305.4999999999905s]
  T_avg = 298.00000433631993 K
  Q_total = 2.521822340873968e-7 W
  q_avg = 0.0014740085436175446 W/m^3
  V_cell = 162.64692728637888 V
[SimpleCoupling @ t=3315.4999999999905s]
  T_avg = 298.00000434942183 K
  Q_total = 2.5217744091564786e-7 W
  q_avg = 0.0014739805274643272 W/m^3
  V_cell = 162.64652631044305 V
[SimpleCoupling @ t=3325.4999999999905s]
  T_avg = 298.0000043625263 K
  Q_total = 2.52172647949733e-7 W
  q_avg = 0.0014739525125142127 W/m^3
  V_cell = 162.64612534607662 V
[SimpleCoupling @ t=3335.4999999999905s]
  T_avg = 298.0000043756293 K
  Q_total = 2.521678555612237e-7 W
  q_avg = 0.001473924500939041 W/m^3
  V_cell = 162.64572440332827 V
[SimpleCoupling @ t=3345.49999999999s]
  T_avg = 298.0000043887331 K
  Q_total = 2.521630633803247e-7 W
  q_avg = 0.0014738964905773545 W/m^3
  V_cell = 162.64532347218338 V
[SimpleCoupling @ t=3355.49999999999s]
  T_avg = 298.00000440183686 K
  Q_total = 2.521582717748591e-7 W
  q_avg = 0.001473868483579084 W/m^3
  V_cell = 162.64492256258998 V
[SimpleCoupling @ t=3365.49999999999s]
  T_avg = 298.00000441494126 K
  Q_total = 2.5215348037874323e-7 W
  q_avg = 0.0014738404778044654 W/m^3
  V_cell = 162.6445216646354 V
[SimpleCoupling @ t=3375.49999999999s]
  T_avg = 298.0000044280433 K
  Q_total = 2.5214868955614373e-7 W
  q_avg = 0.0014738124753820578 W/m^3
  V_cell = 162.6441207881677 V
[SimpleCoupling @ t=3385.49999999999s]
  T_avg = 298.0000044411452 K
  Q_total = 2.5214389894461753e-7 W
  q_avg = 0.0014737844741933765 W/m^3
  V_cell = 162.64371992337468 V
[SimpleCoupling @ t=3395.49999999999s]
  T_avg = 298.00000445424826 K
  Q_total = 2.5213910890466086e-7 W
  q_avg = 0.0014737564763455265 W/m^3
  V_cell = 162.64331908000543 V
[SimpleCoupling @ t=3405.49999999999s]
  T_avg = 298.0000044673505 K
  Q_total = 2.5213431907747717e-7 W
  q_avg = 0.0014737284797413377 W/m^3
  V_cell = 162.64291824834723 V
[SimpleCoupling @ t=3415.49999999999s]
  T_avg = 298.0000044804519 K
  Q_total = 2.521295298199881e-7 W
  q_avg = 0.0014737004864670217 W/m^3
  V_cell = 162.6425174380522 V
[SimpleCoupling @ t=3425.49999999999s]
  T_avg = 298.00000449355434 K
  Q_total = 2.521247407769288e-7 W
  q_avg = 0.0014736724944460502 W/m^3
  V_cell = 162.64211663950525 V
[SimpleCoupling @ t=3435.49999999999s]
  T_avg = 298.00000450665556 K
  Q_total = 2.5211995230169513e-7 W
  q_avg = 0.0014736445057440275 W/m^3
  V_cell = 162.6417158622622 V
[SimpleCoupling @ t=3445.49999999999s]
  T_avg = 298.0000045197563 K
  Q_total = 2.5211516404255937e-7 W
  q_avg = 0.0014736165183050999 W/m^3
  V_cell = 162.6413150968047 V
[SimpleCoupling @ t=3455.49999999999s]
  T_avg = 298.0000045328562 K
  Q_total = 2.5211037634939324e-7 W
  q_avg = 0.0014735885341742722 W/m^3
  V_cell = 162.64091435259365 V
[SimpleCoupling @ t=3465.4999999999895s]
  T_avg = 298.0000045459559 K
  Q_total = 2.5210558887395476e-7 W
  q_avg = 0.0014735605513160656 W/m^3
  V_cell = 162.64051362020632 V
[SimpleCoupling @ t=3475.4999999999895s]
  T_avg = 298.0000045590551 K
  Q_total = 2.521008019626518e-7 W
  q_avg = 0.001473532571755239 W/m^3
  V_cell = 162.64011290900925 V
[SimpleCoupling @ t=3485.4999999999895s]
  T_avg = 298.00000457215566 K
  Q_total = 2.520960152706742e-7 W
  q_avg = 0.0014735045934763716 W/m^3
  V_cell = 162.6397122096743 V
[SimpleCoupling @ t=3495.4999999999895s]
  T_avg = 298.00000458525506 K
  Q_total = 2.520912291410286e-7 W
  q_avg = 0.0014734766184843426 W/m^3
  V_cell = 162.6393115314751 V
[SimpleCoupling @ t=3505.4999999999895s]
  T_avg = 298.00000459835366 K
  Q_total = 2.5208644323232106e-7 W
  q_avg = 0.0014734486447836993 W/m^3
  V_cell = 162.63891086517688 V
[SimpleCoupling @ t=3515.4999999999895s]
  T_avg = 298.00000461145123 K
  Q_total = 2.520816578841533e-7 W
  q_avg = 0.0014734206743594188 W/m^3
  V_cell = 162.63851021996157 V
[SimpleCoupling @ t=3525.4999999999895s]
  T_avg = 298.0000046245497 K
  Q_total = 2.5207687275848126e-7 W
  q_avg = 0.0014733927052356286 W/m^3
  V_cell = 162.63810958668637 V
[SimpleCoupling @ t=3535.4999999999895s]
  T_avg = 298.00000463764695 K
  Q_total = 2.5207208819158134e-7 W
  q_avg = 0.001473364739377869 W/m^3
  V_cell = 162.6377089744423 V
[SimpleCoupling @ t=3545.4999999999895s]
  T_avg = 298.00000465074476 K
  Q_total = 2.520673038487324e-7 W
  q_avg = 0.0014733367748296902 W/m^3
  V_cell = 162.6373083741779 V
[SimpleCoupling @ t=3555.4999999999895s]
  T_avg = 298.0000046638427 K
  Q_total = 2.520625200628924e-7 W
  q_avg = 0.0014733088135372363 W/m^3
  V_cell = 162.63690779489392 V
[SimpleCoupling @ t=3565.4999999999895s]
  T_avg = 298.0000046769406 K
  Q_total = 2.5205773650264284e-7 W
  q_avg = 0.0014732808535633617 W/m^3
  V_cell = 162.63650722762952 V
[SimpleCoupling @ t=3575.4999999999895s]
  T_avg = 298.00000469003794 K
  Q_total = 2.5205295349767733e-7 W
  q_avg = 0.0014732528968351296 W/m^3
  V_cell = 162.6361066812965 V
[SimpleCoupling @ t=3585.4999999999895s]
  T_avg = 298.0000047031335 K
  Q_total = 2.520481707198343e-7 W
  q_avg = 0.0014732249414344315 W/m^3
  V_cell = 162.63570614702311 V
[SimpleCoupling @ t=3595.499999999989s]
  T_avg = 298.0000047162298 K
  Q_total = 2.5204338849555147e-7 W
  q_avg = 0.0014731969892693001 W/m^3
  V_cell = 162.63530563363307 V
[SimpleCoupling @ t=3600.0s]
  T_avg = 298.00000472932464 K
  Q_total = 2.5203860649988306e-7 W
  q_avg = 0.0014731690384404232 W/m^3
  V_cell = 162.6349051323426 V
finish the simulation
