===== JuBat Debug Log 1764687579 =====
[ThermalLumped] 内热源 Q_rxn+Q_ohm+Q_rev = 0.7338699917508372 W (nd=5.715893661379857)

[Solve] 初始化完成: V=4.034167426950418 V, t_end=3600.0
start to solve the problem 
[ThermalLumped] 内热源 Q_rxn+Q_ohm+Q_rev = 0.7338700256371502 W (nd=5.715893925310205)
[ThermalLumped] 内热源 Q_rxn+Q_ohm+Q_rev = 0.7354222742048498 W (nd=5.72798392469529)
[ThermalLumped] 内热源 Q_rxn+Q_ohm+Q_rev = 0.7377731090919265 W (nd=5.746293873843006)
[ThermalLumped] 内热源 Q_rxn+Q_ohm+Q_rev = 0.7401896300006887 W (nd=5.765115431748694)
[ThermalLumped] 内热源 Q_rxn+Q_ohm+Q_rev = 0.742512901127952 W (nd=5.7832106950232)
[ThermalLumped] 内热源 Q_rxn+Q_ohm+Q_rev = 0.7447777618337209 W (nd=5.800851017011469)
[ThermalLumped] 内热源 Q_rxn+Q_ohm+Q_rev = 0.7469874639102092 W (nd=5.818061724949539)
[ThermalLumped] 内热源 Q_rxn+Q_ohm+Q_rev = 0.7491463708221824 W (nd=5.834876804558144)
[ThermalLumped] 内热源 Q_rxn+Q_ohm+Q_rev = 0.7512435969176393 W (nd=5.851211470752769)
[ThermalLumped] 内热源 Q_rxn+Q_ohm+Q_rev = 0.7532821114915542 W (nd=5.86708885048303)
[ThermalLumped] 内热源 Q_rxn+Q_ohm+Q_rev = 0.7552559353925477 W (nd=5.882462373928854)
[ThermalLumped] 内热源 Q_rxn+Q_ohm+Q_rev = 0.757170030676469 W (nd=5.897370689057725)
[ThermalLumped] 内热源 Q_rxn+Q_ohm+Q_rev = 0.7590204812270839 W (nd=5.91178329441269)
[ThermalLumped] 内热源 Q_rxn+Q_ohm+Q_rev = 0.760812305843251 W (nd=5.925739279915543)
[ThermalLumped] 内热源 Q_rxn+Q_ohm+Q_rev = 0.7625424120879963 W (nd=5.939214559500502)
[ThermalLumped] 内热源 Q_rxn+Q_ohm+Q_rev = 0.7642155745100729 W (nd=5.952246320698408)
[ThermalLumped] 内热源 Q_rxn+Q_ohm+Q_rev = 0.7658292647173943 W (nd=5.964814870620247)
[ThermalLumped] 内热源 Q_rxn+Q_ohm+Q_rev = 0.7673880180704453 W (nd=5.9769555338310445)
[ThermalLumped] 内热源 Q_rxn+Q_ohm+Q_rev = 0.7688897548369071 W (nd=5.9886521119184)
[ThermalLumped] 内热源 Q_rxn+Q_ohm+Q_rev = 0.7703387863835284 W (nd=5.999938184827188)
[ThermalLumped] 内热源 Q_rxn+Q_ohm+Q_rev = 0.7717333954761232 W (nd=6.010800377534438)
[ThermalLumped] 内热源 Q_rxn+Q_ohm+Q_rev = 0.7730776762499718 W (nd=6.021270578034153)
[ThermalLumped] 内热源 Q_rxn+Q_ohm+Q_rev = 0.7743702033665749 W (nd=6.031337684791479)
[ThermalLumped] 内热源 Q_rxn+Q_ohm+Q_rev = 0.775614856344744 W (nd=6.041031914216996)
[ThermalLumped] 内热源 Q_rxn+Q_ohm+Q_rev = 0.7768104435761977 W (nd=6.050343985230539)
[ThermalLumped] 内热源 Q_rxn+Q_ohm+Q_rev = 0.7779606322260906 W (nd=6.059302460283633)
[ThermalLumped] 内热源 Q_rxn+Q_ohm+Q_rev = 0.7790644171558934 W (nd=6.067899510653187)
[ThermalLumped] 内热源 Q_rxn+Q_ohm+Q_rev = 0.7801252570249303 W (nd=6.076162074801234)
[ThermalLumped] 内热源 Q_rxn+Q_ohm+Q_rev = 0.7811422953146859 W (nd=6.084083481561477)
[ThermalLumped] 内热源 Q_rxn+Q_ohm+Q_rev = 0.7821187881616907 W (nd=6.091689092006538)
[ThermalLumped] 内热源 Q_rxn+Q_ohm+Q_rev = 0.7839617898078248 W (nd=6.1060436800745395)
[ThermalLumped] 内热源 Q_rxn+Q_ohm+Q_rev = 0.7872576433392451 W (nd=6.1317140965254655)
[ThermalLumped] 内热源 Q_rxn+Q_ohm+Q_rev = 0.7924492195994435 W (nd=6.172149729773586)
[ThermalLumped] 内热源 Q_rxn+Q_ohm+Q_rev = 0.7966118982488388 W (nd=6.204571587560242)
[ThermalLumped] 内热源 Q_rxn+Q_ohm+Q_rev = 0.7986363144238907 W (nd=6.220339159082505)
[ThermalLumped] 内热源 Q_rxn+Q_ohm+Q_rev = 0.7991470283084471 W (nd=6.224316956632927)
[ThermalLumped] 内热源 Q_rxn+Q_ohm+Q_rev = 0.798642155212112 W (nd=6.220384651233358)
[ThermalLumped] 内热源 Q_rxn+Q_ohm+Q_rev = 0.7974577302408936 W (nd=6.211159519723054)
[ThermalLumped] 内热源 Q_rxn+Q_ohm+Q_rev = 0.7958481494614997 W (nd=6.198622976905073)
[ThermalLumped] 内热源 Q_rxn+Q_ohm+Q_rev = 0.7939849832190901 W (nd=6.184111332833513)
[ThermalLumped] 内热源 Q_rxn+Q_ohm+Q_rev = 0.7919651658873963 W (nd=6.168379580325375)
[ThermalLumped] 内热源 Q_rxn+Q_ohm+Q_rev = 0.7898519495437009 W (nd=6.151920370874345)
[ThermalLumped] 内热源 Q_rxn+Q_ohm+Q_rev = 0.787673383750657 W (nd=6.1349521741265125)
[ThermalLumped] 内热源 Q_rxn+Q_ohm+Q_rev = 0.7854365295199249 W (nd=6.1175299861877885)
[ThermalLumped] 内热源 Q_rxn+Q_ohm+Q_rev = 0.7831348841904964 W (nd=6.099603159778335)
[ThermalLumped] 内热源 Q_rxn+Q_ohm+Q_rev = 0.7807664981941328 W (nd=6.081156510294795)
[ThermalLumped] 内热源 Q_rxn+Q_ohm+Q_rev = 0.7783263808069807 W (nd=6.062151166483188)
[ThermalLumped] 内热源 Q_rxn+Q_ohm+Q_rev = 0.7758178192076495 W (nd=6.0426127311935955)
[ThermalLumped] 内热源 Q_rxn+Q_ohm+Q_rev = 0.7732478464025611 W (nd=6.022595982407509)
[ThermalLumped] 内热源 Q_rxn+Q_ohm+Q_rev = 0.7706334954506886 W (nd=6.002233585521953)
[ThermalLumped] 内热源 Q_rxn+Q_ohm+Q_rev = 0.7679877417727007 W (nd=5.981626602203963)
[ThermalLumped] 内热源 Q_rxn+Q_ohm+Q_rev = 0.76532621919229 W (nd=5.960896799625861)
[ThermalLumped] 内热源 Q_rxn+Q_ohm+Q_rev = 0.7626595581433379 W (nd=5.94012697505463)
[ThermalLumped] 内热源 Q_rxn+Q_ohm+Q_rev = 0.7600010927889743 W (nd=5.919420984294944)
[ThermalLumped] 内热源 Q_rxn+Q_ohm+Q_rev = 0.7573572955040819 W (nd=5.898829238737074)
[ThermalLumped] 内热源 Q_rxn+Q_ohm+Q_rev = 0.7547370938568019 W (nd=5.878421272536556)
[ThermalLumped] 内热源 Q_rxn+Q_ohm+Q_rev = 0.752144300073571 W (nd=5.858226777983813)
[ThermalLumped] 内热源 Q_rxn+Q_ohm+Q_rev = 0.7495855366469975 W (nd=5.83829733569114)
[ThermalLumped] 内热源 Q_rxn+Q_ohm+Q_rev = 0.7470617537038688 W (nd=5.818640345911641)
[ThermalLumped] 内热源 Q_rxn+Q_ohm+Q_rev = 0.744577494982376 W (nd=5.7992911984617885)
[ThermalLumped] 内热源 Q_rxn+Q_ohm+Q_rev = 0.7421326796982481 W (nd=5.780249264137084)
[ThermalLumped] 内热源 Q_rxn+Q_ohm+Q_rev = 0.739730547980318 W (nd=5.761539779330982)
[ThermalLumped] 内热源 Q_rxn+Q_ohm+Q_rev = 0.7373696398257746 W (nd=5.74315137251868)
[ThermalLumped] 内热源 Q_rxn+Q_ohm+Q_rev = 0.735052571254982 W (nd=5.725104419099617)
[ThermalLumped] 内热源 Q_rxn+Q_ohm+Q_rev = 0.7327775073577572 W (nd=5.7073846275077065)
[ThermalLumped] 内热源 Q_rxn+Q_ohm+Q_rev = 0.7305463176697653 W (nd=5.690006558996549)
[ThermalLumped] 内热源 Q_rxn+Q_ohm+Q_rev = 0.7283566940361895 W (nd=5.672952236039285)
[ThermalLumped] 内热源 Q_rxn+Q_ohm+Q_rev = 0.7262104387428665 W (nd=5.656235696100732)
[ThermalLumped] 内热源 Q_rxn+Q_ohm+Q_rev = 0.7241050192595082 W (nd=5.639837214060662)
[ThermalLumped] 内热源 Q_rxn+Q_ohm+Q_rev = 0.7220418781566579 W (nd=5.623768025669159)
[ThermalLumped] 内热源 Q_rxn+Q_ohm+Q_rev = 0.7200184640259699 W (nd=5.608008258770457)
[ThermalLumped] 内热源 Q_rxn+Q_ohm+Q_rev = 0.71803624520427 W (nd=5.5925693498005025)
[ThermalLumped] 内热源 Q_rxn+Q_ohm+Q_rev = 0.7160925208206048 W (nd=5.577430262484022)
[ThermalLumped] 内热源 Q_rxn+Q_ohm+Q_rev = 0.7141886843242852 W (nd=5.562601849980528)
[ThermalLumped] 内热源 Q_rxn+Q_ohm+Q_rev = 0.7123221566606471 W (nd=5.548064024805355)
[ThermalLumped] 内热源 Q_rxn+Q_ohm+Q_rev = 0.7104943354636941 W (nd=5.533827672711336)
[ThermalLumped] 内热源 Q_rxn+Q_ohm+Q_rev = 0.7087026122726867 W (nd=5.519872477178687)
[ThermalLumped] 内热源 Q_rxn+Q_ohm+Q_rev = 0.7069484687048201 W (nd=5.506209978080177)
[ThermalLumped] 内热源 Q_rxn+Q_ohm+Q_rev = 0.7052294302677844 W (nd=5.492820902336014)
[ThermalLumped] 内热源 Q_rxn+Q_ohm+Q_rev = 0.7035470157318543 W (nd=5.47971707919318)
[ThermalLumped] 内热源 Q_rxn+Q_ohm+Q_rev = 0.7018988567002215 W (nd=5.46688006191798)
[ThermalLumped] 内热源 Q_rxn+Q_ohm+Q_rev = 0.700286640469576 W (nd=5.454322992359196)
[ThermalLumped] 内热源 Q_rxn+Q_ohm+Q_rev = 0.6987081745718241 W (nd=5.442028794039219)
[ThermalLumped] 内热源 Q_rxn+Q_ohm+Q_rev = 0.6971653050123767 W (nd=5.430011844941544)
[ThermalLumped] 内热源 Q_rxn+Q_ohm+Q_rev = 0.6956560991604851 W (nd=5.418257092383854)
[ThermalLumped] 内热源 Q_rxn+Q_ohm+Q_rev = 0.6941826969383242 W (nd=5.406781203579326)
[ThermalLumped] 内热源 Q_rxn+Q_ohm+Q_rev = 0.6927435046713535 W (nd=5.395571765874074)
[ThermalLumped] 内热源 Q_rxn+Q_ohm+Q_rev = 0.6913410516221314 W (nd=5.3846484789369615)
[ThermalLumped] 内热源 Q_rxn+Q_ohm+Q_rev = 0.6899742462117707 W (nd=5.374002840786828)
[ThermalLumped] 内热源 Q_rxn+Q_ohm+Q_rev = 0.6886461685205123 W (nd=5.363658841246564)
[ThermalLumped] 内热源 Q_rxn+Q_ohm+Q_rev = 0.6873563619525843 W (nd=5.353612924028398)
[ThermalLumped] 内热源 Q_rxn+Q_ohm+Q_rev = 0.6861086002102211 W (nd=5.343894481369269)
[ThermalLumped] 内热源 Q_rxn+Q_ohm+Q_rev = 0.6849031834855501 W (nd=5.334505851375786)
[ThermalLumped] 内热源 Q_rxn+Q_ohm+Q_rev = 0.6837446211619237 W (nd=5.325482156284875)
[ThermalLumped] 内热源 Q_rxn+Q_ohm+Q_rev = 0.6826339139878198 W (nd=5.316831190626825)
[ThermalLumped] 内热源 Q_rxn+Q_ohm+Q_rev = 0.6815761541919978 W (nd=5.308592616246944)
[ThermalLumped] 内热源 Q_rxn+Q_ohm+Q_rev = 0.6805727702064318 W (nd=5.3007775587742385)
[ThermalLumped] 内热源 Q_rxn+Q_ohm+Q_rev = 0.6796290566118097 W (nd=5.293427256112606)
[ThermalLumped] 内热源 Q_rxn+Q_ohm+Q_rev = 0.678746422716162 W (nd=5.28655268494038)
[ThermalLumped] 内热源 Q_rxn+Q_ohm+Q_rev = 0.6779298980743764 W (nd=5.280193018954845)
[ThermalLumped] 内热源 Q_rxn+Q_ohm+Q_rev = 0.6771804020716206 W (nd=5.274355418971828)
[ThermalLumped] 内热源 Q_rxn+Q_ohm+Q_rev = 0.6765022415636951 W (nd=5.269073429801783)
[ThermalLumped] 内热源 Q_rxn+Q_ohm+Q_rev = 0.6758954002232311 W (nd=5.264346924275721)
[ThermalLumped] 内热源 Q_rxn+Q_ohm+Q_rev = 0.6753630260942629 W (nd=5.2602004215661715)
[ThermalLumped] 内热源 Q_rxn+Q_ohm+Q_rev = 0.674903748289437 W (nd=5.2566232442419505)
[ThermalLumped] 内热源 Q_rxn+Q_ohm+Q_rev = 0.6745191972770592 W (nd=5.253628091532567)
[ThermalLumped] 内热源 Q_rxn+Q_ohm+Q_rev = 0.6742064069324009 W (nd=5.251191861180502)
[ThermalLumped] 内热源 Q_rxn+Q_ohm+Q_rev = 0.6739654237141359 W (nd=5.2493149150384575)
[ThermalLumped] 内热源 Q_rxn+Q_ohm+Q_rev = 0.6737918223360341 W (nd=5.247962785876817)
[ThermalLumped] 内热源 Q_rxn+Q_ohm+Q_rev = 0.6736843879344687 W (nd=5.247126011486497)
[ThermalLumped] 内热源 Q_rxn+Q_ohm+Q_rev = 0.6736376821349158 W (nd=5.246762233996458)
[ThermalLumped] 内热源 Q_rxn+Q_ohm+Q_rev = 0.6736497057100959 W (nd=5.246855882023944)
[ThermalLumped] 内热源 Q_rxn+Q_ohm+Q_rev = 0.6737144302805824 W (nd=5.247360002326365)
[ThermalLumped] 内热源 Q_rxn+Q_ohm+Q_rev = 0.6738293880560237 W (nd=5.248255374023474)
[ThermalLumped] 内热源 Q_rxn+Q_ohm+Q_rev = 0.6739881666195222 W (nd=5.24949205271979)
[ThermalLumped] 内热源 Q_rxn+Q_ohm+Q_rev = 0.6741879608030585 W (nd=5.251048189801416)
[ThermalLumped] 内热源 Q_rxn+Q_ohm+Q_rev = 0.6744220886804095 W (nd=5.25287174174542)
[ThermalLumped] 内热源 Q_rxn+Q_ohm+Q_rev = 0.6746875484780213 W (nd=5.254939328636253)
[ThermalLumped] 内热源 Q_rxn+Q_ohm+Q_rev = 0.6749775722887975 W (nd=5.257198237271705)
[ThermalLumped] 内热源 Q_rxn+Q_ohm+Q_rev = 0.6752891652821033 W (nd=5.2596251418125455)
[ThermalLumped] 内热源 Q_rxn+Q_ohm+Q_rev = 0.6756156601201747 W (nd=5.262168112360985)
[ThermalLumped] 内热源 Q_rxn+Q_ohm+Q_rev = 0.6759541995032738 W (nd=5.264804894264776)
[ThermalLumped] 内热源 Q_rxn+Q_ohm+Q_rev = 0.6762982808856056 W (nd=5.267484841141439)
[ThermalLumped] 内热源 Q_rxn+Q_ohm+Q_rev = 0.6766451951584979 W (nd=5.270186852554572)
[ThermalLumped] 内热源 Q_rxn+Q_ohm+Q_rev = 0.6769885981423203 W (nd=5.2728615155883425)
[ThermalLumped] 内热源 Q_rxn+Q_ohm+Q_rev = 0.6773259346808116 W (nd=5.275488928895588)
[ThermalLumped] 内热源 Q_rxn+Q_ohm+Q_rev = 0.6776510524906245 W (nd=5.2780211741831735)
[ThermalLumped] 内热源 Q_rxn+Q_ohm+Q_rev = 0.677961597889224 W (nd=5.280439919322474)
[ThermalLumped] 内热源 Q_rxn+Q_ohm+Q_rev = 0.6782516483637856 W (nd=5.282699035634167)
[ThermalLumped] 内热源 Q_rxn+Q_ohm+Q_rev = 0.6785190539000242 W (nd=5.284781777300655)
[ThermalLumped] 内热源 Q_rxn+Q_ohm+Q_rev = 0.6787580838148493 W (nd=5.286643509746982)
[ThermalLumped] 内热源 Q_rxn+Q_ohm+Q_rev = 0.6789667245900429 W (nd=5.288268550282554)
[ThermalLumped] 内热源 Q_rxn+Q_ohm+Q_rev = 0.6791393660752134 W (nd=5.289613203125523)
[ThermalLumped] 内热源 Q_rxn+Q_ohm+Q_rev = 0.6792740715968177 W (nd=5.290662384105459)
[ThermalLumped] 内热源 Q_rxn+Q_ohm+Q_rev = 0.6793653073936344 W (nd=5.291372992412894)
[ThermalLumped] 内热源 Q_rxn+Q_ohm+Q_rev = 0.6794111702981346 W (nd=5.291730204845711)
[ThermalLumped] 内热源 Q_rxn+Q_ohm+Q_rev = 0.6794061455345302 W (nd=5.2916910684662986)
[ThermalLumped] 内热源 Q_rxn+Q_ohm+Q_rev = 0.6793482829233504 W (nd=5.291240393910599)
[ThermalLumped] 内热源 Q_rxn+Q_ohm+Q_rev = 0.6792319928978645 W (nd=5.290334645716739)
[ThermalLumped] 内热源 Q_rxn+Q_ohm+Q_rev = 0.6790551886688024 W (nd=5.288957570507832)
[ThermalLumped] 内热源 Q_rxn+Q_ohm+Q_rev = 0.6788121418929742 W (nd=5.28706455193371)
[ThermalLumped] 内热源 Q_rxn+Q_ohm+Q_rev = 0.6785006013683953 W (nd=5.284638056056075)
[ThermalLumped] 内热源 Q_rxn+Q_ohm+Q_rev = 0.6781147157187146 W (nd=5.2816325082563)
[ThermalLumped] 内热源 Q_rxn+Q_ohm+Q_rev = 0.6776521342925045 W (nd=5.278029600014149)
[ThermalLumped] 内热源 Q_rxn+Q_ohm+Q_rev = 0.6771070180894634 W (nd=5.273783853104339)
[ThermalLumped] 内热源 Q_rxn+Q_ohm+Q_rev = 0.6764771550950475 W (nd=5.268878038807817)
[ThermalLumped] 内热源 Q_rxn+Q_ohm+Q_rev = 0.6757571053449066 W (nd=5.263269786870865)
[ThermalLumped] 内热源 Q_rxn+Q_ohm+Q_rev = 0.6749453719698242 W (nd=5.256947438627281)
[ThermalLumped] 内热源 Q_rxn+Q_ohm+Q_rev = 0.6740377162889762 W (nd=5.249877980261099)
[ThermalLumped] 内热源 Q_rxn+Q_ohm+Q_rev = 0.6730343995921931 W (nd=5.242063446880577)
[ThermalLumped] 内热源 Q_rxn+Q_ohm+Q_rev = 0.6719336633451732 W (nd=5.233490141788511)
[ThermalLumped] 内热源 Q_rxn+Q_ohm+Q_rev = 0.6707389942546728 W (nd=5.224185221899981)
[ThermalLumped] 内热源 Q_rxn+Q_ohm+Q_rev = 0.6694526709142599 W (nd=5.214166434498128)
[ThermalLumped] 内热源 Q_rxn+Q_ohm+Q_rev = 0.6680828783914209 W (nd=5.203497530623177)
[ThermalLumped] 内热源 Q_rxn+Q_ohm+Q_rev = 0.6666370849710781 W (nd=5.1922366785105485)
[ThermalLumped] 内热源 Q_rxn+Q_ohm+Q_rev = 0.6651287294633633 W (nd=5.180488549029079)
[ThermalLumped] 内热源 Q_rxn+Q_ohm+Q_rev = 0.6635701806265456 W (nd=5.168349478733992)
[ThermalLumped] 内热源 Q_rxn+Q_ohm+Q_rev = 0.6619788484513647 W (nd=5.155955068830999)
[ThermalLumped] 内热源 Q_rxn+Q_ohm+Q_rev = 0.6603697524231543 W (nd=5.143422301594862)
[ThermalLumped] 内热源 Q_rxn+Q_ohm+Q_rev = 0.6587612790009963 W (nd=5.1308943836508725)
[ThermalLumped] 内热源 Q_rxn+Q_ohm+Q_rev = 0.6571677476115699 W (nd=5.1184828447265165)
[ThermalLumped] 内热源 Q_rxn+Q_ohm+Q_rev = 0.6556052729614791 W (nd=5.106313197447148)
[ThermalLumped] 内热源 Q_rxn+Q_ohm+Q_rev = 0.654084742245747 W (nd=5.0944702389154175)
[ThermalLumped] 内热源 Q_rxn+Q_ohm+Q_rev = 0.6526180542748071 W (nd=5.083046645403552)
[ThermalLumped] 内热源 Q_rxn+Q_ohm+Q_rev = 0.6512115981279327 W (nd=5.072092179537263)
[ThermalLumped] 内热源 Q_rxn+Q_ohm+Q_rev = 0.6498728000038246 W (nd=5.061664681754993)
[ThermalLumped] 内热源 Q_rxn+Q_ohm+Q_rev = 0.6486039298539781 W (nd=5.051781832029365)
[ThermalLumped] 内热源 Q_rxn+Q_ohm+Q_rev = 0.6474087483765076 W (nd=5.042472921312122)
[ThermalLumped] 内热源 Q_rxn+Q_ohm+Q_rev = 0.6462864448995543 W (nd=5.033731635522853)
[ThermalLumped] 内热源 Q_rxn+Q_ohm+Q_rev = 0.6452382321665155 W (nd=5.025567420356813)
[ThermalLumped] 内热源 Q_rxn+Q_ohm+Q_rev = 0.6442613076699417 W (nd=5.017958447922485)
[ThermalLumped] 内热源 Q_rxn+Q_ohm+Q_rev = 0.6433553349599005 W (nd=5.010902097712071)
[ThermalLumped] 内热源 Q_rxn+Q_ohm+Q_rev = 0.6425163957937274 W (nd=5.004367851706492)
[ThermalLumped] 内热源 Q_rxn+Q_ohm+Q_rev = 0.6417433510847058 W (nd=4.99834683790033)
[ThermalLumped] 内热源 Q_rxn+Q_ohm+Q_rev = 0.6410317862178236 W (nd=4.9928046721788935)
[ThermalLumped] 内热源 Q_rxn+Q_ohm+Q_rev = 0.6403802648397872 W (nd=4.987730167216389)
[ThermalLumped] 内热源 Q_rxn+Q_ohm+Q_rev = 0.6397842795616618 W (nd=4.983088216309819)
[ThermalLumped] 内热源 Q_rxn+Q_ohm+Q_rev = 0.6392424151895109 W (nd=4.978867796937288)
[ThermalLumped] 内热源 Q_rxn+Q_ohm+Q_rev = 0.6387503168172934 W (nd=4.975034990039402)
[ThermalLumped] 内热源 Q_rxn+Q_ohm+Q_rev = 0.6383067769247035 W (nd=4.971580390602008)
[ThermalLumped] 内热源 Q_rxn+Q_ohm+Q_rev = 0.6379077299465877 W (nd=4.968472333155262)
[ThermalLumped] 内热源 Q_rxn+Q_ohm+Q_rev = 0.6375522745110735 W (nd=4.9657037971835)
[ThermalLumped] 内热源 Q_rxn+Q_ohm+Q_rev = 0.6372367005426118 W (nd=4.963245886018985)
[ThermalLumped] 内热源 Q_rxn+Q_ohm+Q_rev = 0.636960455148387 W (nd=4.9610942933451)
[ThermalLumped] 内热源 Q_rxn+Q_ohm+Q_rev = 0.6367202058305008 W (nd=4.959223063333392)
[ThermalLumped] 内热源 Q_rxn+Q_ohm+Q_rev = 0.6365157563840853 W (nd=4.957630667802882)
[ThermalLumped] 内热源 Q_rxn+Q_ohm+Q_rev = 0.6363441478852715 W (nd=4.956294060581392)
[ThermalLumped] 内热源 Q_rxn+Q_ohm+Q_rev = 0.636205529391942 W (nd=4.9552144026361455)
[ThermalLumped] 内热源 Q_rxn+Q_ohm+Q_rev = 0.6360972969385676 W (nd=4.954371412459204)
[ThermalLumped] 内热源 Q_rxn+Q_ohm+Q_rev = 0.6360199227213421 W (nd=4.9537687678453555)
[ThermalLumped] 内热源 Q_rxn+Q_ohm+Q_rev = 0.6359711312876836 W (nd=4.95338874597566)
[ThermalLumped] 内热源 Q_rxn+Q_ohm+Q_rev = 0.635951690140035 W (nd=4.9532373246968735)
[ThermalLumped] 内热源 Q_rxn+Q_ohm+Q_rev = 0.6359596216050657 W (nd=4.953299100503493)
[ThermalLumped] 内热源 Q_rxn+Q_ohm+Q_rev = 0.6359959573356075 W (nd=4.953582108630573)
[ThermalLumped] 内热源 Q_rxn+Q_ohm+Q_rev = 0.6360589839233948 W (nd=4.954073003854088)
[ThermalLumped] 内热源 Q_rxn+Q_ohm+Q_rev = 0.63614996356459 W (nd=4.954781617042075)
[ThermalLumped] 内热源 Q_rxn+Q_ohm+Q_rev = 0.636267411294984 W (nd=4.955696382252873)
[ThermalLumped] 内热源 Q_rxn+Q_ohm+Q_rev = 0.6364127840353263 W (nd=4.956828647006031)
[ThermalLumped] 内热源 Q_rxn+Q_ohm+Q_rev = 0.6365847873318901 W (nd=4.958168329189002)
[ThermalLumped] 内热源 Q_rxn+Q_ohm+Q_rev = 0.6367850350283326 W (nd=4.9597279985468825)
[ThermalLumped] 内热源 Q_rxn+Q_ohm+Q_rev = 0.6370123835066472 W (nd=4.961498747781393)
[ThermalLumped] 内热源 Q_rxn+Q_ohm+Q_rev = 0.6372685642886924 W (nd=4.963494063197909)
[ThermalLumped] 内热源 Q_rxn+Q_ohm+Q_rev = 0.6375525438790253 W (nd=4.965705895209833)
[ThermalLumped] 内热源 Q_rxn+Q_ohm+Q_rev = 0.637866131615181 W (nd=4.968148336205551)
[ThermalLumped] 内热源 Q_rxn+Q_ohm+Q_rev = 0.638208363465215 W (nd=4.970813877628855)
[ThermalLumped] 内热源 Q_rxn+Q_ohm+Q_rev = 0.6385810872355318 W (nd=4.973716911490637)
[ThermalLumped] 内热源 Q_rxn+Q_ohm+Q_rev = 0.6389833688075741 W (nd=4.976850162221112)
[ThermalLumped] 内热源 Q_rxn+Q_ohm+Q_rev = 0.6394170568236651 W (nd=4.980228028341891)
[ThermalLumped] 内热源 Q_rxn+Q_ohm+Q_rev = 0.6398812099764362 W (nd=4.983843178291685)
[ThermalLumped] 内热源 Q_rxn+Q_ohm+Q_rev = 0.6403776431424228 W (nd=4.987709747600497)
[ThermalLumped] 内热源 Q_rxn+Q_ohm+Q_rev = 0.6409053745281058 W (nd=4.991820089372532)
[ThermalLumped] 内热源 Q_rxn+Q_ohm+Q_rev = 0.6414661550616095 W (nd=4.996187841062762)
[ThermalLumped] 内热源 Q_rxn+Q_ohm+Q_rev = 0.642058934393946 W (nd=5.000804821817372)
[ThermalLumped] 内热源 Q_rxn+Q_ohm+Q_rev = 0.6426853751500207 W (nd=5.005683981323996)
[ThermalLumped] 内热源 Q_rxn+Q_ohm+Q_rev = 0.6433443368665328 W (nd=5.010816436855414)
[ThermalLumped] 内热源 Q_rxn+Q_ohm+Q_rev = 0.6440373764035857 W (nd=5.016214314328883)
[ThermalLumped] 内热源 Q_rxn+Q_ohm+Q_rev = 0.6447632488894351 W (nd=5.021867917811073)
[ThermalLumped] 内热源 Q_rxn+Q_ohm+Q_rev = 0.6455233952025189 W (nd=5.0277884698727675)
[ThermalLumped] 内热源 Q_rxn+Q_ohm+Q_rev = 0.6463164588999134 W (nd=5.033965405586126)
[ThermalLumped] 内热源 Q_rxn+Q_ohm+Q_rev = 0.6471437612700096 W (nd=5.04040901607086)
[ThermalLumped] 内热源 Q_rxn+Q_ohm+Q_rev = 0.6480038331458853 W (nd=5.047107858425649)
[ThermalLumped] 内热源 Q_rxn+Q_ohm+Q_rev = 0.6488978776988933 W (nd=5.0540713037919565)
[ThermalLumped] 内热源 Q_rxn+Q_ohm+Q_rev = 0.6498243160725745 W (nd=5.0612870549294975)
[ThermalLumped] 内热源 Q_rxn+Q_ohm+Q_rev = 0.6507842379101152 W (nd=5.068763598742835)
[ThermalLumped] 内热源 Q_rxn+Q_ohm+Q_rev = 0.6517759599259919 W (nd=5.076487824624966)
[ThermalLumped] 内热源 Q_rxn+Q_ohm+Q_rev = 0.6528004641210449 W (nd=5.084467381086443)
[ThermalLumped] 内热源 Q_rxn+Q_ohm+Q_rev = 0.6538559686919165 W (nd=5.0926883901943505)
[ThermalLumped] 内热源 Q_rxn+Q_ohm+Q_rev = 0.654943353907339 W (nd=5.101157708098307)
[ThermalLumped] 内热源 Q_rxn+Q_ohm+Q_rev = 0.6560607450345749 W (nd=5.109860733066274)
[ThermalLumped] 内热源 Q_rxn+Q_ohm+Q_rev = 0.6572089258359692 W (nd=5.1188035695885175)
[ThermalLumped] 内热源 Q_rxn+Q_ohm+Q_rev = 0.6583859333846652 W (nd=5.127970929015406)
[ThermalLumped] 内热源 Q_rxn+Q_ohm+Q_rev = 0.6595924590830253 W (nd=5.13736819647295)
[ThermalLumped] 内热源 Q_rxn+Q_ohm+Q_rev = 0.6608264553378012 W (nd=5.146979423870342)
[ThermalLumped] 内热源 Q_rxn+Q_ohm+Q_rev = 0.6620885237416961 W (nd=5.156809296833046)
[ThermalLumped] 内热源 Q_rxn+Q_ohm+Q_rev = 0.6633765338376241 W (nd=5.166841221868628)
[ThermalLumped] 内热源 Q_rxn+Q_ohm+Q_rev = 0.6646909979774107 W (nd=5.177079189532073)
[ThermalLumped] 内热源 Q_rxn+Q_ohm+Q_rev = 0.6660297023814815 W (nd=5.187505957357031)
[ThermalLumped] 内热源 Q_rxn+Q_ohm+Q_rev = 0.6673930681667474 W (nd=5.198124805297047)
[ThermalLumped] 内热源 Q_rxn+Q_ohm+Q_rev = 0.6687787951133517 W (nd=5.208917817628294)
[ThermalLumped] 内热源 Q_rxn+Q_ohm+Q_rev = 0.6701872082681328 W (nd=5.2198875260432835)
[ThermalLumped] 内热源 Q_rxn+Q_ohm+Q_rev = 0.6716159150051207 W (nd=5.231015295094634)
[ThermalLumped] 内热源 Q_rxn+Q_ohm+Q_rev = 0.6730651365177909 W (nd=5.242302847592105)
[ThermalLumped] 内热源 Q_rxn+Q_ohm+Q_rev = 0.6745323788676341 W (nd=5.25373075899528)
[ThermalLumped] 内热源 Q_rxn+Q_ohm+Q_rev = 0.6760177485470379 W (nd=5.265299858741482)
[ThermalLumped] 内热源 Q_rxn+Q_ohm+Q_rev = 0.6775186382601956 W (nd=5.276989839384241)
[ThermalLumped] 内热源 Q_rxn+Q_ohm+Q_rev = 0.6790350255791415 W (nd=5.288800526238845)
[ThermalLumped] 内热源 Q_rxn+Q_ohm+Q_rev = 0.6805641742363513 W (nd=5.300710607336724)
[ThermalLumped] 内热源 Q_rxn+Q_ohm+Q_rev = 0.6821059147826031 W (nd=5.31271876288862)
[ThermalLumped] 内热源 Q_rxn+Q_ohm+Q_rev = 0.6836573622440311 W (nd=5.32480252269679)
[ThermalLumped] 内热源 Q_rxn+Q_ohm+Q_rev = 0.6852181776269733 W (nd=5.3369592464410855)
[ThermalLumped] 内热源 Q_rxn+Q_ohm+Q_rev = 0.686785302900757 W (nd=5.3491651160361045)
[ThermalLumped] 内热源 Q_rxn+Q_ohm+Q_rev = 0.6883582021611471 W (nd=5.361415957484198)
[ThermalLumped] 内热源 Q_rxn+Q_ohm+Q_rev = 0.6899336149970549 W (nd=5.373686376419489)
[ThermalLumped] 内热源 Q_rxn+Q_ohm+Q_rev = 0.6915107760794482 W (nd=5.385970411923271)
[ThermalLumped] 内热源 Q_rxn+Q_ohm+Q_rev = 0.6930861880355472 W (nd=5.398240824005995)
[ThermalLumped] 内热源 Q_rxn+Q_ohm+Q_rev = 0.6946588181915316 W (nd=5.410489569480436)
[ThermalLumped] 内热源 Q_rxn+Q_ohm+Q_rev = 0.6962248921736034 W (nd=5.4226872508790445)
[ThermalLumped] 内热源 Q_rxn+Q_ohm+Q_rev = 0.6977830665852033 W (nd=5.434823404888203)
[ThermalLumped] 内热源 Q_rxn+Q_ohm+Q_rev = 0.6993292447088416 W (nd=5.4468661234018505)
[ThermalLumped] 内热源 Q_rxn+Q_ohm+Q_rev = 0.7008617241364543 W (nd=5.458802146873241)
[ThermalLumped] 内热源 Q_rxn+Q_ohm+Q_rev = 0.7023760364404739 W (nd=5.4705966720577965)
[ThermalLumped] 内热源 Q_rxn+Q_ohm+Q_rev = 0.7038700689836782 W (nd=5.482233244256672)
[ThermalLumped] 内热源 Q_rxn+Q_ohm+Q_rev = 0.7053389309963504 W (nd=5.49367377072873)
[ThermalLumped] 内热源 Q_rxn+Q_ohm+Q_rev = 0.7067800495886569 W (nd=5.504898212005323)
[ThermalLumped] 内热源 Q_rxn+Q_ohm+Q_rev = 0.7081880654307785 W (nd=5.515864825870954)
[ThermalLumped] 内热源 Q_rxn+Q_ohm+Q_rev = 0.7095599039219387 W (nd=5.526549665180642)
[ThermalLumped] 内热源 Q_rxn+Q_ohm+Q_rev = 0.7108897049746709 W (nd=5.536907087467489)
[ThermalLumped] 内热源 Q_rxn+Q_ohm+Q_rev = 0.7121738717462084 W (nd=5.5469090780000005)
[ThermalLumped] 内热源 Q_rxn+Q_ohm+Q_rev = 0.7134060408766998 W (nd=5.556506074473342)
[ThermalLumped] 内热源 Q_rxn+Q_ohm+Q_rev = 0.7145821132184178 W (nd=5.565666149853058)
[ThermalLumped] 内热源 Q_rxn+Q_ohm+Q_rev = 0.7156952731772566 W (nd=5.5743362195170985)
[ThermalLumped] 内热源 Q_rxn+Q_ohm+Q_rev = 0.7167410082139825 W (nd=5.582481136648324)
[ThermalLumped] 内热源 Q_rxn+Q_ohm+Q_rev = 0.7177121882401144 W (nd=5.590045367122149)
[ThermalLumped] 内热源 Q_rxn+Q_ohm+Q_rev = 0.7186040825597128 W (nd=5.5969920649641605)
[ThermalLumped] 内热源 Q_rxn+Q_ohm+Q_rev = 0.7194095114831841 W (nd=5.603265309721557)
[ThermalLumped] 内热源 Q_rxn+Q_ohm+Q_rev = 0.7201238693599684 W (nd=5.608829229360956)
[ThermalLumped] 内热源 Q_rxn+Q_ohm+Q_rev = 0.7207403587563445 W (nd=5.613630880706104)
[ThermalLumped] 内热源 Q_rxn+Q_ohm+Q_rev = 0.7212550238929768 W (nd=5.617639453376029)
[ThermalLumped] 内热源 Q_rxn+Q_ohm+Q_rev = 0.7216620701366877 W (nd=5.620809814707693)
[ThermalLumped] 内热源 Q_rxn+Q_ohm+Q_rev = 0.7219589007801869 W (nd=5.623121739725409)
[ThermalLumped] 内热源 Q_rxn+Q_ohm+Q_rev = 0.7221415090364031 W (nd=5.624544020764223)
[ThermalLumped] 内热源 Q_rxn+Q_ohm+Q_rev = 0.7222094918908405 W (nd=5.62507351886488)
[ThermalLumped] 内热源 Q_rxn+Q_ohm+Q_rev = 0.7221614798081206 W (nd=5.624699567126326)
[ThermalLumped] 内热源 Q_rxn+Q_ohm+Q_rev = 0.722000079181183 W (nd=5.62344246596287)
[ThermalLumped] 内热源 Q_rxn+Q_ohm+Q_rev = 0.7217272852109862 W (nd=5.62131775539746)
[ThermalLumped] 内热源 Q_rxn+Q_ohm+Q_rev = 0.7213492916440652 W (nd=5.618373676667586)
[ThermalLumped] 内热源 Q_rxn+Q_ohm+Q_rev = 0.7208718296918226 W (nd=5.614654868463067)
[ThermalLumped] 内热源 Q_rxn+Q_ohm+Q_rev = 0.7203047952487975 W (nd=5.610238406943855)
[ThermalLumped] 内热源 Q_rxn+Q_ohm+Q_rev = 0.7196574826411417 W (nd=5.605196682833835)
[ThermalLumped] 内热源 Q_rxn+Q_ohm+Q_rev = 0.7189430200886524 W (nd=5.5996319479067065)
[ThermalLumped] 内热源 Q_rxn+Q_ohm+Q_rev = 0.7181735161901938 W (nd=5.59363851241398)
[ThermalLumped] 内热源 Q_rxn+Q_ohm+Q_rev = 0.7173643467513438 W (nd=5.5873361339021255)
[ThermalLumped] 内热源 Q_rxn+Q_ohm+Q_rev = 0.7165292785574605 W (nd=5.58083203774083)
[ThermalLumped] 内热源 Q_rxn+Q_ohm+Q_rev = 0.7156846856618649 W (nd=5.57425375652938)
[ThermalLumped] 内热源 Q_rxn+Q_ohm+Q_rev = 0.7148447314951042 W (nd=5.567711604988093)
[ThermalLumped] 内热源 Q_rxn+Q_ohm+Q_rev = 0.7140255911683504 W (nd=5.561331566215418)
[ThermalLumped] 内热源 Q_rxn+Q_ohm+Q_rev = 0.7132407532779397 W (nd=5.555218698850032)
[ThermalLumped] 内热源 Q_rxn+Q_ohm+Q_rev = 0.7125052936161386 W (nd=5.549490423724543)
[ThermalLumped] 内热源 Q_rxn+Q_ohm+Q_rev = 0.7118313193612549 W (nd=5.544241040026169)
[ThermalLumped] 内热源 Q_rxn+Q_ohm+Q_rev = 0.7112323013413749 W (nd=5.539575468002008)
[ThermalLumped] 内热源 Q_rxn+Q_ohm+Q_rev = 0.7107186481405953 W (nd=5.535574776997488)
[ThermalLumped] 内热源 Q_rxn+Q_ohm+Q_rev = 0.7103020769536685 W (nd=5.532330228734673)
[ThermalLumped] 内热源 Q_rxn+Q_ohm+Q_rev = 0.7099912853484275 W (nd=5.52990956596555)
[ThermalLumped] 内热源 Q_rxn+Q_ohm+Q_rev = 0.7097963300328962 W (nd=5.528391117378166)
[ThermalLumped] 内热源 Q_rxn+Q_ohm+Q_rev = 0.7097243595797902 W (nd=5.527830561065278)
[ThermalLumped] 内热源 Q_rxn+Q_ohm+Q_rev = 0.709783972592052 W (nd=5.528294868970973)
[ThermalLumped] 内热源 Q_rxn+Q_ohm+Q_rev = 0.7099809805724717 W (nd=5.529829305150652)
[ThermalLumped] 内热源 Q_rxn+Q_ohm+Q_rev = 0.7103227265761519 W (nd=5.532491062462158)
[ThermalLumped] 内热源 Q_rxn+Q_ohm+Q_rev = 0.7108138585726638 W (nd=5.536316342548982)
[ThermalLumped] 内热源 Q_rxn+Q_ohm+Q_rev = 0.7114606022589538 W (nd=5.541353635500808)
[ThermalLumped] 内热源 Q_rxn+Q_ohm+Q_rev = 0.7122665377008502 W (nd=5.547630825378578)
[ThermalLumped] 内热源 Q_rxn+Q_ohm+Q_rev = 0.7132368315027191 W (nd=5.555188153316932)
[ThermalLumped] 内热源 Q_rxn+Q_ohm+Q_rev = 0.7143740189183776 W (nd=5.564045365648854)
[ThermalLumped] 内热源 Q_rxn+Q_ohm+Q_rev = 0.7156822063679367 W (nd=5.574234446051218)
[ThermalLumped] 内热源 Q_rxn+Q_ohm+Q_rev = 0.7171628629882502 W (nd=5.5857668371911515)
[ThermalLumped] 内热源 Q_rxn+Q_ohm+Q_rev = 0.7188190013081283 W (nd=5.598666002753672)
[ThermalLumped] 内热源 Q_rxn+Q_ohm+Q_rev = 0.7206509757014725 W (nd=5.612934702851007)
[ThermalLumped] 内热源 Q_rxn+Q_ohm+Q_rev = 0.722660639589957 W (nd=5.628587373229703)
[ThermalLumped] 内热源 Q_rxn+Q_ohm+Q_rev = 0.724847138766012 W (nd=5.645617360722731)
[ThermalLumped] 内热源 Q_rxn+Q_ohm+Q_rev = 0.7272110337801531 W (nd=5.664029031290239)
[ThermalLumped] 内热源 Q_rxn+Q_ohm+Q_rev = 0.7297500678572252 W (nd=5.683804807586173)
[ThermalLumped] 内热源 Q_rxn+Q_ohm+Q_rev = 0.732463233619924 W (nd=5.704936843450298)
[ThermalLumped] 内热源 Q_rxn+Q_ohm+Q_rev = 0.7353464859436011 W (nd=5.727393632617744)
[ThermalLumped] 内热源 Q_rxn+Q_ohm+Q_rev = 0.7383967202767495 W (nd=5.751150994666261)
[ThermalLumped] 内热源 Q_rxn+Q_ohm+Q_rev = 0.7416073872809918 W (nd=5.776157918759951)
[ThermalLumped] 内热源 Q_rxn+Q_ohm+Q_rev = 0.7449723321450141 W (nd=5.802366466916104)
[ThermalLumped] 内热源 Q_rxn+Q_ohm+Q_rev = 0.7484812469852045 W (nd=5.829696354115219)
[ThermalLumped] 内热源 Q_rxn+Q_ohm+Q_rev = 0.7521232938520414 W (nd=5.858063166813113)
[ThermalLumped] 内热源 Q_rxn+Q_ohm+Q_rev = 0.7558823025678965 W (nd=5.887340960337232)
[ThermalLumped] 内热源 Q_rxn+Q_ohm+Q_rev = 0.7597400717481487 W (nd=5.917387969551852)
[ThermalLumped] 内热源 Q_rxn+Q_ohm+Q_rev = 0.7636712034887096 W (nd=5.948006377785596)
[ThermalLumped] 内热源 Q_rxn+Q_ohm+Q_rev = 0.7676459878931193 W (nd=5.97896478354942)
[ThermalLumped] 内热源 Q_rxn+Q_ohm+Q_rev = 0.7716248433739114 W (nd=6.009954897708397)
[ThermalLumped] 内热源 Q_rxn+Q_ohm+Q_rev = 0.7755608916706699 W (nd=6.040611599526456)
[ThermalLumped] 内热源 Q_rxn+Q_ohm+Q_rev = 0.7793944009165887 W (nd=6.0704696553754385)
[ThermalLumped] 内热源 Q_rxn+Q_ohm+Q_rev = 0.7830559485505078 W (nd=6.098988353710039)
[ThermalLumped] 内热源 Q_rxn+Q_ohm+Q_rev = 0.786462578585509 W (nd=6.125521575183335)
[ThermalLumped] 内热源 Q_rxn+Q_ohm+Q_rev = 0.7895243558714024 W (nd=6.149368841835077)
[ThermalLumped] 内热源 Q_rxn+Q_ohm+Q_rev = 0.7921461967774666 W (nd=6.169789575731507)
[ThermalLumped] 内热源 Q_rxn+Q_ohm+Q_rev = 0.794242196772412 W (nd=6.186114692196316)
[ThermalLumped] 内热源 Q_rxn+Q_ohm+Q_rev = 0.7957458623789486 W (nd=6.197826293441562)
[ThermalLumped] 内热源 Q_rxn+Q_ohm+Q_rev = 0.7966296170422018 W (nd=6.2047095939371335)
[ThermalLumped] 内热源 Q_rxn+Q_ohm+Q_rev = 0.7969120129068417 W (nd=6.206909090783766)
[ThermalLumped] 内热源 Q_rxn+Q_ohm+Q_rev = 0.7966627386115851 W (nd=6.204967567925197)
[ThermalLumped] 内热源 Q_rxn+Q_ohm+Q_rev = 0.795987361530789 W (nd=6.199707258035767)
[ThermalLumped] 内热源 Q_rxn+Q_ohm+Q_rev = 0.79501199950555 W (nd=6.192110455222896)
[ThermalLumped] 内热源 Q_rxn+Q_ohm+Q_rev = 0.7938604278410455 W (nd=6.183141208283036)
[ThermalLumped] 内热源 Q_rxn+Q_ohm+Q_rev = 0.7926453915028793 W (nd=6.173677653999938)
[ThermalLumped] 内热源 Q_rxn+Q_ohm+Q_rev = 0.7914594819005307 W (nd=6.164440959142228)
[ThermalLumped] 内热源 Q_rxn+Q_ohm+Q_rev = 0.7903785324343247 W (nd=6.156021767362198)
[ThermalLumped] 内热源 Q_rxn+Q_ohm+Q_rev = 0.7894596660304166 W (nd=6.14886499203034)
[ThermalLumped] 内热源 Q_rxn+Q_ohm+Q_rev = 0.788747733664019 W (nd=6.143319963965199)
[ThermalLumped] 内热源 Q_rxn+Q_ohm+Q_rev = 0.7882742958165662 W (nd=6.13963249830816)
[ThermalLumped] 内热源 Q_rxn+Q_ohm+Q_rev = 0.7880637635052055 W (nd=6.137992725163667)
[ThermalLumped] 内热源 Q_rxn+Q_ohm+Q_rev = 0.7881316364632364 W (nd=6.138521367314114)
[ThermalLumped] 内热源 Q_rxn+Q_ohm+Q_rev = 0.7884896561050928 W (nd=6.14130987512141)
[ThermalLumped] 内热源 Q_rxn+Q_ohm+Q_rev = 0.7891431887908196 W (nd=6.146400045557371)
[ThermalLumped] 内热源 Q_rxn+Q_ohm+Q_rev = 0.7900955591716802 W (nd=6.1538177733353665)
[ThermalLumped] 内热源 Q_rxn+Q_ohm+Q_rev = 0.7913448447605377 W (nd=6.163548084778634)
[ThermalLumped] 内热源 Q_rxn+Q_ohm+Q_rev = 0.7928876954945642 W (nd=6.175564887250742)
[ThermalLumped] 内热源 Q_rxn+Q_ohm+Q_rev = 0.794715845880687 W (nd=6.189803803300652)
[ThermalLumped] 内热源 Q_rxn+Q_ohm+Q_rev = 0.7968197336434326 W (nd=6.2061903552274345)
[ThermalLumped] 内热源 Q_rxn+Q_ohm+Q_rev = 0.7991850501289758 W (nd=6.224613097210137)
[ThermalLumped] 内热源 Q_rxn+Q_ohm+Q_rev = 0.8017965001377904 W (nd=6.244952899518692)
[ThermalLumped] 内热源 Q_rxn+Q_ohm+Q_rev = 0.8046347353867391 W (nd=6.267059064168192)
[ThermalLumped] 内热源 Q_rxn+Q_ohm+Q_rev = 0.807680575816551 W (nd=6.290782203419058)
[ThermalLumped] 内热源 Q_rxn+Q_ohm+Q_rev = 0.8109125563006292 W (nd=6.315955131826406)
[ThermalLumped] 内热源 Q_rxn+Q_ohm+Q_rev = 0.8143116788146363 W (nd=6.342429879466263)
[ThermalLumped] 内热源 Q_rxn+Q_ohm+Q_rev = 0.8178594066565456 W (nd=6.370062069516016)
[ThermalLumped] 内热源 Q_rxn+Q_ohm+Q_rev = 0.8215425186433712 W (nd=6.398748726139519)
[ThermalLumped] 内热源 Q_rxn+Q_ohm+Q_rev = 0.8253508993918454 W (nd=6.428411063644818)
[ThermalLumped] 内热源 Q_rxn+Q_ohm+Q_rev = 0.8292817547945778 W (nd=6.459027319565944)
[ThermalLumped] 内热源 Q_rxn+Q_ohm+Q_rev = 0.8333365645806821 W (nd=6.490609019069967)
[ThermalLumped] 内热源 Q_rxn+Q_ohm+Q_rev = 0.8375243247671206 W (nd=6.523226229439798)
[ThermalLumped] 内热源 Q_rxn+Q_ohm+Q_rev = 0.8418577304551266 W (nd=6.556977829018311)
[ThermalLumped] 内热源 Q_rxn+Q_ohm+Q_rev = 0.8463558748339219 W (nd=6.592012528940279)
[ThermalLumped] 内热源 Q_rxn+Q_ohm+Q_rev = 0.8510402947700655 W (nd=6.62849807341167)
[ThermalLumped] 内热源 Q_rxn+Q_ohm+Q_rev = 0.8559377671244824 W (nd=6.666643019385834)
[ThermalLumped] 内热源 Q_rxn+Q_ohm+Q_rev = 0.8610767307532181 W (nd=6.706668868598542)
[ThermalLumped] 内热源 Q_rxn+Q_ohm+Q_rev = 0.8664905225135865 W (nd=6.748835271851106)
[ThermalLumped] 内热源 Q_rxn+Q_ohm+Q_rev = 0.8722143762806231 W (nd=6.793416655247931)
[ThermalLumped] 内热源 Q_rxn+Q_ohm+Q_rev = 0.8782892135267729 W (nd=6.8407317438869155)
[ThermalLumped] 内热源 Q_rxn+Q_ohm+Q_rev = 0.8847593127315354 W (nd=6.891125409588888)
[ThermalLumped] 内热源 Q_rxn+Q_ohm+Q_rev = 0.8916767858513551 W (nd=6.9450035367814325)
[ThermalLumped] 内热源 Q_rxn+Q_ohm+Q_rev = 0.899100146685636 W (nd=7.002821871930375)
[ThermalLumped] 内热源 Q_rxn+Q_ohm+Q_rev = 0.9070998592803833 W (nd=7.065129238394681)
finish the simulation
