===== JuBat Debug Log 1763571917 =====

[DEBUG] Solve: 检查初始状态向量 y0
  长度: 126052
  ✓ 初始状态向量正常
  初始温度均值: 1.0

[DEBUG] 温度场基本信息 (时间 t=0.0):
  T_nodes 长度: 5044
  T_nodes 范围: [1.0, 1.0]
  T_nodes 均值: 1.0
  ✓ 温度场正常

[DEBUG] 热矩阵装配信息:
  时间尺度比 t_ratio = t_th/t0 = 1.6044376766430615
  t_th = 5775.9756359150215 s
  t0 = 3600.0 s
  MT 维度: (5044, 5044)
  KT 维度: (5044, 5044)
  FT 长度: 5044
  FT 范围: [2.447114396083643e-13, 7.962864143181544e-12]
  FT 均值: 4.224960966013096e-12
  热源范围: [7.0336306695084435e-9, 7.0336306695485055e-9]
  热源均值: 7.033630669528362e-9

[Solve] 初始化完成
  初始电压: 4.180439236393235 V
  电压范围: [2.5, 4.2] V
  初始 t: 0.0 s
  目标 t_end: 30.0 s
  dt_min: 0.01 s, dt_max: 0.5 s
start to solve the problem 

[DEBUG] 温度场基本信息 (时间 t=2.777777777777778e-6):
  T_nodes 长度: 5044
  T_nodes 范围: [0.9999999999999984, 1.000000000000002]
  T_nodes 均值: 1.0
  ✓ 温度场正常

[DEBUG] 温度场基本信息 (时间 t=8.333333333333334e-6):
  T_nodes 长度: 5044
  T_nodes 范围: [1.00000000000001, 1.0000000000000142]
  T_nodes 均值: 1.0000000000000122
  ✓ 温度场正常

[DEBUG] 温度场基本信息 (时间 t=1.9444444444444445e-5):
  T_nodes 长度: 5044
  T_nodes 范围: [1.000000000000032, 1.0000000000000409]
  T_nodes 均值: 1.000000000000036
  ✓ 温度场正常

[DEBUG] 温度场基本信息 (时间 t=4.166666666666667e-5):
  T_nodes 长度: 5044
  T_nodes 范围: [1.0000000000000744, 1.0000000000000961]
  T_nodes 均值: 1.0000000000000855
  ✓ 温度场正常

[DEBUG] 温度场基本信息 (时间 t=8.611111111111112e-5):
  T_nodes 长度: 5044
  T_nodes 范围: [1.000000000000163, 1.0000000000002032]
  T_nodes 均值: 1.0000000000001827
  ✓ 温度场正常

[DEBUG] 温度场基本信息 (时间 t=0.00017500000000000003):
  T_nodes 长度: 5044
  T_nodes 范围: [1.0000000000003393, 1.000000000000424]
  T_nodes 均值: 1.0000000000003773
  ✓ 温度场正常

[DEBUG] 温度场基本信息 (时间 t=0.00031388888888888894):
  T_nodes 长度: 5044
  T_nodes 范围: [1.000000000000675, 1.0000000000008533]
  T_nodes 均值: 1.000000000000767
  ✓ 温度场正常

[DEBUG] 温度场基本信息 (时间 t=0.00045277777777777786):
  T_nodes 长度: 5044
  T_nodes 范围: [1.0000000000011637, 1.00000000000152]
  T_nodes 均值: 1.0000000000013753
  ✓ 温度场正常

[DEBUG] 温度场基本信息 (时间 t=0.0005916666666666668):
  T_nodes 长度: 5044
  T_nodes 范围: [1.0000000000015616, 1.000000000002186]
  T_nodes 均值: 1.0000000000019835
  ✓ 温度场正常

[DEBUG] 温度场基本信息 (时间 t=0.0007305555555555557):
  T_nodes 长度: 5044
  T_nodes 范围: [1.0000000000018983, 1.0000000000028355]
  T_nodes 均值: 1.0000000000025915
  ✓ 温度场正常

[DEBUG] 温度场基本信息 (时间 t=0.0008694444444444446):
  T_nodes 长度: 5044
  T_nodes 范围: [1.000000000002188, 1.0000000000034872]
  T_nodes 均值: 1.0000000000031988
  ✓ 温度场正常

[DEBUG] 温度场基本信息 (时间 t=0.0010083333333333335):
  T_nodes 长度: 5044
  T_nodes 范围: [1.0000000000024334, 1.0000000000041513]
  T_nodes 均值: 1.0000000000038063
  ✓ 温度场正常

[DEBUG] 温度场基本信息 (时间 t=0.0011472222222222224):
  T_nodes 长度: 5044
  T_nodes 范围: [1.0000000000026483, 1.000000000004814]
  T_nodes 均值: 1.0000000000044134
  ✓ 温度场正常

[DEBUG] 温度场基本信息 (时间 t=0.0012861111111111114):
  T_nodes 长度: 5044
  T_nodes 范围: [1.0000000000028304, 1.0000000000054807]
  T_nodes 均值: 1.0000000000050202
  ✓ 温度场正常

[DEBUG] 温度场基本信息 (时间 t=0.0014250000000000003):
  T_nodes 长度: 5044
  T_nodes 范围: [1.0000000000029856, 1.0000000000061369]
  T_nodes 均值: 1.0000000000056273
  ✓ 温度场正常

[DEBUG] 温度场基本信息 (时间 t=0.0015638888888888892):
  T_nodes 长度: 5044
  T_nodes 范围: [1.0000000000031188, 1.0000000000067852]
  T_nodes 均值: 1.0000000000062337
  ✓ 温度场正常

[DEBUG] 温度场基本信息 (时间 t=0.001702777777777778):
  T_nodes 长度: 5044
  T_nodes 范围: [1.000000000003236, 1.0000000000074407]
  T_nodes 均值: 1.0000000000068403
  ✓ 温度场正常

[DEBUG] 温度场基本信息 (时间 t=0.001841666666666667):
  T_nodes 长度: 5044
  T_nodes 范围: [1.0000000000033338, 1.0000000000080955]
  T_nodes 均值: 1.0000000000074465
  ✓ 温度场正常

[DEBUG] 温度场基本信息 (时间 t=0.0019805555555555557):
  T_nodes 长度: 5044
  T_nodes 范围: [1.0000000000034168, 1.0000000000087403]
  T_nodes 均值: 1.0000000000080527
  ✓ 温度场正常

[DEBUG] 温度场基本信息 (时间 t=0.0021194444444444446):
  T_nodes 长度: 5044
  T_nodes 范围: [1.0000000000034883, 1.0000000000093985]
  T_nodes 均值: 1.0000000000086589
  ✓ 温度场正常

[DEBUG] 温度场基本信息 (时间 t=0.0022583333333333335):
  T_nodes 长度: 5044
  T_nodes 范围: [1.000000000003553, 1.0000000000100573]
  T_nodes 均值: 1.000000000009265
  ✓ 温度场正常

[DEBUG] 温度场基本信息 (时间 t=0.0023972222222222225):
  T_nodes 长度: 5044
  T_nodes 范围: [1.0000000000036067, 1.0000000000107208]
  T_nodes 均值: 1.0000000000098708
  ✓ 温度场正常

[DEBUG] 温度场基本信息 (时间 t=0.0025361111111111114):
  T_nodes 长度: 5044
  T_nodes 范围: [1.0000000000036557, 1.0000000000113691]
  T_nodes 均值: 1.000000000010477
  ✓ 温度场正常

[DEBUG] 温度场基本信息 (时间 t=0.0026750000000000003):
  T_nodes 长度: 5044
  T_nodes 范围: [1.000000000003696, 1.0000000000120273]
  T_nodes 均值: 1.0000000000110822
  ✓ 温度场正常

[DEBUG] 温度场基本信息 (时间 t=0.002813888888888889):
  T_nodes 长度: 5044
  T_nodes 范围: [1.0000000000037297, 1.000000000012694]
  T_nodes 均值: 1.0000000000116878
  ✓ 温度场正常

[DEBUG] 温度场基本信息 (时间 t=0.002952777777777778):
  T_nodes 长度: 5044
  T_nodes 范围: [1.0000000000037614, 1.0000000000133549]
  T_nodes 均值: 1.0000000000122937
  ✓ 温度场正常

[DEBUG] 温度场基本信息 (时间 t=0.003091666666666667):
  T_nodes 长度: 5044
  T_nodes 范围: [1.0000000000037892, 1.0000000000139992]
  T_nodes 均值: 1.0000000000128992
  ✓ 温度场正常

[DEBUG] 温度场基本信息 (时间 t=0.003230555555555556):
  T_nodes 长度: 5044
  T_nodes 范围: [1.0000000000038107, 1.000000000014656]
  T_nodes 均值: 1.0000000000135048
  ✓ 温度场正常

[DEBUG] 温度场基本信息 (时间 t=0.003369444444444445):
  T_nodes 长度: 5044
  T_nodes 范围: [1.0000000000038287, 1.0000000000152978]
  T_nodes 均值: 1.00000000001411
  ✓ 温度场正常

[DEBUG] 温度场基本信息 (时间 t=0.003508333333333334):
  T_nodes 长度: 5044
  T_nodes 范围: [1.0000000000038463, 1.0000000000159732]
  T_nodes 均值: 1.0000000000147151
  ✓ 温度场正常

[DEBUG] 温度场基本信息 (时间 t=0.0036472222222222227):
  T_nodes 长度: 5044
  T_nodes 范围: [1.0000000000038622, 1.0000000000166225]
  T_nodes 均值: 1.0000000000153204
  ✓ 温度场正常

[DEBUG] 温度场基本信息 (时间 t=0.0037861111111111116):
  T_nodes 长度: 5044
  T_nodes 范围: [1.0000000000038731, 1.0000000000172675]
  T_nodes 均值: 1.0000000000159255
  ✓ 温度场正常

[DEBUG] 温度场基本信息 (时间 t=0.0039250000000000005):
  T_nodes 长度: 5044
  T_nodes 范围: [1.0000000000038853, 1.0000000000179137]
  T_nodes 均值: 1.0000000000165303
  ✓ 温度场正常

[DEBUG] 温度场基本信息 (时间 t=0.0040638888888888895):
  T_nodes 长度: 5044
  T_nodes 范围: [1.0000000000038975, 1.0000000000185745]
  T_nodes 均值: 1.0000000000171354
  ✓ 温度场正常

[DEBUG] 温度场基本信息 (时间 t=0.004202777777777778):
  T_nodes 长度: 5044
  T_nodes 范围: [1.0000000000039098, 1.0000000000192282]
  T_nodes 均值: 1.0000000000177405
  ✓ 温度场正常

[DEBUG] 温度场基本信息 (时间 t=0.004341666666666667):
  T_nodes 长度: 5044
  T_nodes 范围: [1.000000000003916, 1.0000000000198872]
  T_nodes 均值: 1.0000000000183458
  ✓ 温度场正常

[DEBUG] 温度场基本信息 (时间 t=0.004480555555555556):
  T_nodes 长度: 5044
  T_nodes 范围: [1.0000000000039246, 1.0000000000205296]
  T_nodes 均值: 1.0000000000189506
  ✓ 温度场正常

[DEBUG] 温度场基本信息 (时间 t=0.004619444444444445):
  T_nodes 长度: 5044
  T_nodes 范围: [1.0000000000039317, 1.000000000021176]
  T_nodes 均值: 1.0000000000195552
  ✓ 温度场正常

[DEBUG] 温度场基本信息 (时间 t=0.004758333333333334):
  T_nodes 长度: 5044
  T_nodes 范围: [1.0000000000039353, 1.0000000000218439]
  T_nodes 均值: 1.0000000000201603
  ✓ 温度场正常

[DEBUG] 温度场基本信息 (时间 t=0.004897222222222223):
  T_nodes 长度: 5044
  T_nodes 范围: [1.0000000000039402, 1.000000000022502]
  T_nodes 均值: 1.0000000000207654
  ✓ 温度场正常

[DEBUG] 温度场基本信息 (时间 t=0.005036111111111112):
  T_nodes 长度: 5044
  T_nodes 范围: [1.0000000000039462, 1.0000000000231608]
  T_nodes 均值: 1.0000000000213698
  ✓ 温度场正常

[DEBUG] 温度场基本信息 (时间 t=0.005175000000000001):
  T_nodes 长度: 5044
  T_nodes 范围: [1.0000000000039517, 1.0000000000238072]
  T_nodes 均值: 1.000000000021975
  ✓ 温度场正常

[DEBUG] 温度场基本信息 (时间 t=0.00531388888888889):
  T_nodes 长度: 5044
  T_nodes 范围: [1.0000000000039584, 1.0000000000244575]
  T_nodes 均值: 1.0000000000225797
  ✓ 温度场正常

[DEBUG] 温度场基本信息 (时间 t=0.005452777777777779):
  T_nodes 长度: 5044
  T_nodes 范围: [1.0000000000039613, 1.0000000000251055]
  T_nodes 均值: 1.0000000000231846
  ✓ 温度场正常

[DEBUG] 温度场基本信息 (时间 t=0.0055916666666666675):
  T_nodes 长度: 5044
  T_nodes 范围: [1.000000000003968, 1.0000000000257565]
  T_nodes 均值: 1.0000000000237894
  ✓ 温度场正常

[DEBUG] 温度场基本信息 (时间 t=0.0057305555555555564):
  T_nodes 长度: 5044
  T_nodes 范围: [1.0000000000039697, 1.0000000000264162]
  T_nodes 均值: 1.0000000000243938
  ✓ 温度场正常

[DEBUG] 温度场基本信息 (时间 t=0.005869444444444445):
  T_nodes 长度: 5044
  T_nodes 范围: [1.0000000000039733, 1.0000000000270581]
  T_nodes 均值: 1.0000000000249984
  ✓ 温度场正常

[DEBUG] 温度场基本信息 (时间 t=0.006008333333333334):
  T_nodes 长度: 5044
  T_nodes 范围: [1.0000000000039753, 1.0000000000277196]
  T_nodes 均值: 1.000000000025603
  ✓ 温度场正常

[DEBUG] 温度场基本信息 (时间 t=0.006147222222222223):
  T_nodes 长度: 5044
  T_nodes 范围: [1.0000000000039755, 1.000000000028368]
  T_nodes 均值: 1.0000000000262077
  ✓ 温度场正常

[DEBUG] 温度场基本信息 (时间 t=0.006286111111111112):
  T_nodes 长度: 5044
  T_nodes 范围: [1.000000000003977, 1.000000000029013]
  T_nodes 均值: 1.0000000000268123
  ✓ 温度场正常

[DEBUG] 温度场基本信息 (时间 t=0.006425000000000001):
  T_nodes 长度: 5044
  T_nodes 范围: [1.0000000000039788, 1.0000000000296647]
  T_nodes 均值: 1.0000000000274172
  ✓ 温度场正常

[DEBUG] 温度场基本信息 (时间 t=0.00656388888888889):
  T_nodes 长度: 5044
  T_nodes 范围: [1.0000000000039786, 1.0000000000303]
  T_nodes 均值: 1.0000000000280216
  ✓ 温度场正常

[DEBUG] 温度场基本信息 (时间 t=0.006702777777777779):
  T_nodes 长度: 5044
  T_nodes 范围: [1.0000000000039828, 1.0000000000309575]
  T_nodes 均值: 1.0000000000286262
  ✓ 温度场正常

[DEBUG] 温度场基本信息 (时间 t=0.006841666666666668):
  T_nodes 长度: 5044
  T_nodes 范围: [1.000000000003982, 1.0000000000316176]
  T_nodes 均值: 1.0000000000292308
  ✓ 温度场正常

[DEBUG] 温度场基本信息 (时间 t=0.006980555555555557):
  T_nodes 长度: 5044
  T_nodes 范围: [1.000000000003985, 1.00000000003227]
  T_nodes 均值: 1.0000000000298355
  ✓ 温度场正常

[DEBUG] 温度场基本信息 (时间 t=0.007119444444444446):
  T_nodes 长度: 5044
  T_nodes 范围: [1.0000000000039873, 1.0000000000329068]
  T_nodes 均值: 1.0000000000304399
  ✓ 温度场正常

[DEBUG] 温度场基本信息 (时间 t=0.0072583333333333345):
  T_nodes 长度: 5044
  T_nodes 范围: [1.0000000000039901, 1.0000000000335483]
  T_nodes 均值: 1.0000000000310443
  ✓ 温度场正常

[DEBUG] 温度场基本信息 (时间 t=0.0073972222222222234):
  T_nodes 长度: 5044
  T_nodes 范围: [1.0000000000039908, 1.0000000000342064]
  T_nodes 均值: 1.0000000000316491
  ✓ 温度场正常

[DEBUG] 温度场基本信息 (时间 t=0.007536111111111112):
  T_nodes 长度: 5044
  T_nodes 范围: [1.0000000000039895, 1.0000000000348472]
  T_nodes 均值: 1.0000000000322535
  ✓ 温度场正常

[DEBUG] 温度场基本信息 (时间 t=0.007675000000000001):
  T_nodes 长度: 5044
  T_nodes 范围: [1.0000000000039861, 1.0000000000355063]
  T_nodes 均值: 1.0000000000328582
  ✓ 温度场正常

[DEBUG] 温度场基本信息 (时间 t=0.00781388888888889):
  T_nodes 长度: 5044
  T_nodes 范围: [1.0000000000039886, 1.0000000000361702]
  T_nodes 均值: 1.0000000000334623
  ✓ 温度场正常

[DEBUG] 温度场基本信息 (时间 t=0.007952777777777777):
  T_nodes 长度: 5044
  T_nodes 范围: [1.0000000000039861, 1.000000000036806]
  T_nodes 均值: 1.0000000000340672
  ✓ 温度场正常

[DEBUG] 温度场基本信息 (时间 t=0.008091666666666665):
  T_nodes 长度: 5044
  T_nodes 范围: [1.0000000000039881, 1.0000000000374487]
  T_nodes 均值: 1.0000000000346716
  ✓ 温度场正常

[DEBUG] 温度场基本信息 (时间 t=0.008230555555555553):
  T_nodes 长度: 5044
  T_nodes 范围: [1.0000000000039866, 1.000000000038087]
  T_nodes 均值: 1.000000000035276
  ✓ 温度场正常

[DEBUG] 温度场基本信息 (时间 t=0.008333333333333333):
  T_nodes 长度: 5044
  T_nodes 范围: [1.0000000000039877, 1.0000000000387437]
  T_nodes 均值: 1.0000000000358804
  ✓ 温度场正常
finish the simulation
